::ffff:192.168.15.205 - - [21/Feb/2023:01:37:39 +0000] "POST /login HTTP/1.1" 200 55 "-" "PostmanRuntime/7.31.0"
::ffff:192.168.15.205 - - [21/Feb/2023:01:38:05 +0000] "POST /login HTTP/1.1" 200 55 "-" "PostmanRuntime/7.31.0"
::ffff:192.168.15.205 - - [21/Feb/2023:01:39:02 +0000] "POST /login HTTP/1.1" 200 55 "-" "PostmanRuntime/7.31.0"
::ffff:192.168.15.139 - - [21/Feb/2023:01:40:23 +0000] "GET /api/user/getall HTTP/1.1" 200 41 "http://localhost:3000/following" "Mozilla/5.0 (Windows NT 10.0; Win64; x64) AppleWebKit/537.36 (KHTML, like Gecko) Chrome/109.0.0.0 Safari/537.36"
::ffff:192.168.15.139 - - [21/Feb/2023:01:40:23 +0000] "GET /api/user/getall HTTP/1.1" 304 - "http://localhost:3000/following" "Mozilla/5.0 (Windows NT 10.0; Win64; x64) AppleWebKit/537.36 (KHTML, like Gecko) Chrome/109.0.0.0 Safari/537.36"
::ffff:192.168.15.205 - - [21/Feb/2023:01:40:56 +0000] "GET /api/user/getall HTTP/1.1" 200 41 "-" "PostmanRuntime/7.31.0"
::ffff:192.168.15.205 - - [21/Feb/2023:01:41:03 +0000] "GET /api/user/getall HTTP/1.1" 200 41 "-" "PostmanRuntime/7.31.0"
::ffff:192.168.15.205 - - [21/Feb/2023:01:41:28 +0000] "GET /api/user/getall HTTP/1.1" 200 796 "-" "PostmanRuntime/7.31.0"
::ffff:192.168.15.139 - - [21/Feb/2023:01:41:31 +0000] "GET /api/user/getall HTTP/1.1" 200 796 "http://localhost:3000/following" "Mozilla/5.0 (Windows NT 10.0; Win64; x64) AppleWebKit/537.36 (KHTML, like Gecko) Chrome/109.0.0.0 Safari/537.36"
::ffff:192.168.15.139 - - [21/Feb/2023:01:41:31 +0000] "GET /api/user/getall HTTP/1.1" 304 - "http://localhost:3000/following" "Mozilla/5.0 (Windows NT 10.0; Win64; x64) AppleWebKit/537.36 (KHTML, like Gecko) Chrome/109.0.0.0 Safari/537.36"
::ffff:192.168.15.205 - - [21/Feb/2023:01:41:42 +0000] "GET /api/user/getall HTTP/1.1" 200 796 "-" "PostmanRuntime/7.31.0"
::ffff:192.168.15.139 - - [21/Feb/2023:03:15:34 +0000] "GET /api/user/getall HTTP/1.1" 304 - "http://localhost:3000/following" "Mozilla/5.0 (Windows NT 10.0; Win64; x64) AppleWebKit/537.36 (KHTML, like Gecko) Chrome/109.0.0.0 Safari/537.36"
::ffff:192.168.15.139 - - [21/Feb/2023:03:15:34 +0000] "GET /api/user/getall HTTP/1.1" 304 - "http://localhost:3000/following" "Mozilla/5.0 (Windows NT 10.0; Win64; x64) AppleWebKit/537.36 (KHTML, like Gecko) Chrome/109.0.0.0 Safari/537.36"
::ffff:192.168.15.139 - - [21/Feb/2023:03:16:30 +0000] "GET /api/user/getall HTTP/1.1" 304 - "http://localhost:3000/following" "Mozilla/5.0 (Windows NT 10.0; Win64; x64) AppleWebKit/537.36 (KHTML, like Gecko) Chrome/109.0.0.0 Safari/537.36"
::ffff:192.168.15.139 - - [21/Feb/2023:03:17:02 +0000] "GET /api/user/getall HTTP/1.1" 304 - "http://localhost:3000/following" "Mozilla/5.0 (Windows NT 10.0; Win64; x64) AppleWebKit/537.36 (KHTML, like Gecko) Chrome/109.0.0.0 Safari/537.36"
::ffff:192.168.15.139 - - [21/Feb/2023:03:17:47 +0000] "GET /api/user/getall HTTP/1.1" 304 - "http://localhost:3000/following" "Mozilla/5.0 (Windows NT 10.0; Win64; x64) AppleWebKit/537.36 (KHTML, like Gecko) Chrome/109.0.0.0 Safari/537.36"
::ffff:192.168.15.139 - - [21/Feb/2023:03:32:39 +0000] "GET /api/user/getall HTTP/1.1" 304 - "http://localhost:3000/following" "Mozilla/5.0 (Windows NT 10.0; Win64; x64) AppleWebKit/537.36 (KHTML, like Gecko) Chrome/109.0.0.0 Safari/537.36"
::ffff:192.168.15.139 - - [21/Feb/2023:03:32:39 +0000] "GET /api/user/getall HTTP/1.1" 304 - "http://localhost:3000/following" "Mozilla/5.0 (Windows NT 10.0; Win64; x64) AppleWebKit/537.36 (KHTML, like Gecko) Chrome/109.0.0.0 Safari/537.36"
::ffff:192.168.15.139 - - [21/Feb/2023:03:40:12 +0000] "GET /api/user/getall HTTP/1.1" 304 - "http://localhost:3000/following" "Mozilla/5.0 (Windows NT 10.0; Win64; x64) AppleWebKit/537.36 (KHTML, like Gecko) Chrome/109.0.0.0 Safari/537.36"
::ffff:192.168.15.139 - - [21/Feb/2023:03:40:30 +0000] "GET /api/user/getall HTTP/1.1" 304 - "http://localhost:3000/following" "Mozilla/5.0 (Windows NT 10.0; Win64; x64) AppleWebKit/537.36 (KHTML, like Gecko) Chrome/109.0.0.0 Safari/537.36"
::ffff:192.168.15.139 - - [21/Feb/2023:03:40:30 +0000] "GET /api/user/getall HTTP/1.1" 304 - "http://localhost:3000/following" "Mozilla/5.0 (Windows NT 10.0; Win64; x64) AppleWebKit/537.36 (KHTML, like Gecko) Chrome/109.0.0.0 Safari/537.36"
::ffff:192.168.15.139 - - [21/Feb/2023:03:41:12 +0000] "GET /api/user/getall HTTP/1.1" 304 - "http://localhost:3000/following" "Mozilla/5.0 (Windows NT 10.0; Win64; x64) AppleWebKit/537.36 (KHTML, like Gecko) Chrome/109.0.0.0 Safari/537.36"
::ffff:192.168.15.139 - - [21/Feb/2023:03:41:58 +0000] "GET /api/user/getall HTTP/1.1" 304 - "http://localhost:3000/following" "Mozilla/5.0 (Windows NT 10.0; Win64; x64) AppleWebKit/537.36 (KHTML, like Gecko) Chrome/109.0.0.0 Safari/537.36"
::ffff:192.168.15.139 - - [21/Feb/2023:03:42:07 +0000] "GET /api/user/getall HTTP/1.1" 304 - "http://localhost:3000/following" "Mozilla/5.0 (Windows NT 10.0; Win64; x64) AppleWebKit/537.36 (KHTML, like Gecko) Chrome/109.0.0.0 Safari/537.36"
::ffff:192.168.15.139 - - [21/Feb/2023:03:42:07 +0000] "GET /api/user/getall HTTP/1.1" 304 - "http://localhost:3000/following" "Mozilla/5.0 (Windows NT 10.0; Win64; x64) AppleWebKit/537.36 (KHTML, like Gecko) Chrome/109.0.0.0 Safari/537.36"
::ffff:192.168.15.139 - - [21/Feb/2023:03:44:00 +0000] "GET /api/user/getall HTTP/1.1" 304 - "http://localhost:3000/following" "Mozilla/5.0 (Windows NT 10.0; Win64; x64) AppleWebKit/537.36 (KHTML, like Gecko) Chrome/109.0.0.0 Safari/537.36"
::ffff:192.168.15.139 - - [21/Feb/2023:03:44:00 +0000] "GET /api/user/getall HTTP/1.1" 304 - "http://localhost:3000/following" "Mozilla/5.0 (Windows NT 10.0; Win64; x64) AppleWebKit/537.36 (KHTML, like Gecko) Chrome/109.0.0.0 Safari/537.36"
::ffff:192.168.15.139 - - [21/Feb/2023:03:44:15 +0000] "GET /api/user/getall HTTP/1.1" 304 - "http://localhost:3000/following" "Mozilla/5.0 (Windows NT 10.0; Win64; x64) AppleWebKit/537.36 (KHTML, like Gecko) Chrome/109.0.0.0 Safari/537.36"
::ffff:192.168.15.139 - - [21/Feb/2023:03:44:45 +0000] "GET /api/user/getall HTTP/1.1" 304 - "http://localhost:3000/following" "Mozilla/5.0 (Windows NT 10.0; Win64; x64) AppleWebKit/537.36 (KHTML, like Gecko) Chrome/109.0.0.0 Safari/537.36"
::ffff:192.168.15.139 - - [21/Feb/2023:03:44:52 +0000] "GET /api/user/getall HTTP/1.1" 304 - "http://localhost:3000/following" "Mozilla/5.0 (Windows NT 10.0; Win64; x64) AppleWebKit/537.36 (KHTML, like Gecko) Chrome/109.0.0.0 Safari/537.36"
::ffff:192.168.15.139 - - [21/Feb/2023:03:46:30 +0000] "GET /api/user/getall HTTP/1.1" 304 - "http://localhost:3000/following" "Mozilla/5.0 (Windows NT 10.0; Win64; x64) AppleWebKit/537.36 (KHTML, like Gecko) Chrome/109.0.0.0 Safari/537.36"
::ffff:192.168.15.139 - - [21/Feb/2023:03:51:16 +0000] "GET /api/user/getall HTTP/1.1" 304 - "http://localhost:3000/following" "Mozilla/5.0 (Windows NT 10.0; Win64; x64) AppleWebKit/537.36 (KHTML, like Gecko) Chrome/109.0.0.0 Safari/537.36"
::ffff:192.168.15.139 - - [21/Feb/2023:03:51:16 +0000] "GET /api/user/getall HTTP/1.1" 304 - "http://localhost:3000/following" "Mozilla/5.0 (Windows NT 10.0; Win64; x64) AppleWebKit/537.36 (KHTML, like Gecko) Chrome/109.0.0.0 Safari/537.36"
::ffff:192.168.15.139 - - [21/Feb/2023:03:51:30 +0000] "GET /api/user/getall HTTP/1.1" 304 - "http://localhost:3000/following" "Mozilla/5.0 (Windows NT 10.0; Win64; x64) AppleWebKit/537.36 (KHTML, like Gecko) Chrome/109.0.0.0 Safari/537.36"
::ffff:192.168.15.139 - - [21/Feb/2023:03:51:48 +0000] "GET /api/user/getall HTTP/1.1" 304 - "http://localhost:3000/following" "Mozilla/5.0 (Windows NT 10.0; Win64; x64) AppleWebKit/537.36 (KHTML, like Gecko) Chrome/109.0.0.0 Safari/537.36"
::ffff:192.168.15.139 - - [21/Feb/2023:03:52:18 +0000] "GET /api/user/getall HTTP/1.1" 304 - "http://localhost:3000/following" "Mozilla/5.0 (Windows NT 10.0; Win64; x64) AppleWebKit/537.36 (KHTML, like Gecko) Chrome/109.0.0.0 Safari/537.36"
::ffff:192.168.15.139 - - [21/Feb/2023:03:52:23 +0000] "GET /api/user/getall HTTP/1.1" 304 - "http://localhost:3000/following" "Mozilla/5.0 (Windows NT 10.0; Win64; x64) AppleWebKit/537.36 (KHTML, like Gecko) Chrome/109.0.0.0 Safari/537.36"
::ffff:192.168.15.139 - - [21/Feb/2023:03:53:30 +0000] "GET /api/user/getall HTTP/1.1" 304 - "http://localhost:3000/following" "Mozilla/5.0 (Windows NT 10.0; Win64; x64) AppleWebKit/537.36 (KHTML, like Gecko) Chrome/109.0.0.0 Safari/537.36"
::ffff:192.168.15.139 - - [21/Feb/2023:03:54:22 +0000] "GET /api/user/getall HTTP/1.1" 304 - "http://localhost:3000/following" "Mozilla/5.0 (Windows NT 10.0; Win64; x64) AppleWebKit/537.36 (KHTML, like Gecko) Chrome/109.0.0.0 Safari/537.36"
::ffff:192.168.15.139 - - [21/Feb/2023:03:54:36 +0000] "GET /api/user/getall HTTP/1.1" 304 - "http://localhost:3000/following" "Mozilla/5.0 (Windows NT 10.0; Win64; x64) AppleWebKit/537.36 (KHTML, like Gecko) Chrome/109.0.0.0 Safari/537.36"
::ffff:192.168.15.139 - - [21/Feb/2023:03:58:02 +0000] "GET /api/user/getall HTTP/1.1" 304 - "http://localhost:3000/following" "Mozilla/5.0 (Windows NT 10.0; Win64; x64) AppleWebKit/537.36 (KHTML, like Gecko) Chrome/109.0.0.0 Safari/537.36"
::ffff:192.168.15.139 - - [21/Feb/2023:03:58:02 +0000] "GET /api/user/getall HTTP/1.1" 304 - "http://localhost:3000/following" "Mozilla/5.0 (Windows NT 10.0; Win64; x64) AppleWebKit/537.36 (KHTML, like Gecko) Chrome/109.0.0.0 Safari/537.36"
::ffff:192.168.15.139 - - [21/Feb/2023:04:02:33 +0000] "GET /api/user/getall HTTP/1.1" 304 - "http://localhost:3000/following" "Mozilla/5.0 (Windows NT 10.0; Win64; x64) AppleWebKit/537.36 (KHTML, like Gecko) Chrome/109.0.0.0 Safari/537.36"
::ffff:192.168.15.139 - - [21/Feb/2023:04:07:47 +0000] "GET /api/user/getall HTTP/1.1" 304 - "http://localhost:3000/following" "Mozilla/5.0 (Windows NT 10.0; Win64; x64) AppleWebKit/537.36 (KHTML, like Gecko) Chrome/109.0.0.0 Safari/537.36"
::ffff:192.168.15.139 - - [21/Feb/2023:04:25:49 +0000] "GET /api/user/getall HTTP/1.1" 304 - "http://localhost:3000/following" "Mozilla/5.0 (Windows NT 10.0; Win64; x64) AppleWebKit/537.36 (KHTML, like Gecko) Chrome/109.0.0.0 Safari/537.36"
::ffff:192.168.15.139 - - [21/Feb/2023:04:39:56 +0000] "GET /api/user/getall HTTP/1.1" 304 - "http://localhost:3000/following" "Mozilla/5.0 (Windows NT 10.0; Win64; x64) AppleWebKit/537.36 (KHTML, like Gecko) Chrome/109.0.0.0 Safari/537.36"
::ffff:192.168.15.139 - - [21/Feb/2023:04:39:56 +0000] "GET /api/user/getall HTTP/1.1" 304 - "http://localhost:3000/following" "Mozilla/5.0 (Windows NT 10.0; Win64; x64) AppleWebKit/537.36 (KHTML, like Gecko) Chrome/109.0.0.0 Safari/537.36"
::ffff:192.168.15.139 - - [21/Feb/2023:04:40:15 +0000] "GET /api/user/getall HTTP/1.1" 304 - "http://localhost:3000/following" "Mozilla/5.0 (Windows NT 10.0; Win64; x64) AppleWebKit/537.36 (KHTML, like Gecko) Chrome/109.0.0.0 Safari/537.36"
::ffff:192.168.15.139 - - [21/Feb/2023:04:40:27 +0000] "GET /api/user/getall HTTP/1.1" 304 - "http://localhost:3000/following" "Mozilla/5.0 (Linux; Android 6.0; Nexus 5 Build/MRA58N) AppleWebKit/537.36 (KHTML, like Gecko) Chrome/109.0.0.0 Mobile Safari/537.36"
::ffff:192.168.15.139 - - [21/Feb/2023:04:40:27 +0000] "GET /api/user/getall HTTP/1.1" 304 - "http://localhost:3000/following" "Mozilla/5.0 (Linux; Android 6.0; Nexus 5 Build/MRA58N) AppleWebKit/537.36 (KHTML, like Gecko) Chrome/109.0.0.0 Mobile Safari/537.36"
::ffff:192.168.15.139 - - [21/Feb/2023:04:41:21 +0000] "GET /api/user/getall HTTP/1.1" 304 - "http://localhost:3000/following" "Mozilla/5.0 (Linux; Android 6.0; Nexus 5 Build/MRA58N) AppleWebKit/537.36 (KHTML, like Gecko) Chrome/109.0.0.0 Mobile Safari/537.36"
::ffff:192.168.15.139 - - [21/Feb/2023:04:41:29 +0000] "GET /api/user/getall HTTP/1.1" 304 - "http://localhost:3000/following" "Mozilla/5.0 (Linux; Android 6.0; Nexus 5 Build/MRA58N) AppleWebKit/537.36 (KHTML, like Gecko) Chrome/109.0.0.0 Mobile Safari/537.36"
::ffff:192.168.15.139 - - [21/Feb/2023:04:43:21 +0000] "GET /api/user/getall HTTP/1.1" 304 - "http://localhost:3000/following" "Mozilla/5.0 (Linux; Android 6.0; Nexus 5 Build/MRA58N) AppleWebKit/537.36 (KHTML, like Gecko) Chrome/109.0.0.0 Mobile Safari/537.36"
::ffff:192.168.15.139 - - [21/Feb/2023:04:47:28 +0000] "GET /api/user/getall HTTP/1.1" 304 - "http://localhost:3000/following" "Mozilla/5.0 (Linux; Android 6.0; Nexus 5 Build/MRA58N) AppleWebKit/537.36 (KHTML, like Gecko) Chrome/109.0.0.0 Mobile Safari/537.36"
::ffff:192.168.15.139 - - [21/Feb/2023:04:49:34 +0000] "GET /api/user/getall HTTP/1.1" 304 - "http://localhost:3000/following" "Mozilla/5.0 (Linux; Android 6.0; Nexus 5 Build/MRA58N) AppleWebKit/537.36 (KHTML, like Gecko) Chrome/109.0.0.0 Mobile Safari/537.36"
::ffff:192.168.15.139 - - [21/Feb/2023:04:50:00 +0000] "GET /api/user/getall HTTP/1.1" 304 - "http://localhost:3000/following" "Mozilla/5.0 (Linux; Android 6.0; Nexus 5 Build/MRA58N) AppleWebKit/537.36 (KHTML, like Gecko) Chrome/109.0.0.0 Mobile Safari/537.36"
::ffff:192.168.15.139 - - [21/Feb/2023:04:51:05 +0000] "GET /api/user/getall HTTP/1.1" 304 - "http://localhost:3000/following" "Mozilla/5.0 (Linux; Android 6.0; Nexus 5 Build/MRA58N) AppleWebKit/537.36 (KHTML, like Gecko) Chrome/109.0.0.0 Mobile Safari/537.36"
::ffff:192.168.15.139 - - [21/Feb/2023:04:51:56 +0000] "GET /api/user/getall HTTP/1.1" 304 - "http://localhost:3000/following" "Mozilla/5.0 (Linux; Android 6.0; Nexus 5 Build/MRA58N) AppleWebKit/537.36 (KHTML, like Gecko) Chrome/109.0.0.0 Mobile Safari/537.36"
::ffff:192.168.15.139 - - [21/Feb/2023:04:53:01 +0000] "GET /api/user/getall HTTP/1.1" 304 - "http://localhost:3000/following" "Mozilla/5.0 (Linux; Android 6.0; Nexus 5 Build/MRA58N) AppleWebKit/537.36 (KHTML, like Gecko) Chrome/109.0.0.0 Mobile Safari/537.36"
::ffff:192.168.15.139 - - [21/Feb/2023:04:53:26 +0000] "GET /api/user/getall HTTP/1.1" 304 - "http://localhost:3000/following" "Mozilla/5.0 (Linux; Android 6.0; Nexus 5 Build/MRA58N) AppleWebKit/537.36 (KHTML, like Gecko) Chrome/109.0.0.0 Mobile Safari/537.36"
::ffff:192.168.15.139 - - [21/Feb/2023:04:54:23 +0000] "GET /api/user/getall HTTP/1.1" 304 - "http://localhost:3000/following" "Mozilla/5.0 (Linux; Android 6.0; Nexus 5 Build/MRA58N) AppleWebKit/537.36 (KHTML, like Gecko) Chrome/109.0.0.0 Mobile Safari/537.36"
::ffff:192.168.15.139 - - [21/Feb/2023:04:54:59 +0000] "GET /api/user/getall HTTP/1.1" 304 - "http://localhost:3000/following" "Mozilla/5.0 (Linux; Android 6.0; Nexus 5 Build/MRA58N) AppleWebKit/537.36 (KHTML, like Gecko) Chrome/109.0.0.0 Mobile Safari/537.36"
::ffff:192.168.15.139 - - [21/Feb/2023:04:55:46 +0000] "GET /api/user/getall HTTP/1.1" 304 - "http://localhost:3000/following" "Mozilla/5.0 (Windows NT 10.0; Win64; x64) AppleWebKit/537.36 (KHTML, like Gecko) Chrome/109.0.0.0 Safari/537.36"
::ffff:192.168.15.139 - - [21/Feb/2023:05:02:54 +0000] "GET /api/user/getall HTTP/1.1" 304 - "http://localhost:3000/following" "Mozilla/5.0 (Windows NT 10.0; Win64; x64) AppleWebKit/537.36 (KHTML, like Gecko) Chrome/109.0.0.0 Safari/537.36"
::ffff:192.168.15.139 - - [21/Feb/2023:05:02:54 +0000] "GET /api/user/getall HTTP/1.1" 304 - "http://localhost:3000/following" "Mozilla/5.0 (Windows NT 10.0; Win64; x64) AppleWebKit/537.36 (KHTML, like Gecko) Chrome/109.0.0.0 Safari/537.36"
::ffff:192.168.15.139 - - [21/Feb/2023:05:03:02 +0000] "GET /api/user/getall HTTP/1.1" 304 - "http://localhost:3000/following" "Mozilla/5.0 (Windows NT 10.0; Win64; x64) AppleWebKit/537.36 (KHTML, like Gecko) Chrome/109.0.0.0 Safari/537.36"
::ffff:192.168.15.139 - - [21/Feb/2023:05:03:02 +0000] "GET /api/user/getall HTTP/1.1" 304 - "http://localhost:3000/following" "Mozilla/5.0 (Windows NT 10.0; Win64; x64) AppleWebKit/537.36 (KHTML, like Gecko) Chrome/109.0.0.0 Safari/537.36"
::ffff:192.168.15.139 - - [21/Feb/2023:05:10:05 +0000] "GET /api/user/getall HTTP/1.1" 304 - "http://localhost:3000/following" "Mozilla/5.0 (Windows NT 10.0; Win64; x64) AppleWebKit/537.36 (KHTML, like Gecko) Chrome/109.0.0.0 Safari/537.36"
::ffff:192.168.15.139 - - [21/Feb/2023:08:14:38 +0000] "GET /api/user/getall HTTP/1.1" 304 - "http://localhost:3000/following" "Mozilla/5.0 (Windows NT 10.0; Win64; x64) AppleWebKit/537.36 (KHTML, like Gecko) Chrome/109.0.0.0 Safari/537.36"
::ffff:192.168.15.139 - - [21/Feb/2023:08:14:38 +0000] "GET /api/user/getall HTTP/1.1" 304 - "http://localhost:3000/following" "Mozilla/5.0 (Windows NT 10.0; Win64; x64) AppleWebKit/537.36 (KHTML, like Gecko) Chrome/109.0.0.0 Safari/537.36"
::ffff:192.168.15.139 - - [21/Feb/2023:08:30:51 +0000] "GET /api/user/getall HTTP/1.1" 304 - "http://localhost:3000/following" "Mozilla/5.0 (Windows NT 10.0; Win64; x64) AppleWebKit/537.36 (KHTML, like Gecko) Chrome/109.0.0.0 Safari/537.36"
::ffff:192.168.15.139 - - [21/Feb/2023:08:30:51 +0000] "GET /api/user/getall HTTP/1.1" 304 - "http://localhost:3000/following" "Mozilla/5.0 (Windows NT 10.0; Win64; x64) AppleWebKit/537.36 (KHTML, like Gecko) Chrome/109.0.0.0 Safari/537.36"
::ffff:192.168.15.139 - - [21/Feb/2023:08:31:04 +0000] "GET /api/user/getall HTTP/1.1" 304 - "http://localhost:3000/following" "Mozilla/5.0 (Windows NT 10.0; Win64; x64) AppleWebKit/537.36 (KHTML, like Gecko) Chrome/109.0.0.0 Safari/537.36"
::ffff:192.168.15.139 - - [21/Feb/2023:08:31:04 +0000] "GET /api/user/getall HTTP/1.1" 304 - "http://localhost:3000/following" "Mozilla/5.0 (Windows NT 10.0; Win64; x64) AppleWebKit/537.36 (KHTML, like Gecko) Chrome/109.0.0.0 Safari/537.36"
::ffff:192.168.15.139 - - [21/Feb/2023:08:31:23 +0000] "POST /login HTTP/1.1" 200 55 "http://localhost:3000/login" "Mozilla/5.0 (Windows NT 10.0; Win64; x64) AppleWebKit/537.36 (KHTML, like Gecko) Chrome/109.0.0.0 Safari/537.36"
::ffff:192.168.15.139 - - [21/Feb/2023:08:31:23 +0000] "GET /api/user/getall HTTP/1.1" 304 - "http://localhost:3000/following" "Mozilla/5.0 (Windows NT 10.0; Win64; x64) AppleWebKit/537.36 (KHTML, like Gecko) Chrome/109.0.0.0 Safari/537.36"
::ffff:192.168.15.139 - - [21/Feb/2023:08:31:23 +0000] "GET /api/user/getall HTTP/1.1" 304 - "http://localhost:3000/following" "Mozilla/5.0 (Windows NT 10.0; Win64; x64) AppleWebKit/537.36 (KHTML, like Gecko) Chrome/109.0.0.0 Safari/537.36"
::ffff:192.168.15.139 - - [21/Feb/2023:09:11:50 +0000] "GET /api/user/getall HTTP/1.1" 304 - "http://localhost:3000/following" "Mozilla/5.0 (Windows NT 10.0; Win64; x64) AppleWebKit/537.36 (KHTML, like Gecko) Chrome/109.0.0.0 Safari/537.36"
::ffff:192.168.15.139 - - [21/Feb/2023:09:12:48 +0000] "GET /api/user/getall HTTP/1.1" 304 - "http://localhost:3000/following" "Mozilla/5.0 (Windows NT 10.0; Win64; x64) AppleWebKit/537.36 (KHTML, like Gecko) Chrome/109.0.0.0 Safari/537.36"
::ffff:192.168.15.139 - - [21/Feb/2023:09:33:29 +0000] "GET /api/user/getall HTTP/1.1" 200 796 "-" "PostmanRuntime/7.31.0"
::ffff:192.168.15.205 - - [22/Feb/2023:01:02:36 +0000] "GET /api/user/getall HTTP/1.1" 200 51 "-" "PostmanRuntime/7.31.0"
::ffff:192.168.15.205 - - [22/Feb/2023:01:02:40 +0000] "POST /create_user HTTP/1.1" 201 59 "-" "PostmanRuntime/7.31.0"
::ffff:192.168.15.205 - - [22/Feb/2023:01:02:44 +0000] "GET /api/user/getall HTTP/1.1" 200 237 "-" "PostmanRuntime/7.31.0"
::ffff:192.168.15.161 - - [22/Feb/2023:01:04:27 +0000] "GET /api/user/getall HTTP/1.1" 200 237 "http://localhost:3000/user" "Mozilla/5.0 (Windows NT 10.0; Win64; x64) AppleWebKit/537.36 (KHTML, like Gecko) Chrome/110.0.0.0 Safari/537.36"
::ffff:192.168.15.161 - - [22/Feb/2023:01:04:27 +0000] "GET /api/user/getall HTTP/1.1" 304 - "http://localhost:3000/user" "Mozilla/5.0 (Windows NT 10.0; Win64; x64) AppleWebKit/537.36 (KHTML, like Gecko) Chrome/110.0.0.0 Safari/537.36"
::ffff:192.168.15.161 - - [22/Feb/2023:01:06:00 +0000] "GET /api/user/getall HTTP/1.1" 304 - "http://localhost:3000/user" "Mozilla/5.0 (Windows NT 10.0; Win64; x64) AppleWebKit/537.36 (KHTML, like Gecko) Chrome/110.0.0.0 Safari/537.36"
::ffff:192.168.15.161 - - [22/Feb/2023:01:06:00 +0000] "GET /api/user/getall HTTP/1.1" 304 - "http://localhost:3000/user" "Mozilla/5.0 (Windows NT 10.0; Win64; x64) AppleWebKit/537.36 (KHTML, like Gecko) Chrome/110.0.0.0 Safari/537.36"
::ffff:192.168.15.205 - - [22/Feb/2023:01:06:09 +0000] "GET /api/tables/ HTTP/1.1" 404 150 "-" "PostmanRuntime/7.31.0"
::ffff:192.168.15.161 - - [22/Feb/2023:01:06:47 +0000] "GET /api/user/getall HTTP/1.1" 304 - "http://localhost:3000/user" "Mozilla/5.0 (Windows NT 10.0; Win64; x64) AppleWebKit/537.36 (KHTML, like Gecko) Chrome/110.0.0.0 Safari/537.36"
::ffff:192.168.15.161 - - [22/Feb/2023:01:06:47 +0000] "GET /api/user/getall HTTP/1.1" 304 - "http://localhost:3000/user" "Mozilla/5.0 (Windows NT 10.0; Win64; x64) AppleWebKit/537.36 (KHTML, like Gecko) Chrome/110.0.0.0 Safari/537.36"
::ffff:192.168.15.205 - - [22/Feb/2023:01:06:57 +0000] "POST /api/table/create HTTP/1.1" 201 198 "-" "PostmanRuntime/7.31.0"
::ffff:192.168.15.205 - - [22/Feb/2023:01:22:59 +0000] "GET /api/table HTTP/1.1" 404 148 "-" "PostmanRuntime/7.31.0"
::ffff:192.168.15.205 - - [22/Feb/2023:01:23:06 +0000] "GET /api/table HTTP/1.1" 201 202 "-" "PostmanRuntime/7.31.0"
::ffff:192.168.15.161 - - [22/Feb/2023:01:23:52 +0000] "GET /api/user/getall HTTP/1.1" 200 237 "http://localhost:3000/user" "Mozilla/5.0 (Windows NT 10.0; Win64; x64) AppleWebKit/537.36 (KHTML, like Gecko) Chrome/110.0.0.0 Safari/537.36"
::ffff:192.168.15.205 - - [22/Feb/2023:01:24:32 +0000] "GET /api/table HTTP/1.1" 201 244 "-" "PostmanRuntime/7.31.0"
::ffff:192.168.15.161 - - [22/Feb/2023:01:27:01 +0000] "GET /api/user/getall HTTP/1.1" 304 - "http://localhost:3000/user" "Mozilla/5.0 (Windows NT 10.0; Win64; x64) AppleWebKit/537.36 (KHTML, like Gecko) Chrome/110.0.0.0 Safari/537.36"
::ffff:192.168.15.161 - - [22/Feb/2023:01:27:15 +0000] "GET /api/user/getall HTTP/1.1" 304 - "http://localhost:3000/user" "Mozilla/5.0 (Windows NT 10.0; Win64; x64) AppleWebKit/537.36 (KHTML, like Gecko) Chrome/110.0.0.0 Safari/537.36"
::ffff:192.168.15.205 - - [22/Feb/2023:01:29:12 +0000] "POST /api/table/drop/2 HTTP/1.1" 404 156 "-" "PostmanRuntime/7.31.0"
::ffff:192.168.15.205 - - [22/Feb/2023:01:30:08 +0000] "POST /api/table/drop/2 HTTP/1.1" 404 156 "-" "PostmanRuntime/7.31.0"
::ffff:192.168.15.205 - - [22/Feb/2023:01:30:40 +0000] "POST /api/table/drop HTTP/1.1" 201 216 "-" "PostmanRuntime/7.31.0"
::ffff:192.168.15.205 - - [22/Feb/2023:01:30:44 +0000] "GET /api/table HTTP/1.1" 201 125 "-" "PostmanRuntime/7.31.0"
::ffff:192.168.15.161 - - [22/Feb/2023:01:32:05 +0000] "GET /api/user/getall HTTP/1.1" 304 - "http://localhost:3000/user" "Mozilla/5.0 (Windows NT 10.0; Win64; x64) AppleWebKit/537.36 (KHTML, like Gecko) Chrome/110.0.0.0 Safari/537.36"
::ffff:192.168.15.161 - - [22/Feb/2023:01:32:56 +0000] "GET /api/user/getall HTTP/1.1" 304 - "http://localhost:3000/user" "Mozilla/5.0 (Windows NT 10.0; Win64; x64) AppleWebKit/537.36 (KHTML, like Gecko) Chrome/110.0.0.0 Safari/537.36"
::ffff:192.168.15.161 - - [22/Feb/2023:01:33:00 +0000] "GET /api/user/getall HTTP/1.1" 304 - "http://localhost:3000/user" "Mozilla/5.0 (Windows NT 10.0; Win64; x64) AppleWebKit/537.36 (KHTML, like Gecko) Chrome/110.0.0.0 Safari/537.36"
::ffff:192.168.15.161 - - [22/Feb/2023:01:38:48 +0000] "GET /api/user/getall HTTP/1.1" 304 - "http://localhost:3000/user" "Mozilla/5.0 (Windows NT 10.0; Win64; x64) AppleWebKit/537.36 (KHTML, like Gecko) Chrome/110.0.0.0 Safari/537.36"
::ffff:192.168.15.161 - - [22/Feb/2023:01:39:50 +0000] "GET /api/user/getall HTTP/1.1" 304 - "http://localhost:3000/user" "Mozilla/5.0 (Windows NT 10.0; Win64; x64) AppleWebKit/537.36 (KHTML, like Gecko) Chrome/110.0.0.0 Safari/537.36"
::ffff:192.168.15.161 - - [22/Feb/2023:01:39:50 +0000] "GET /api/user/getall HTTP/1.1" 304 - "http://localhost:3000/user" "Mozilla/5.0 (Windows NT 10.0; Win64; x64) AppleWebKit/537.36 (KHTML, like Gecko) Chrome/110.0.0.0 Safari/537.36"
::ffff:192.168.15.161 - - [22/Feb/2023:01:40:56 +0000] "GET /api/user/getall HTTP/1.1" 304 - "http://localhost:3000/user" "Mozilla/5.0 (Windows NT 10.0; Win64; x64) AppleWebKit/537.36 (KHTML, like Gecko) Chrome/110.0.0.0 Safari/537.36"
::ffff:192.168.15.161 - - [22/Feb/2023:01:45:49 +0000] "GET /api/user/getall HTTP/1.1" 304 - "http://localhost:3000/user" "Mozilla/5.0 (Windows NT 10.0; Win64; x64) AppleWebKit/537.36 (KHTML, like Gecko) Chrome/110.0.0.0 Safari/537.36"
::ffff:192.168.15.161 - - [22/Feb/2023:01:46:59 +0000] "GET /api/user/getall HTTP/1.1" 304 - "http://localhost:3000/user" "Mozilla/5.0 (Windows NT 10.0; Win64; x64) AppleWebKit/537.36 (KHTML, like Gecko) Chrome/110.0.0.0 Safari/537.36"
::ffff:192.168.15.161 - - [22/Feb/2023:01:47:08 +0000] "GET /api/user/getall HTTP/1.1" 304 - "http://localhost:3000/user" "Mozilla/5.0 (Windows NT 10.0; Win64; x64) AppleWebKit/537.36 (KHTML, like Gecko) Chrome/110.0.0.0 Safari/537.36"
::ffff:192.168.15.205 - - [22/Feb/2023:02:06:58 +0000] "GET /api/v1/tables HTTP/1.1" 404 152 "-" "PostmanRuntime/7.31.0"
::ffff:192.168.15.161 - - [22/Feb/2023:02:07:22 +0000] "GET /api/user/getall HTTP/1.1" 200 237 "http://localhost:3000/user" "Mozilla/5.0 (Windows NT 10.0; Win64; x64) AppleWebKit/537.36 (KHTML, like Gecko) Chrome/110.0.0.0 Safari/537.36"
::ffff:192.168.15.161 - - [22/Feb/2023:02:07:22 +0000] "GET /api/user/getall HTTP/1.1" 304 - "http://localhost:3000/user" "Mozilla/5.0 (Windows NT 10.0; Win64; x64) AppleWebKit/537.36 (KHTML, like Gecko) Chrome/110.0.0.0 Safari/537.36"
::ffff:192.168.15.161 - - [22/Feb/2023:02:07:51 +0000] "GET /api/user/getall HTTP/1.1" 304 - "http://localhost:3000/user" "Mozilla/5.0 (Windows NT 10.0; Win64; x64) AppleWebKit/537.36 (KHTML, like Gecko) Chrome/110.0.0.0 Safari/537.36"
::ffff:192.168.15.205 - - [22/Feb/2023:02:07:59 +0000] "GET /api/v1/tables HTTP/1.1" 500 1378 "-" "PostmanRuntime/7.31.0"
::ffff:192.168.15.161 - - [22/Feb/2023:02:08:43 +0000] "GET /api/user/getall HTTP/1.1" 304 - "http://localhost:3000/user" "Mozilla/5.0 (Windows NT 10.0; Win64; x64) AppleWebKit/537.36 (KHTML, like Gecko) Chrome/110.0.0.0 Safari/537.36"
::ffff:192.168.15.161 - - [22/Feb/2023:02:08:43 +0000] "GET /api/user/getall HTTP/1.1" 304 - "http://localhost:3000/user" "Mozilla/5.0 (Windows NT 10.0; Win64; x64) AppleWebKit/537.36 (KHTML, like Gecko) Chrome/110.0.0.0 Safari/537.36"
::ffff:192.168.15.205 - - [22/Feb/2023:02:08:53 +0000] "GET /api/v1/tables HTTP/1.1" 500 1378 "-" "PostmanRuntime/7.31.0"
::ffff:192.168.15.205 - - [22/Feb/2023:02:08:54 +0000] "GET /api/v1/tables HTTP/1.1" 500 1378 "-" "PostmanRuntime/7.31.0"
::ffff:192.168.15.205 - - [22/Feb/2023:02:09:59 +0000] "GET /api/tables/ HTTP/1.1" 500 1378 "-" "PostmanRuntime/7.31.0"
::ffff:192.168.15.205 - - [22/Feb/2023:02:10:00 +0000] "GET /api/tables/ HTTP/1.1" 500 1378 "-" "PostmanRuntime/7.31.0"
::ffff:192.168.15.205 - - [22/Feb/2023:02:13:00 +0000] "GET /api/tables HTTP/1.1" 500 1378 "-" "PostmanRuntime/7.31.0"
::ffff:192.168.15.161 - - [22/Feb/2023:02:15:05 +0000] "GET /api/user/getall HTTP/1.1" 304 - "http://localhost:3000/user" "Mozilla/5.0 (Windows NT 10.0; Win64; x64) AppleWebKit/537.36 (KHTML, like Gecko) Chrome/110.0.0.0 Safari/537.36"
::ffff:192.168.15.161 - - [22/Feb/2023:02:15:05 +0000] "GET /api/user/getall HTTP/1.1" 304 - "http://localhost:3000/user" "Mozilla/5.0 (Windows NT 10.0; Win64; x64) AppleWebKit/537.36 (KHTML, like Gecko) Chrome/110.0.0.0 Safari/537.36"
::ffff:192.168.15.161 - - [22/Feb/2023:02:15:11 +0000] "GET /api/user/getall HTTP/1.1" 304 - "http://localhost:3000/user" "Mozilla/5.0 (Windows NT 10.0; Win64; x64) AppleWebKit/537.36 (KHTML, like Gecko) Chrome/110.0.0.0 Safari/537.36"
::ffff:192.168.15.161 - - [22/Feb/2023:02:15:11 +0000] "GET /api/user/getall HTTP/1.1" 304 - "http://localhost:3000/user" "Mozilla/5.0 (Windows NT 10.0; Win64; x64) AppleWebKit/537.36 (KHTML, like Gecko) Chrome/110.0.0.0 Safari/537.36"
::ffff:192.168.15.205 - - [22/Feb/2023:02:16:23 +0000] "GET /api/tables HTTP/1.1" 500 1378 "-" "PostmanRuntime/7.31.0"
::ffff:192.168.15.205 - - [22/Feb/2023:02:18:14 +0000] "GET /api/tables HTTP/1.1" 500 1378 "-" "PostmanRuntime/7.31.0"
::ffff:192.168.15.205 - - [22/Feb/2023:02:19:15 +0000] "GET /api/tables HTTP/1.1" 500 1378 "-" "PostmanRuntime/7.31.0"
::ffff:192.168.15.205 - - [22/Feb/2023:02:20:48 +0000] "GET /api/tables HTTP/1.1" 500 1378 "-" "PostmanRuntime/7.31.0"
::ffff:192.168.15.205 - - [22/Feb/2023:02:21:22 +0000] "GET /api/tables HTTP/1.1" 200 88 "-" "PostmanRuntime/7.31.0"
::ffff:192.168.15.161 - - [22/Feb/2023:02:25:18 +0000] "GET /api/user/getall HTTP/1.1" 500 1349 "http://localhost:3000/user" "Mozilla/5.0 (Windows NT 10.0; Win64; x64) AppleWebKit/537.36 (KHTML, like Gecko) Chrome/110.0.0.0 Safari/537.36"
::ffff:192.168.15.161 - - [22/Feb/2023:02:25:35 +0000] "GET /api/user/getall HTTP/1.1" 500 1349 "http://localhost:3000/user" "Mozilla/5.0 (Windows NT 10.0; Win64; x64) AppleWebKit/537.36 (KHTML, like Gecko) Chrome/110.0.0.0 Safari/537.36"
::ffff:192.168.15.205 - - [22/Feb/2023:02:26:12 +0000] "GET /api/user/getall HTTP/1.1" 500 1384 "-" "PostmanRuntime/7.31.0"
::ffff:192.168.15.161 - - [22/Feb/2023:02:26:26 +0000] "GET /api/user/getall HTTP/1.1" 500 1349 "http://localhost:3000/user" "Mozilla/5.0 (Windows NT 10.0; Win64; x64) AppleWebKit/537.36 (KHTML, like Gecko) Chrome/110.0.0.0 Safari/537.36"
::ffff:192.168.15.161 - - [22/Feb/2023:02:26:26 +0000] "GET /api/user/getall HTTP/1.1" 500 1349 "http://localhost:3000/user" "Mozilla/5.0 (Windows NT 10.0; Win64; x64) AppleWebKit/537.36 (KHTML, like Gecko) Chrome/110.0.0.0 Safari/537.36"
::ffff:192.168.15.205 - - [22/Feb/2023:02:27:04 +0000] "GET /api/user/getall HTTP/1.1" 200 237 "-" "PostmanRuntime/7.31.0"
::ffff:192.168.15.161 - - [22/Feb/2023:02:27:08 +0000] "GET /api/user/getall HTTP/1.1" 200 237 "http://localhost:3000/user" "Mozilla/5.0 (Windows NT 10.0; Win64; x64) AppleWebKit/537.36 (KHTML, like Gecko) Chrome/110.0.0.0 Safari/537.36"
::ffff:192.168.15.161 - - [22/Feb/2023:02:27:08 +0000] "GET /api/user/getall HTTP/1.1" 304 - "http://localhost:3000/user" "Mozilla/5.0 (Windows NT 10.0; Win64; x64) AppleWebKit/537.36 (KHTML, like Gecko) Chrome/110.0.0.0 Safari/537.36"
::ffff:192.168.15.205 - - [22/Feb/2023:02:27:09 +0000] "GET /api/user/getall HTTP/1.1" 200 237 "-" "PostmanRuntime/7.31.0"
::ffff:192.168.15.205 - - [22/Feb/2023:02:27:55 +0000] "GET /api/tables HTTP/1.1" 200 88 "-" "PostmanRuntime/7.31.0"
::ffff:192.168.15.205 - - [22/Feb/2023:02:30:47 +0000] "POST /api/tables/create HTTP/1.1" 200 79 "-" "PostmanRuntime/7.31.0"
::ffff:192.168.15.205 - - [22/Feb/2023:02:31:23 +0000] "GET /api/tables HTTP/1.1" 200 158 "-" "PostmanRuntime/7.31.0"
::ffff:192.168.15.161 - - [22/Feb/2023:02:41:49 +0000] "GET /api/user/getall HTTP/1.1" 304 - "http://localhost:3000/user" "Mozilla/5.0 (Windows NT 10.0; Win64; x64) AppleWebKit/537.36 (KHTML, like Gecko) Chrome/110.0.0.0 Safari/537.36"
::ffff:192.168.15.161 - - [22/Feb/2023:02:41:49 +0000] "GET /api/user/getall HTTP/1.1" 304 - "http://localhost:3000/user" "Mozilla/5.0 (Windows NT 10.0; Win64; x64) AppleWebKit/537.36 (KHTML, like Gecko) Chrome/110.0.0.0 Safari/537.36"
::ffff:192.168.15.205 - - [22/Feb/2023:02:42:35 +0000] "GET /api/user/getalla HTTP/1.1" 404 155 "-" "PostmanRuntime/7.31.0"
::ffff:192.168.15.205 - - [22/Feb/2023:02:42:39 +0000] "GET /api/user/getall HTTP/1.1" 200 237 "-" "PostmanRuntime/7.31.0"
::ffff:192.168.15.205 - - [22/Feb/2023:02:46:42 +0000] "GET /api/user/getall/hihi1676864295740 HTTP/1.1" 200 51 "-" "PostmanRuntime/7.31.0"
::ffff:192.168.15.205 - - [22/Feb/2023:02:46:46 +0000] "GET /api/user/getall HTTP/1.1" 200 237 "-" "PostmanRuntime/7.31.0"
::ffff:192.168.15.205 - - [22/Feb/2023:02:46:55 +0000] "GET /api/user/getall/hihi1677027760841 HTTP/1.1" 200 237 "-" "PostmanRuntime/7.31.0"
::ffff:192.168.15.161 - - [22/Feb/2023:02:46:57 +0000] "GET /api/user/getall HTTP/1.1" 304 - "http://localhost:3000/user" "Mozilla/5.0 (Windows NT 10.0; Win64; x64) AppleWebKit/537.36 (KHTML, like Gecko) Chrome/110.0.0.0 Safari/537.36"
::ffff:192.168.15.161 - - [22/Feb/2023:02:46:57 +0000] "GET /api/user/getall HTTP/1.1" 304 - "http://localhost:3000/user" "Mozilla/5.0 (Windows NT 10.0; Win64; x64) AppleWebKit/537.36 (KHTML, like Gecko) Chrome/110.0.0.0 Safari/537.36"
::ffff:192.168.15.161 - - [22/Feb/2023:02:47:42 +0000] "GET /api/user/getall HTTP/1.1" 304 - "http://localhost:3000/user" "Mozilla/5.0 (Windows NT 10.0; Win64; x64) AppleWebKit/537.36 (KHTML, like Gecko) Chrome/110.0.0.0 Safari/537.36"
::ffff:192.168.15.161 - - [22/Feb/2023:02:47:42 +0000] "GET /api/user/getall HTTP/1.1" 304 - "http://localhost:3000/user" "Mozilla/5.0 (Windows NT 10.0; Win64; x64) AppleWebKit/537.36 (KHTML, like Gecko) Chrome/110.0.0.0 Safari/537.36"
::ffff:192.168.15.205 - - [22/Feb/2023:02:48:15 +0000] "POST /api/user/active HTTP/1.1" 500 56 "-" "PostmanRuntime/7.31.0"
::ffff:192.168.15.161 - - [22/Feb/2023:02:49:10 +0000] "GET /api/user/getall HTTP/1.1" 304 - "http://localhost:3000/user" "Mozilla/5.0 (Windows NT 10.0; Win64; x64) AppleWebKit/537.36 (KHTML, like Gecko) Chrome/110.0.0.0 Safari/537.36"
::ffff:192.168.15.161 - - [22/Feb/2023:02:49:12 +0000] "GET /api/user/getall HTTP/1.1" 304 - "http://localhost:3000/user" "Mozilla/5.0 (Windows NT 10.0; Win64; x64) AppleWebKit/537.36 (KHTML, like Gecko) Chrome/110.0.0.0 Safari/537.36"
::ffff:192.168.15.161 - - [22/Feb/2023:02:49:12 +0000] "GET /api/user/getall HTTP/1.1" 304 - "http://localhost:3000/user" "Mozilla/5.0 (Windows NT 10.0; Win64; x64) AppleWebKit/537.36 (KHTML, like Gecko) Chrome/110.0.0.0 Safari/537.36"
::ffff:192.168.15.161 - - [22/Feb/2023:02:49:13 +0000] "GET /api/user/getall HTTP/1.1" 304 - "http://localhost:3000/user/add" "Mozilla/5.0 (Windows NT 10.0; Win64; x64) AppleWebKit/537.36 (KHTML, like Gecko) Chrome/110.0.0.0 Safari/537.36"
::ffff:192.168.15.161 - - [22/Feb/2023:02:49:13 +0000] "GET /api/user/getall HTTP/1.1" 304 - "http://localhost:3000/user/add" "Mozilla/5.0 (Windows NT 10.0; Win64; x64) AppleWebKit/537.36 (KHTML, like Gecko) Chrome/110.0.0.0 Safari/537.36"
::ffff:192.168.15.161 - - [22/Feb/2023:02:49:25 +0000] "GET /api/user/getall HTTP/1.1" 304 - "http://localhost:3000/user" "Mozilla/5.0 (Windows NT 10.0; Win64; x64) AppleWebKit/537.36 (KHTML, like Gecko) Chrome/110.0.0.0 Safari/537.36"
::ffff:192.168.15.161 - - [22/Feb/2023:02:49:25 +0000] "GET /api/user/getall HTTP/1.1" 304 - "http://localhost:3000/user" "Mozilla/5.0 (Windows NT 10.0; Win64; x64) AppleWebKit/537.36 (KHTML, like Gecko) Chrome/110.0.0.0 Safari/537.36"
::ffff:192.168.15.205 - - [22/Feb/2023:02:49:48 +0000] "POST /api/user/active HTTP/1.1" 500 56 "-" "PostmanRuntime/7.31.0"
::ffff:192.168.15.205 - - [22/Feb/2023:02:49:57 +0000] "GET /api/user/getall HTTP/1.1" 200 237 "-" "PostmanRuntime/7.31.0"
::ffff:192.168.15.205 - - [22/Feb/2023:02:50:10 +0000] "POST /api/user/active HTTP/1.1" 500 56 "-" "PostmanRuntime/7.31.0"
::ffff:192.168.15.205 - - [22/Feb/2023:02:50:31 +0000] "POST /api/user/active HTTP/1.1" 500 56 "-" "PostmanRuntime/7.31.0"
::ffff:192.168.15.205 - - [22/Feb/2023:02:50:34 +0000] "GET /api/user/getall/hihi1677027760841 HTTP/1.1" 200 237 "-" "PostmanRuntime/7.31.0"
::ffff:192.168.15.205 - - [22/Feb/2023:02:50:46 +0000] "POST /api/user/active HTTP/1.1" 500 56 "-" "PostmanRuntime/7.31.0"
::ffff:192.168.15.205 - - [22/Feb/2023:02:51:10 +0000] "POST /api/user/changeInfo HTTP/1.1" 500 56 "-" "PostmanRuntime/7.31.0"
::ffff:192.168.15.205 - - [22/Feb/2023:02:52:57 +0000] "POST /api/user/active HTTP/1.1" 500 56 "-" "PostmanRuntime/7.31.0"
::ffff:192.168.15.205 - - [22/Feb/2023:02:53:13 +0000] "POST /create_user HTTP/1.1" 201 59 "-" "PostmanRuntime/7.31.0"
::ffff:192.168.15.205 - - [22/Feb/2023:02:53:16 +0000] "GET /api/user/getall HTTP/1.1" 200 423 "-" "PostmanRuntime/7.31.0"
::ffff:192.168.15.205 - - [22/Feb/2023:02:54:17 +0000] "POST /api/user/active/hihi1677034393085 HTTP/1.1" 404 173 "-" "PostmanRuntime/7.31.0"
::ffff:192.168.15.205 - - [22/Feb/2023:02:54:21 +0000] "POST /api/user/active HTTP/1.1" 500 56 "-" "PostmanRuntime/7.31.0"
::ffff:192.168.15.205 - - [22/Feb/2023:02:54:48 +0000] "POST /api/user/active HTTP/1.1" 500 56 "-" "PostmanRuntime/7.31.0"
::ffff:192.168.15.205 - - [22/Feb/2023:02:58:56 +0000] "GET /api/user/getall HTTP/1.1" 200 423 "-" "PostmanRuntime/7.31.0"
::ffff:192.168.15.205 - - [22/Feb/2023:02:59:00 +0000] "POST /api/user/active HTTP/1.1" 201 249 "-" "PostmanRuntime/7.31.0"
::ffff:192.168.15.205 - - [22/Feb/2023:02:59:20 +0000] "POST /api/user/active HTTP/1.1" 201 55 "-" "PostmanRuntime/7.31.0"
::ffff:192.168.15.161 - - [22/Feb/2023:02:59:59 +0000] "GET /api/user/getall HTTP/1.1" 200 423 "http://localhost:3000/user/add" "Mozilla/5.0 (Windows NT 10.0; Win64; x64) AppleWebKit/537.36 (KHTML, like Gecko) Chrome/110.0.0.0 Safari/537.36"
::ffff:192.168.15.161 - - [22/Feb/2023:02:59:59 +0000] "GET /api/user/getall HTTP/1.1" 304 - "http://localhost:3000/user/add" "Mozilla/5.0 (Windows NT 10.0; Win64; x64) AppleWebKit/537.36 (KHTML, like Gecko) Chrome/110.0.0.0 Safari/537.36"
::ffff:192.168.15.161 - - [22/Feb/2023:03:00:52 +0000] "GET /api/user/getall HTTP/1.1" 304 - "http://localhost:3000/user/add" "Mozilla/5.0 (Windows NT 10.0; Win64; x64) AppleWebKit/537.36 (KHTML, like Gecko) Chrome/110.0.0.0 Safari/537.36"
::ffff:192.168.15.205 - - [22/Feb/2023:03:00:57 +0000] "GET /api/user/getall HTTP/1.1" 200 423 "-" "PostmanRuntime/7.31.0"
::ffff:192.168.15.205 - - [22/Feb/2023:03:01:05 +0000] "POST /api/user/changeInfo HTTP/1.1" 201 266 "-" "PostmanRuntime/7.31.0"
::ffff:192.168.15.161 - - [22/Feb/2023:03:01:15 +0000] "GET /api/user/getall HTTP/1.1" 304 - "http://localhost:3000/user/add" "Mozilla/5.0 (Windows NT 10.0; Win64; x64) AppleWebKit/537.36 (KHTML, like Gecko) Chrome/110.0.0.0 Safari/537.36"
::ffff:192.168.15.205 - - [22/Feb/2023:03:01:33 +0000] "POST /api/user/changeInfo HTTP/1.1" 201 266 "-" "PostmanRuntime/7.31.0"
::ffff:192.168.15.205 - - [22/Feb/2023:03:01:44 +0000] "POST /api/user/changeInfo HTTP/1.1" 201 266 "-" "PostmanRuntime/7.31.0"
::ffff:192.168.15.205 - - [22/Feb/2023:03:01:57 +0000] "POST /api/user/changeInfo HTTP/1.1" 201 55 "-" "PostmanRuntime/7.31.0"
::ffff:192.168.15.161 - - [22/Feb/2023:03:11:28 +0000] "GET /api/user/getall HTTP/1.1" 304 - "http://localhost:3000/user/add" "Mozilla/5.0 (Windows NT 10.0; Win64; x64) AppleWebKit/537.36 (KHTML, like Gecko) Chrome/110.0.0.0 Safari/537.36"
::ffff:192.168.15.205 - - [22/Feb/2023:03:11:40 +0000] "PUT /api/user/active HTTP/1.1" 201 55 "-" "PostmanRuntime/7.31.0"
::ffff:192.168.15.205 - - [22/Feb/2023:03:13:52 +0000] "GET /api/user/getall HTTP/1.1" 200 423 "-" "PostmanRuntime/7.31.0"
::ffff:192.168.15.205 - - [22/Feb/2023:03:14:17 +0000] "PUT /changepassword HTTP/1.1" 401 45 "-" "PostmanRuntime/7.31.0"
::ffff:192.168.15.161 - - [22/Feb/2023:03:14:54 +0000] "GET /api/user/getall HTTP/1.1" 304 - "http://localhost:3000/user/add" "Mozilla/5.0 (Windows NT 10.0; Win64; x64) AppleWebKit/537.36 (KHTML, like Gecko) Chrome/110.0.0.0 Safari/537.36"
::ffff:192.168.15.205 - - [22/Feb/2023:03:14:54 +0000] "PUT /changepassword HTTP/1.1" 401 61 "-" "PostmanRuntime/7.31.0"
::ffff:192.168.15.161 - - [22/Feb/2023:03:16:14 +0000] "GET /api/user/getall HTTP/1.1" 304 - "http://localhost:3000/user/add" "Mozilla/5.0 (Windows NT 10.0; Win64; x64) AppleWebKit/537.36 (KHTML, like Gecko) Chrome/110.0.0.0 Safari/537.36"
::ffff:192.168.15.161 - - [22/Feb/2023:03:16:19 +0000] "GET /api/user/getall HTTP/1.1" 304 - "http://localhost:3000/user/add" "Mozilla/5.0 (Windows NT 10.0; Win64; x64) AppleWebKit/537.36 (KHTML, like Gecko) Chrome/110.0.0.0 Safari/537.36"
::ffff:192.168.15.161 - - [22/Feb/2023:03:16:19 +0000] "GET /api/user/getall HTTP/1.1" 304 - "http://localhost:3000/user/add" "Mozilla/5.0 (Windows NT 10.0; Win64; x64) AppleWebKit/537.36 (KHTML, like Gecko) Chrome/110.0.0.0 Safari/537.36"
::ffff:192.168.15.161 - - [22/Feb/2023:03:16:46 +0000] "GET /api/user/getall HTTP/1.1" 304 - "http://localhost:3000/user/add" "Mozilla/5.0 (Windows NT 10.0; Win64; x64) AppleWebKit/537.36 (KHTML, like Gecko) Chrome/110.0.0.0 Safari/537.36"
::ffff:192.168.15.161 - - [22/Feb/2023:03:16:48 +0000] "GET /api/user/getall HTTP/1.1" 304 - "http://localhost:3000/user/add" "Mozilla/5.0 (Windows NT 10.0; Win64; x64) AppleWebKit/537.36 (KHTML, like Gecko) Chrome/110.0.0.0 Safari/537.36"
::ffff:192.168.15.161 - - [22/Feb/2023:03:16:48 +0000] "GET /api/user/getall HTTP/1.1" 304 - "http://localhost:3000/user/add" "Mozilla/5.0 (Windows NT 10.0; Win64; x64) AppleWebKit/537.36 (KHTML, like Gecko) Chrome/110.0.0.0 Safari/537.36"
::ffff:192.168.15.205 - - [22/Feb/2023:03:16:49 +0000] "PUT /changepassword HTTP/1.1" 401 61 "-" "PostmanRuntime/7.31.0"
::ffff:192.168.15.205 - - [22/Feb/2023:03:17:16 +0000] "PUT /changepassword HTTP/1.1" 200 80 "-" "PostmanRuntime/7.31.0"
::ffff:192.168.15.161 - - [22/Feb/2023:03:17:37 +0000] "GET /api/user/getall HTTP/1.1" 200 423 "http://localhost:3000/user/add" "Mozilla/5.0 (Windows NT 10.0; Win64; x64) AppleWebKit/537.36 (KHTML, like Gecko) Chrome/110.0.0.0 Safari/537.36"
::ffff:192.168.15.161 - - [22/Feb/2023:03:20:22 +0000] "GET /api/user/getall HTTP/1.1" 304 - "http://localhost:3000/user/add" "Mozilla/5.0 (Windows NT 10.0; Win64; x64) AppleWebKit/537.36 (KHTML, like Gecko) Chrome/110.0.0.0 Safari/537.36"
::ffff:192.168.15.205 - - [22/Feb/2023:03:23:34 +0000] "POST /login HTTP/1.1" 200 55 "-" "PostmanRuntime/7.31.0"
::ffff:192.168.15.205 - - [22/Feb/2023:03:23:44 +0000] "POST /login HTTP/1.1" 200 55 "-" "PostmanRuntime/7.31.0"
::ffff:192.168.15.205 - - [22/Feb/2023:03:23:50 +0000] "POST /login HTTP/1.1" 200 55 "-" "PostmanRuntime/7.31.0"
::ffff:192.168.15.205 - - [22/Feb/2023:03:24:03 +0000] "POST /login HTTP/1.1" 200 55 "-" "PostmanRuntime/7.31.0"
::ffff:192.168.15.205 - - [22/Feb/2023:03:24:15 +0000] "GET /api/user/getall HTTP/1.1" 200 423 "-" "PostmanRuntime/7.31.0"
::ffff:192.168.15.205 - - [22/Feb/2023:03:24:28 +0000] "POST /login HTTP/1.1" 200 55 "-" "PostmanRuntime/7.31.0"
::ffff:192.168.15.205 - - [22/Feb/2023:03:24:40 +0000] "POST /login HTTP/1.1" 404 58 "-" "PostmanRuntime/7.31.0"
::ffff:192.168.15.205 - - [22/Feb/2023:03:25:19 +0000] "POST /login HTTP/1.1" 404 59 "-" "PostmanRuntime/7.31.0"
::ffff:192.168.15.205 - - [22/Feb/2023:03:25:26 +0000] "POST /login HTTP/1.1" 404 58 "-" "PostmanRuntime/7.31.0"
::ffff:192.168.15.205 - - [22/Feb/2023:03:26:17 +0000] "POST /create_user HTTP/1.1" 409 58 "-" "PostmanRuntime/7.31.0"
::ffff:192.168.15.205 - - [22/Feb/2023:03:26:36 +0000] "POST /create_user HTTP/1.1" 409 59 "-" "PostmanRuntime/7.31.0"
::ffff:192.168.15.205 - - [22/Feb/2023:03:26:44 +0000] "POST /create_user HTTP/1.1" 201 74 "-" "PostmanRuntime/7.31.0"
::ffff:192.168.15.161 - - [22/Feb/2023:03:27:35 +0000] "GET /api/user/getall HTTP/1.1" 200 610 "http://localhost:3000/user/add" "Mozilla/5.0 (Windows NT 10.0; Win64; x64) AppleWebKit/537.36 (KHTML, like Gecko) Chrome/110.0.0.0 Safari/537.36"
::ffff:192.168.15.205 - - [22/Feb/2023:03:27:51 +0000] "GET /api/user/getall HTTP/1.1" 200 610 "-" "PostmanRuntime/7.31.0"
::ffff:192.168.15.205 - - [22/Feb/2023:03:28:02 +0000] "POST /login HTTP/1.1" 200 55 "-" "PostmanRuntime/7.31.0"
::ffff:192.168.15.205 - - [22/Feb/2023:03:31:49 +0000] "POST /login HTTP/1.1" 401 25 "-" "PostmanRuntime/7.31.0"
::ffff:192.168.15.205 - - [22/Feb/2023:03:32:44 +0000] "POST /login HTTP/1.1" 404 58 "-" "PostmanRuntime/7.31.0"
::ffff:192.168.15.205 - - [22/Feb/2023:03:32:49 +0000] "POST /login HTTP/1.1" 200 55 "-" "PostmanRuntime/7.31.0"
::ffff:192.168.15.161 - - [22/Feb/2023:03:34:03 +0000] "GET /api/user/getall HTTP/1.1" 304 - "http://localhost:3000/user/add" "Mozilla/5.0 (Windows NT 10.0; Win64; x64) AppleWebKit/537.36 (KHTML, like Gecko) Chrome/110.0.0.0 Safari/537.36"
::ffff:192.168.15.161 - - [22/Feb/2023:03:34:03 +0000] "GET /api/user/getall HTTP/1.1" 304 - "http://localhost:3000/user/add" "Mozilla/5.0 (Windows NT 10.0; Win64; x64) AppleWebKit/537.36 (KHTML, like Gecko) Chrome/110.0.0.0 Safari/537.36"
::ffff:192.168.15.161 - - [22/Feb/2023:03:35:06 +0000] "GET /api/user/getall HTTP/1.1" 304 - "http://localhost:3000/user/add" "Mozilla/5.0 (Windows NT 10.0; Win64; x64) AppleWebKit/537.36 (KHTML, like Gecko) Chrome/110.0.0.0 Safari/537.36"
::ffff:192.168.15.161 - - [22/Feb/2023:03:35:06 +0000] "GET /api/user/getall HTTP/1.1" 304 - "http://localhost:3000/user/add" "Mozilla/5.0 (Windows NT 10.0; Win64; x64) AppleWebKit/537.36 (KHTML, like Gecko) Chrome/110.0.0.0 Safari/537.36"
::ffff:192.168.15.161 - - [22/Feb/2023:03:36:22 +0000] "GET /api/user/getall HTTP/1.1" 304 - "http://localhost:3000/user/add" "Mozilla/5.0 (Windows NT 10.0; Win64; x64) AppleWebKit/537.36 (KHTML, like Gecko) Chrome/110.0.0.0 Safari/537.36"
::ffff:192.168.15.161 - - [22/Feb/2023:03:36:22 +0000] "GET /api/user/getall HTTP/1.1" 304 - "http://localhost:3000/user/add" "Mozilla/5.0 (Windows NT 10.0; Win64; x64) AppleWebKit/537.36 (KHTML, like Gecko) Chrome/110.0.0.0 Safari/537.36"
::ffff:192.168.15.205 - - [22/Feb/2023:03:37:00 +0000] "GET /api/tables HTTP/1.1" 200 158 "-" "PostmanRuntime/7.31.0"
::ffff:192.168.15.161 - - [22/Feb/2023:03:37:13 +0000] "GET /api/user/getall HTTP/1.1" 304 - "http://localhost:3000/user/add" "Mozilla/5.0 (Windows NT 10.0; Win64; x64) AppleWebKit/537.36 (KHTML, like Gecko) Chrome/110.0.0.0 Safari/537.36"
::ffff:192.168.15.205 - - [22/Feb/2023:03:38:39 +0000] "POST /api/table/create HTTP/1.1" 201 197 "-" "PostmanRuntime/7.31.0"
::ffff:192.168.15.205 - - [22/Feb/2023:03:38:49 +0000] "GET /api/tables HTTP/1.1" 200 233 "-" "PostmanRuntime/7.31.0"
::ffff:192.168.15.161 - - [22/Feb/2023:03:39:41 +0000] "GET /api/user/getall HTTP/1.1" 304 - "http://localhost:3000/user/add" "Mozilla/5.0 (Windows NT 10.0; Win64; x64) AppleWebKit/537.36 (KHTML, like Gecko) Chrome/110.0.0.0 Safari/537.36"
::ffff:192.168.15.161 - - [22/Feb/2023:03:39:51 +0000] "GET /api/user/getall HTTP/1.1" 304 - "http://localhost:3000/user/add" "Mozilla/5.0 (Windows NT 10.0; Win64; x64) AppleWebKit/537.36 (KHTML, like Gecko) Chrome/110.0.0.0 Safari/537.36"
::ffff:192.168.15.161 - - [22/Feb/2023:03:42:13 +0000] "GET /api/user/getall HTTP/1.1" 304 - "http://localhost:3000/user/add" "Mozilla/5.0 (Windows NT 10.0; Win64; x64) AppleWebKit/537.36 (KHTML, like Gecko) Chrome/110.0.0.0 Safari/537.36"
::ffff:192.168.15.161 - - [22/Feb/2023:03:42:13 +0000] "GET /api/user/getall HTTP/1.1" 304 - "http://localhost:3000/user/add" "Mozilla/5.0 (Windows NT 10.0; Win64; x64) AppleWebKit/537.36 (KHTML, like Gecko) Chrome/110.0.0.0 Safari/537.36"
::ffff:192.168.15.161 - - [22/Feb/2023:03:42:22 +0000] "GET /api/user/getall HTTP/1.1" 304 - "http://localhost:3000/user/add" "Mozilla/5.0 (Windows NT 10.0; Win64; x64) AppleWebKit/537.36 (KHTML, like Gecko) Chrome/110.0.0.0 Safari/537.36"
::ffff:192.168.15.161 - - [22/Feb/2023:03:42:28 +0000] "GET /api/user/getall HTTP/1.1" 304 - "http://localhost:3000/user/add" "Mozilla/5.0 (Windows NT 10.0; Win64; x64) AppleWebKit/537.36 (KHTML, like Gecko) Chrome/110.0.0.0 Safari/537.36"
::ffff:192.168.15.161 - - [22/Feb/2023:03:42:40 +0000] "GET /api/user/getall HTTP/1.1" 304 - "http://localhost:3000/user/add" "Mozilla/5.0 (Windows NT 10.0; Win64; x64) AppleWebKit/537.36 (KHTML, like Gecko) Chrome/110.0.0.0 Safari/537.36"
::ffff:192.168.15.161 - - [22/Feb/2023:03:42:58 +0000] "GET /api/user/getall HTTP/1.1" 304 - "http://localhost:3000/user/" "Mozilla/5.0 (Windows NT 10.0; Win64; x64) AppleWebKit/537.36 (KHTML, like Gecko) Chrome/110.0.0.0 Safari/537.36"
::ffff:192.168.15.161 - - [22/Feb/2023:03:42:58 +0000] "GET /api/user/getall HTTP/1.1" 304 - "http://localhost:3000/user/" "Mozilla/5.0 (Windows NT 10.0; Win64; x64) AppleWebKit/537.36 (KHTML, like Gecko) Chrome/110.0.0.0 Safari/537.36"
::ffff:192.168.15.161 - - [22/Feb/2023:03:44:18 +0000] "GET /api/user/getall HTTP/1.1" 304 - "http://localhost:3000/user" "Mozilla/5.0 (Windows NT 10.0; Win64; x64) AppleWebKit/537.36 (KHTML, like Gecko) Chrome/110.0.0.0 Safari/537.36"
::ffff:192.168.15.161 - - [22/Feb/2023:03:44:18 +0000] "GET /api/user/getall HTTP/1.1" 304 - "http://localhost:3000/user" "Mozilla/5.0 (Windows NT 10.0; Win64; x64) AppleWebKit/537.36 (KHTML, like Gecko) Chrome/110.0.0.0 Safari/537.36"
::ffff:192.168.15.205 - - [22/Feb/2023:04:00:46 +0000] "GET /api/tables HTTP/1.1" 200 233 "-" "PostmanRuntime/7.31.0"
::ffff:192.168.15.205 - - [22/Feb/2023:04:02:38 +0000] "GET /api/tables HTTP/1.1" 500 1374 "-" "PostmanRuntime/7.31.0"
::ffff:192.168.15.205 - - [22/Feb/2023:04:02:56 +0000] "GET /api/tables HTTP/1.1" 500 274 "-" "PostmanRuntime/7.31.0"
::ffff:192.168.15.205 - - [22/Feb/2023:04:04:22 +0000] "GET /api/tables HTTP/1.1" 200 21 "-" "PostmanRuntime/7.31.0"
::ffff:192.168.15.205 - - [22/Feb/2023:04:04:38 +0000] "GET /api/tables HTTP/1.1" 200 21 "-" "PostmanRuntime/7.31.0"
::ffff:192.168.15.205 - - [22/Feb/2023:04:04:41 +0000] "GET /api/tables HTTP/1.1" 200 21 "-" "PostmanRuntime/7.31.0"
::ffff:192.168.15.205 - - [22/Feb/2023:04:04:42 +0000] "GET /api/tables HTTP/1.1" 200 21 "-" "PostmanRuntime/7.31.0"
::ffff:192.168.15.205 - - [22/Feb/2023:04:05:04 +0000] "GET /api/tables HTTP/1.1" 200 21 "-" "PostmanRuntime/7.31.0"
::ffff:192.168.15.205 - - [22/Feb/2023:04:05:07 +0000] "GET /api/tables HTTP/1.1" 200 21 "-" "PostmanRuntime/7.31.0"
::ffff:192.168.15.205 - - [22/Feb/2023:04:05:08 +0000] "GET /api/tables HTTP/1.1" 200 21 "-" "PostmanRuntime/7.31.0"
::ffff:192.168.15.205 - - [22/Feb/2023:04:05:30 +0000] "GET /api/tables HTTP/1.1" 500 274 "-" "PostmanRuntime/7.31.0"
::ffff:192.168.15.205 - - [22/Feb/2023:04:06:39 +0000] "GET /api/tables HTTP/1.1" 404 149 "-" "PostmanRuntime/7.31.0"
::ffff:192.168.15.205 - - [22/Feb/2023:04:06:46 +0000] "GET /api/tables/getall HTTP/1.1" 200 233 "-" "PostmanRuntime/7.31.0"
::ffff:192.168.15.161 - - [22/Feb/2023:04:07:44 +0000] "GET /api/user/getall HTTP/1.1" 200 610 "http://localhost:3000/user/add" "Mozilla/5.0 (Windows NT 10.0; Win64; x64) AppleWebKit/537.36 (KHTML, like Gecko) Chrome/110.0.0.0 Safari/537.36"
::ffff:192.168.15.205 - - [22/Feb/2023:04:07:44 +0000] "GET /api/tables/getall HTTP/1.1" 200 246 "-" "PostmanRuntime/7.31.0"
::ffff:192.168.15.161 - - [22/Feb/2023:04:07:47 +0000] "GET /api/user/getall HTTP/1.1" 200 610 "http://localhost:3000/user/add" "Mozilla/5.0 (Windows NT 10.0; Win64; x64) AppleWebKit/537.36 (KHTML, like Gecko) Chrome/110.0.0.0 Safari/537.36"
