::ffff:192.168.15.205 - - [22/Feb/2023:06:56:25 +0000] "POST /api/tables/create HTTP/1.1" 200 110 "-" "PostmanRuntime/7.31.0"
::ffff:192.168.15.161 - - [22/Feb/2023:06:58:52 +0000] "GET /create_user HTTP/1.1" 404 150 "http://localhost:3000/user/add" "Mozilla/5.0 (Windows NT 10.0; Win64; x64) AppleWebKit/537.36 (KHTML, like Gecko) Chrome/110.0.0.0 Safari/537.36"
::ffff:192.168.15.161 - - [22/Feb/2023:06:58:52 +0000] "GET /create_user HTTP/1.1" 404 150 "http://localhost:3000/user/add" "Mozilla/5.0 (Windows NT 10.0; Win64; x64) AppleWebKit/537.36 (KHTML, like Gecko) Chrome/110.0.0.0 Safari/537.36"
::ffff:192.168.15.161 - - [22/Feb/2023:06:58:54 +0000] "GET /api/user/getall HTTP/1.1" 304 - "http://localhost:3000/user" "Mozilla/5.0 (Windows NT 10.0; Win64; x64) AppleWebKit/537.36 (KHTML, like Gecko) Chrome/110.0.0.0 Safari/537.36"
::ffff:192.168.15.161 - - [22/Feb/2023:06:58:54 +0000] "GET /api/user/getall HTTP/1.1" 304 - "http://localhost:3000/user" "Mozilla/5.0 (Windows NT 10.0; Win64; x64) AppleWebKit/537.36 (KHTML, like Gecko) Chrome/110.0.0.0 Safari/537.36"
::ffff:192.168.15.161 - - [22/Feb/2023:07:08:38 +0000] "GET /api/user/getall HTTP/1.1" 304 - "http://localhost:3000/user" "Mozilla/5.0 (Windows NT 10.0; Win64; x64) AppleWebKit/537.36 (KHTML, like Gecko) Chrome/110.0.0.0 Safari/537.36"
::ffff:192.168.15.161 - - [22/Feb/2023:07:08:53 +0000] "GET /api/user/getall HTTP/1.1" 304 - "http://localhost:3000/user" "Mozilla/5.0 (Windows NT 10.0; Win64; x64) AppleWebKit/537.36 (KHTML, like Gecko) Chrome/110.0.0.0 Safari/537.36"
::ffff:192.168.15.161 - - [22/Feb/2023:07:08:53 +0000] "GET /api/user/getall HTTP/1.1" 304 - "http://localhost:3000/user" "Mozilla/5.0 (Windows NT 10.0; Win64; x64) AppleWebKit/537.36 (KHTML, like Gecko) Chrome/110.0.0.0 Safari/537.36"
::ffff:192.168.15.205 - - [22/Feb/2023:07:08:58 +0000] "GET /api/tables/getall HTTP/1.1" 200 338 "-" "PostmanRuntime/7.31.0"
::ffff:192.168.15.161 - - [22/Feb/2023:07:09:19 +0000] "GET /api/user/getall HTTP/1.1" 304 - "http://localhost:3000/user" "Mozilla/5.0 (Windows NT 10.0; Win64; x64) AppleWebKit/537.36 (KHTML, like Gecko) Chrome/110.0.0.0 Safari/537.36"
::ffff:192.168.15.161 - - [22/Feb/2023:07:09:28 +0000] "GET /api/user/getall HTTP/1.1" 304 - "http://localhost:3000/user" "Mozilla/5.0 (Windows NT 10.0; Win64; x64) AppleWebKit/537.36 (KHTML, like Gecko) Chrome/110.0.0.0 Safari/537.36"
::ffff:192.168.15.205 - - [22/Feb/2023:07:09:49 +0000] "GET /api/tables/getall HTTP/1.1" 200 338 "-" "PostmanRuntime/7.31.0"
::ffff:192.168.15.205 - - [22/Feb/2023:07:10:12 +0000] "PUT /api/tables/modify HTTP/1.1" 201 208 "-" "PostmanRuntime/7.31.0"
::ffff:192.168.15.205 - - [22/Feb/2023:07:10:17 +0000] "GET /api/tables/getall HTTP/1.1" 200 333 "-" "PostmanRuntime/7.31.0"
::ffff:192.168.15.205 - - [22/Feb/2023:07:13:00 +0000] "PUT /api/tables/modify HTTP/1.1" 201 41 "-" "PostmanRuntime/7.31.0"
::ffff:192.168.15.205 - - [22/Feb/2023:07:13:05 +0000] "PUT /api/tables/modify HTTP/1.1" 201 41 "-" "PostmanRuntime/7.31.0"
::ffff:192.168.15.205 - - [22/Feb/2023:07:14:29 +0000] "POST /api/table/create/field HTTP/1.1" 200 172 "-" "PostmanRuntime/7.31.0"
::ffff:192.168.15.205 - - [22/Feb/2023:07:16:49 +0000] "POST /api/table/create/field HTTP/1.1" 200 214 "-" "PostmanRuntime/7.31.0"
::ffff:192.168.15.161 - - [22/Feb/2023:07:18:36 +0000] "GET /api/user/getall HTTP/1.1" 304 - "http://localhost:3000/user" "Mozilla/5.0 (Windows NT 10.0; Win64; x64) AppleWebKit/537.36 (KHTML, like Gecko) Chrome/110.0.0.0 Safari/537.36"
::ffff:192.168.15.161 - - [22/Feb/2023:07:19:38 +0000] "GET /api/user/getall HTTP/1.1" 304 - "http://localhost:3000/user" "Mozilla/5.0 (Windows NT 10.0; Win64; x64) AppleWebKit/537.36 (KHTML, like Gecko) Chrome/110.0.0.0 Safari/537.36"
::ffff:192.168.15.205 - - [22/Feb/2023:07:23:28 +0000] "GET /api/tables/1 HTTP/1.1" 404 151 "-" "PostmanRuntime/7.31.0"
::ffff:192.168.15.205 - - [22/Feb/2023:07:23:34 +0000] "GET /api/tables/table/1 HTTP/1.1" 404 157 "-" "PostmanRuntime/7.31.0"
::ffff:192.168.15.205 - - [22/Feb/2023:07:23:38 +0000] "GET /api/tables/table:1 HTTP/1.1" 404 46 "-" "PostmanRuntime/7.31.0"
::ffff:192.168.15.161 - - [22/Feb/2023:07:24:04 +0000] "GET /api/user/getall HTTP/1.1" 304 - "http://localhost:3000/user" "Mozilla/5.0 (Windows NT 10.0; Win64; x64) AppleWebKit/537.36 (KHTML, like Gecko) Chrome/110.0.0.0 Safari/537.36"
::ffff:192.168.15.161 - - [22/Feb/2023:07:24:06 +0000] "GET /api/user/getall HTTP/1.1" 304 - "http://localhost:3000/user" "Mozilla/5.0 (Windows NT 10.0; Win64; x64) AppleWebKit/537.36 (KHTML, like Gecko) Chrome/110.0.0.0 Safari/537.36"
::ffff:192.168.15.161 - - [22/Feb/2023:07:24:06 +0000] "GET /api/user/getall HTTP/1.1" 304 - "http://localhost:3000/user" "Mozilla/5.0 (Windows NT 10.0; Win64; x64) AppleWebKit/537.36 (KHTML, like Gecko) Chrome/110.0.0.0 Safari/537.36"
::ffff:192.168.15.161 - - [22/Feb/2023:07:24:21 +0000] "GET /api/user/getall HTTP/1.1" 304 - "http://localhost:3000/user" "Mozilla/5.0 (Windows NT 10.0; Win64; x64) AppleWebKit/537.36 (KHTML, like Gecko) Chrome/110.0.0.0 Safari/537.36"
::ffff:192.168.15.161 - - [22/Feb/2023:07:24:44 +0000] "GET /api/user/getall HTTP/1.1" 304 - "http://localhost:3000/user" "Mozilla/5.0 (Windows NT 10.0; Win64; x64) AppleWebKit/537.36 (KHTML, like Gecko) Chrome/110.0.0.0 Safari/537.36"
::ffff:192.168.15.205 - - [22/Feb/2023:07:25:25 +0000] "GET /api/tables/:1/fields HTTP/1.1" 404 159 "-" "PostmanRuntime/7.31.0"
::ffff:192.168.15.205 - - [22/Feb/2023:07:25:33 +0000] "GET /api/table/:1/fields HTTP/1.1" 200 64 "-" "PostmanRuntime/7.31.0"
::ffff:192.168.15.205 - - [22/Feb/2023:07:25:39 +0000] "GET /api/table/1/fields HTTP/1.1" 200 673 "-" "PostmanRuntime/7.31.0"
::ffff:192.168.15.205 - - [22/Feb/2023:07:28:29 +0000] "GET /api/table/1/field/1 HTTP/1.1" 200 187 "-" "PostmanRuntime/7.31.0"
::ffff:192.168.15.205 - - [22/Feb/2023:07:29:24 +0000] "GET /api/table/1/fields HTTP/1.1" 200 673 "-" "PostmanRuntime/7.31.0"
::ffff:192.168.15.161 - - [22/Feb/2023:07:32:06 +0000] "GET /api/user/getall HTTP/1.1" 304 - "http://localhost:3000/user" "Mozilla/5.0 (Windows NT 10.0; Win64; x64) AppleWebKit/537.36 (KHTML, like Gecko) Chrome/110.0.0.0 Safari/537.36"
::ffff:192.168.15.161 - - [22/Feb/2023:07:33:28 +0000] "GET /api/user/getall HTTP/1.1" 304 - "http://localhost:3000/user" "Mozilla/5.0 (Windows NT 10.0; Win64; x64) AppleWebKit/537.36 (KHTML, like Gecko) Chrome/110.0.0.0 Safari/537.36"
::ffff:192.168.15.161 - - [22/Feb/2023:07:38:33 +0000] "GET /api/user/getall HTTP/1.1" 304 - "http://localhost:3000/user" "Mozilla/5.0 (Windows NT 10.0; Win64; x64) AppleWebKit/537.36 (KHTML, like Gecko) Chrome/110.0.0.0 Safari/537.36"
::ffff:192.168.15.161 - - [22/Feb/2023:07:38:45 +0000] "GET /api/user/getall HTTP/1.1" 304 - "http://localhost:3000/user" "Mozilla/5.0 (Windows NT 10.0; Win64; x64) AppleWebKit/537.36 (KHTML, like Gecko) Chrome/110.0.0.0 Safari/537.36"
::ffff:192.168.15.161 - - [22/Feb/2023:07:39:25 +0000] "GET /api/user/getall HTTP/1.1" 304 - "http://localhost:3000/user" "Mozilla/5.0 (Windows NT 10.0; Win64; x64) AppleWebKit/537.36 (KHTML, like Gecko) Chrome/110.0.0.0 Safari/537.36"
::ffff:192.168.15.205 - - [22/Feb/2023:07:57:54 +0000] "PUT /api/table/modify_field HTTP/1.1" 500 1373 "-" "PostmanRuntime/7.31.0"
::ffff:192.168.15.205 - - [22/Feb/2023:08:12:25 +0000] "PUT /api/table/modify_field HTTP/1.1" 500 1443 "-" "PostmanRuntime/7.31.0"
::ffff:192.168.15.205 - - [22/Feb/2023:08:19:23 +0000] "PUT /api/table/modify_field HTTP/1.1" 404 161 "-" "PostmanRuntime/7.31.0"
::ffff:192.168.15.205 - - [22/Feb/2023:08:19:41 +0000] "PUT /api/table/modify_field HTTP/1.1" 404 161 "-" "PostmanRuntime/7.31.0"
::ffff:192.168.15.205 - - [22/Feb/2023:08:19:43 +0000] "PUT /api/table/modify_field HTTP/1.1" 404 161 "-" "PostmanRuntime/7.31.0"
::ffff:192.168.15.205 - - [22/Feb/2023:08:20:20 +0000] "PUT /api/table/modify_field HTTP/1.1" 404 161 "-" "PostmanRuntime/7.31.0"
::ffff:192.168.15.205 - - [22/Feb/2023:08:20:21 +0000] "PUT /api/table/modify_field HTTP/1.1" 404 161 "-" "PostmanRuntime/7.31.0"
::ffff:192.168.15.205 - - [22/Feb/2023:08:21:20 +0000] "POST /api/table/modify_field HTTP/1.1" 404 162 "-" "PostmanRuntime/7.31.0"
::ffff:192.168.15.205 - - [22/Feb/2023:08:21:41 +0000] "POST /api/table/modify_field HTTP/1.1" 404 162 "-" "PostmanRuntime/7.31.0"
::ffff:192.168.15.205 - - [22/Feb/2023:08:21:42 +0000] "POST /api/table/modify_field HTTP/1.1" 404 162 "-" "PostmanRuntime/7.31.0"
::ffff:192.168.15.205 - - [22/Feb/2023:08:21:55 +0000] "POST /api/table/modify HTTP/1.1" 500 1443 "-" "PostmanRuntime/7.31.0"
::ffff:192.168.15.205 - - [22/Feb/2023:08:22:33 +0000] "POST /api/table/modify HTTP/1.1" 500 1443 "-" "PostmanRuntime/7.31.0"
::ffff:192.168.15.205 - - [22/Feb/2023:08:23:00 +0000] "POST /api/table/add_field HTTP/1.1" 404 159 "-" "PostmanRuntime/7.31.0"
::ffff:192.168.15.205 - - [22/Feb/2023:08:23:27 +0000] "POST /api/table/modify_field HTTP/1.1" 404 162 "-" "PostmanRuntime/7.31.0"
::ffff:192.168.15.205 - - [22/Feb/2023:08:24:50 +0000] "POST /api/table/modify/field HTTP/1.1" 200 71 "-" "PostmanRuntime/7.31.0"
::ffff:192.168.15.205 - - [22/Feb/2023:08:24:56 +0000] "POST /api/table/modify/field HTTP/1.1" 200 199 "-" "PostmanRuntime/7.31.0"
::ffff:192.168.15.205 - - [22/Feb/2023:08:25:48 +0000] "POST /api/table/modify/field HTTP/1.1" 200 239 "-" "PostmanRuntime/7.31.0"
::ffff:192.168.15.205 - - [22/Feb/2023:08:28:49 +0000] "POST /api/table/modify/field HTTP/1.1" 404 48 "-" "PostmanRuntime/7.31.0"
::ffff:192.168.15.205 - - [22/Feb/2023:08:29:48 +0000] "POST /api/table/modify/field HTTP/1.1" 404 71 "-" "PostmanRuntime/7.31.0"
::ffff:192.168.15.205 - - [22/Feb/2023:08:29:57 +0000] "POST /api/table/modify/field HTTP/1.1" 404 69 "-" "PostmanRuntime/7.31.0"
::ffff:192.168.15.205 - - [22/Feb/2023:08:34:03 +0000] "GET /api/table/1/field/1 HTTP/1.1" 200 216 "-" "PostmanRuntime/7.31.0"
::ffff:192.168.15.205 - - [22/Feb/2023:08:46:35 +0000] "GET /api/table/1/fields HTTP/1.1" 200 677 "-" "PostmanRuntime/7.31.0"
::ffff:192.168.15.205 - - [22/Feb/2023:08:49:23 +0000] "GET /api/table/1/fields HTTP/1.1" 200 702 "-" "PostmanRuntime/7.31.0"
::ffff:192.168.15.205 - - [22/Feb/2023:08:51:12 +0000] "GET /api/table/1/field/2 HTTP/1.1" 200 221 "-" "PostmanRuntime/7.31.0"
::ffff:192.168.15.205 - - [22/Feb/2023:08:54:32 +0000] "PUT /api/table/modify/field HTTP/1.1" 404 69 "-" "PostmanRuntime/7.31.0"
::ffff:192.168.15.205 - - [22/Feb/2023:08:54:38 +0000] "PUT /api/table/modify/field HTTP/1.1" 200 241 "-" "PostmanRuntime/7.31.0"
::ffff:192.168.15.205 - - [22/Feb/2023:08:55:14 +0000] "GET /api/table/1/fields HTTP/1.1" 200 704 "-" "PostmanRuntime/7.31.0"
::ffff:192.168.15.205 - - [22/Feb/2023:08:55:51 +0000] "GET /api/table/1/field/1 HTTP/1.1" 200 218 "-" "PostmanRuntime/7.31.0"
::ffff:192.168.15.205 - - [22/Feb/2023:09:01:28 +0000] "GET /api/table/1/constraints HTTP/1.1" 404 56 "-" "PostmanRuntime/7.31.0"
::ffff:192.168.15.161 - - [22/Feb/2023:09:01:29 +0000] "POST /login HTTP/1.1" 200 55 "http://localhost:3000/login" "Mozilla/5.0 (Windows NT 10.0; Win64; x64) AppleWebKit/537.36 (KHTML, like Gecko) Chrome/110.0.0.0 Safari/537.36"
::ffff:192.168.15.161 - - [22/Feb/2023:09:01:29 +0000] "GET /api/user/getall HTTP/1.1" 304 - "http://localhost:3000/user" "Mozilla/5.0 (Windows NT 10.0; Win64; x64) AppleWebKit/537.36 (KHTML, like Gecko) Chrome/110.0.0.0 Safari/537.36"
::ffff:192.168.15.161 - - [22/Feb/2023:09:01:29 +0000] "GET /api/user/getall HTTP/1.1" 304 - "http://localhost:3000/user" "Mozilla/5.0 (Windows NT 10.0; Win64; x64) AppleWebKit/537.36 (KHTML, like Gecko) Chrome/110.0.0.0 Safari/537.36"
::ffff:192.168.15.205 - - [22/Feb/2023:09:02:32 +0000] "GET /api/table/1/fields HTTP/1.1" 200 704 "-" "PostmanRuntime/7.31.0"
::ffff:192.168.15.205 - - [22/Feb/2023:09:03:39 +0000] "GET /api/tables/getall HTTP/1.1" 200 333 "-" "PostmanRuntime/7.31.0"
::ffff:192.168.15.205 - - [22/Feb/2023:09:05:15 +0000] "GET /api/table HTTP/1.1" 404 148 "-" "PostmanRuntime/7.31.0"
::ffff:192.168.15.161 - - [22/Feb/2023:09:05:21 +0000] "GET /create_user HTTP/1.1" 404 150 "http://localhost:3000/user/add" "Mozilla/5.0 (Windows NT 10.0; Win64; x64) AppleWebKit/537.36 (KHTML, like Gecko) Chrome/110.0.0.0 Safari/537.36"
::ffff:192.168.15.161 - - [22/Feb/2023:09:05:21 +0000] "GET /create_user HTTP/1.1" 404 150 "http://localhost:3000/user/add" "Mozilla/5.0 (Windows NT 10.0; Win64; x64) AppleWebKit/537.36 (KHTML, like Gecko) Chrome/110.0.0.0 Safari/537.36"
::ffff:192.168.15.161 - - [22/Feb/2023:09:05:26 +0000] "GET /api/user/getall HTTP/1.1" 304 - "http://localhost:3000/user" "Mozilla/5.0 (Windows NT 10.0; Win64; x64) AppleWebKit/537.36 (KHTML, like Gecko) Chrome/110.0.0.0 Safari/537.36"
::ffff:192.168.15.161 - - [22/Feb/2023:09:05:26 +0000] "GET /api/user/getall HTTP/1.1" 304 - "http://localhost:3000/user" "Mozilla/5.0 (Windows NT 10.0; Win64; x64) AppleWebKit/537.36 (KHTML, like Gecko) Chrome/110.0.0.0 Safari/537.36"
::ffff:192.168.15.161 - - [22/Feb/2023:09:05:29 +0000] "GET /create_user HTTP/1.1" 404 150 "http://localhost:3000/user/add" "Mozilla/5.0 (Windows NT 10.0; Win64; x64) AppleWebKit/537.36 (KHTML, like Gecko) Chrome/110.0.0.0 Safari/537.36"
::ffff:192.168.15.161 - - [22/Feb/2023:09:05:29 +0000] "GET /create_user HTTP/1.1" 404 150 "http://localhost:3000/user/add" "Mozilla/5.0 (Windows NT 10.0; Win64; x64) AppleWebKit/537.36 (KHTML, like Gecko) Chrome/110.0.0.0 Safari/537.36"
::ffff:192.168.15.161 - - [22/Feb/2023:09:05:33 +0000] "POST /create_user HTTP/1.1" 409 59 "http://localhost:3000/user/add" "Mozilla/5.0 (Windows NT 10.0; Win64; x64) AppleWebKit/537.36 (KHTML, like Gecko) Chrome/110.0.0.0 Safari/537.36"
::ffff:192.168.15.161 - - [22/Feb/2023:09:05:36 +0000] "POST /create_user HTTP/1.1" 409 59 "http://localhost:3000/user/add" "Mozilla/5.0 (Windows NT 10.0; Win64; x64) AppleWebKit/537.36 (KHTML, like Gecko) Chrome/110.0.0.0 Safari/537.36"
::ffff:192.168.15.161 - - [22/Feb/2023:09:05:39 +0000] "POST /create_user HTTP/1.1" 409 59 "http://localhost:3000/user/add" "Mozilla/5.0 (Windows NT 10.0; Win64; x64) AppleWebKit/537.36 (KHTML, like Gecko) Chrome/110.0.0.0 Safari/537.36"
::ffff:192.168.15.161 - - [22/Feb/2023:09:05:43 +0000] "POST /create_user HTTP/1.1" 409 59 "http://localhost:3000/user/add" "Mozilla/5.0 (Windows NT 10.0; Win64; x64) AppleWebKit/537.36 (KHTML, like Gecko) Chrome/110.0.0.0 Safari/537.36"
::ffff:192.168.15.205 - - [22/Feb/2023:09:06:51 +0000] "GET /api/tables/getall HTTP/1.1" 200 62 "-" "PostmanRuntime/7.31.0"
::ffff:192.168.15.161 - - [22/Feb/2023:09:08:40 +0000] "GET /api/user/getall HTTP/1.1" 304 - "http://localhost:3000/user" "Mozilla/5.0 (Windows NT 10.0; Win64; x64) AppleWebKit/537.36 (KHTML, like Gecko) Chrome/110.0.0.0 Safari/537.36"
::ffff:192.168.15.161 - - [22/Feb/2023:09:08:40 +0000] "GET /api/user/getall HTTP/1.1" 304 - "http://localhost:3000/user" "Mozilla/5.0 (Windows NT 10.0; Win64; x64) AppleWebKit/537.36 (KHTML, like Gecko) Chrome/110.0.0.0 Safari/537.36"
::ffff:192.168.15.161 - - [22/Feb/2023:09:10:53 +0000] "GET /api/user/getall HTTP/1.1" 304 - "http://localhost:3000/user" "Mozilla/5.0 (Windows NT 10.0; Win64; x64) AppleWebKit/537.36 (KHTML, like Gecko) Chrome/110.0.0.0 Safari/537.36"
::ffff:192.168.15.161 - - [22/Feb/2023:09:10:53 +0000] "GET /api/user/getall HTTP/1.1" 304 - "http://localhost:3000/user" "Mozilla/5.0 (Windows NT 10.0; Win64; x64) AppleWebKit/537.36 (KHTML, like Gecko) Chrome/110.0.0.0 Safari/537.36"
::ffff:192.168.15.205 - - [22/Feb/2023:09:13:59 +0000] "GET /api/tables/getall HTTP/1.1" 200 62 "-" "PostmanRuntime/7.31.0"
::ffff:192.168.15.205 - - [22/Feb/2023:09:14:07 +0000] "GET /api/tables/getall HTTP/1.1" 200 333 "-" "PostmanRuntime/7.31.0"
::ffff:192.168.15.205 - - [22/Feb/2023:09:15:02 +0000] "GET /api/tables/getall HTTP/1.1" 200 62 "-" "PostmanRuntime/7.31.0"
::ffff:192.168.15.205 - - [22/Feb/2023:09:17:03 +0000] "GET /api/tables/getall HTTP/1.1" 200 333 "-" "PostmanRuntime/7.31.0"
::ffff:192.168.15.205 - - [22/Feb/2023:09:19:38 +0000] "GET /api/tables/getall HTTP/1.1" 200 489 "-" "PostmanRuntime/7.31.0"
::ffff:192.168.15.205 - - [22/Feb/2023:09:22:47 +0000] "GET /api/table/constraints HTTP/1.1" 404 160 "-" "PostmanRuntime/7.31.0"
::ffff:192.168.15.161 - - [22/Feb/2023:09:48:37 +0000] "GET /create_user HTTP/1.1" 404 150 "http://localhost:3000/user/add" "Mozilla/5.0 (Windows NT 10.0; Win64; x64) AppleWebKit/537.36 (KHTML, like Gecko) Chrome/110.0.0.0 Safari/537.36"
::ffff:192.168.15.161 - - [22/Feb/2023:09:48:37 +0000] "GET /create_user HTTP/1.1" 404 150 "http://localhost:3000/user/add" "Mozilla/5.0 (Windows NT 10.0; Win64; x64) AppleWebKit/537.36 (KHTML, like Gecko) Chrome/110.0.0.0 Safari/537.36"
::ffff:192.168.15.161 - - [22/Feb/2023:09:48:38 +0000] "POST /create_user HTTP/1.1" 409 59 "http://localhost:3000/user/add" "Mozilla/5.0 (Windows NT 10.0; Win64; x64) AppleWebKit/537.36 (KHTML, like Gecko) Chrome/110.0.0.0 Safari/537.36"
::ffff:192.168.15.161 - - [22/Feb/2023:09:48:43 +0000] "POST /create_user HTTP/1.1" 409 59 "http://localhost:3000/user/add" "Mozilla/5.0 (Windows NT 10.0; Win64; x64) AppleWebKit/537.36 (KHTML, like Gecko) Chrome/110.0.0.0 Safari/537.36"
::ffff:192.168.15.161 - - [22/Feb/2023:09:48:48 +0000] "GET /api/user/getall HTTP/1.1" 304 - "http://localhost:3000/user" "Mozilla/5.0 (Windows NT 10.0; Win64; x64) AppleWebKit/537.36 (KHTML, like Gecko) Chrome/110.0.0.0 Safari/537.36"
::ffff:192.168.15.161 - - [22/Feb/2023:09:48:48 +0000] "GET /api/user/getall HTTP/1.1" 304 - "http://localhost:3000/user" "Mozilla/5.0 (Windows NT 10.0; Win64; x64) AppleWebKit/537.36 (KHTML, like Gecko) Chrome/110.0.0.0 Safari/537.36"
::ffff:192.168.15.161 - - [23/Feb/2023:01:02:39 +0000] "GET /api/user/getall HTTP/1.1" 304 - "http://localhost:3000/user" "Mozilla/5.0 (Windows NT 10.0; Win64; x64) AppleWebKit/537.36 (KHTML, like Gecko) Chrome/110.0.0.0 Safari/537.36"
::ffff:192.168.15.161 - - [23/Feb/2023:01:02:39 +0000] "GET /api/user/getall HTTP/1.1" 304 - "http://localhost:3000/user" "Mozilla/5.0 (Windows NT 10.0; Win64; x64) AppleWebKit/537.36 (KHTML, like Gecko) Chrome/110.0.0.0 Safari/537.36"
::ffff:192.168.15.161 - - [23/Feb/2023:01:02:43 +0000] "GET /create_user HTTP/1.1" 404 150 "http://localhost:3000/user/add" "Mozilla/5.0 (Windows NT 10.0; Win64; x64) AppleWebKit/537.36 (KHTML, like Gecko) Chrome/110.0.0.0 Safari/537.36"
::ffff:192.168.15.161 - - [23/Feb/2023:01:02:43 +0000] "GET /create_user HTTP/1.1" 404 150 "http://localhost:3000/user/add" "Mozilla/5.0 (Windows NT 10.0; Win64; x64) AppleWebKit/537.36 (KHTML, like Gecko) Chrome/110.0.0.0 Safari/537.36"
::ffff:192.168.15.161 - - [23/Feb/2023:01:02:44 +0000] "GET /api/user/getall HTTP/1.1" 304 - "http://localhost:3000/user" "Mozilla/5.0 (Windows NT 10.0; Win64; x64) AppleWebKit/537.36 (KHTML, like Gecko) Chrome/110.0.0.0 Safari/537.36"
::ffff:192.168.15.161 - - [23/Feb/2023:01:02:45 +0000] "GET /api/user/getall HTTP/1.1" 304 - "http://localhost:3000/user" "Mozilla/5.0 (Windows NT 10.0; Win64; x64) AppleWebKit/537.36 (KHTML, like Gecko) Chrome/110.0.0.0 Safari/537.36"
::ffff:192.168.15.161 - - [23/Feb/2023:01:02:46 +0000] "GET /create_user HTTP/1.1" 404 150 "http://localhost:3000/user/add" "Mozilla/5.0 (Windows NT 10.0; Win64; x64) AppleWebKit/537.36 (KHTML, like Gecko) Chrome/110.0.0.0 Safari/537.36"
::ffff:192.168.15.161 - - [23/Feb/2023:01:02:46 +0000] "GET /create_user HTTP/1.1" 404 150 "http://localhost:3000/user/add" "Mozilla/5.0 (Windows NT 10.0; Win64; x64) AppleWebKit/537.36 (KHTML, like Gecko) Chrome/110.0.0.0 Safari/537.36"
::ffff:192.168.15.161 - - [23/Feb/2023:01:02:47 +0000] "GET /api/user/getall HTTP/1.1" 304 - "http://localhost:3000/user" "Mozilla/5.0 (Windows NT 10.0; Win64; x64) AppleWebKit/537.36 (KHTML, like Gecko) Chrome/110.0.0.0 Safari/537.36"
::ffff:192.168.15.161 - - [23/Feb/2023:01:02:47 +0000] "GET /api/user/getall HTTP/1.1" 304 - "http://localhost:3000/user" "Mozilla/5.0 (Windows NT 10.0; Win64; x64) AppleWebKit/537.36 (KHTML, like Gecko) Chrome/110.0.0.0 Safari/537.36"
::ffff:192.168.15.161 - - [23/Feb/2023:01:04:20 +0000] "GET /api/user/getall HTTP/1.1" 304 - "http://localhost:3000/user" "Mozilla/5.0 (Windows NT 10.0; Win64; x64) AppleWebKit/537.36 (KHTML, like Gecko) Chrome/110.0.0.0 Safari/537.36"
::ffff:192.168.15.161 - - [23/Feb/2023:01:04:22 +0000] "GET /api/user/getall HTTP/1.1" 304 - "http://localhost:3000/user" "Mozilla/5.0 (Windows NT 10.0; Win64; x64) AppleWebKit/537.36 (KHTML, like Gecko) Chrome/110.0.0.0 Safari/537.36"
::ffff:192.168.15.161 - - [23/Feb/2023:01:04:22 +0000] "GET /api/user/getall HTTP/1.1" 304 - "http://localhost:3000/user" "Mozilla/5.0 (Windows NT 10.0; Win64; x64) AppleWebKit/537.36 (KHTML, like Gecko) Chrome/110.0.0.0 Safari/537.36"
::ffff:192.168.15.161 - - [23/Feb/2023:01:04:39 +0000] "GET /api/user/getall HTTP/1.1" 304 - "http://localhost:3000/user" "Mozilla/5.0 (Windows NT 10.0; Win64; x64) AppleWebKit/537.36 (KHTML, like Gecko) Chrome/110.0.0.0 Safari/537.36"
::ffff:192.168.15.161 - - [23/Feb/2023:01:04:42 +0000] "GET /api/user/getall HTTP/1.1" 304 - "http://localhost:3000/user" "Mozilla/5.0 (Windows NT 10.0; Win64; x64) AppleWebKit/537.36 (KHTML, like Gecko) Chrome/110.0.0.0 Safari/537.36"
::ffff:192.168.15.161 - - [23/Feb/2023:01:04:42 +0000] "GET /api/user/getall HTTP/1.1" 304 - "http://localhost:3000/user" "Mozilla/5.0 (Windows NT 10.0; Win64; x64) AppleWebKit/537.36 (KHTML, like Gecko) Chrome/110.0.0.0 Safari/537.36"
::ffff:192.168.15.161 - - [23/Feb/2023:01:05:36 +0000] "GET /api/user/getall HTTP/1.1" 304 - "http://localhost:3000/user" "Mozilla/5.0 (Windows NT 10.0; Win64; x64) AppleWebKit/537.36 (KHTML, like Gecko) Chrome/110.0.0.0 Safari/537.36"
::ffff:192.168.15.161 - - [23/Feb/2023:01:05:38 +0000] "GET /api/user/getall HTTP/1.1" 304 - "http://localhost:3000/user" "Mozilla/5.0 (Windows NT 10.0; Win64; x64) AppleWebKit/537.36 (KHTML, like Gecko) Chrome/110.0.0.0 Safari/537.36"
::ffff:192.168.15.161 - - [23/Feb/2023:01:05:38 +0000] "GET /api/user/getall HTTP/1.1" 304 - "http://localhost:3000/user" "Mozilla/5.0 (Windows NT 10.0; Win64; x64) AppleWebKit/537.36 (KHTML, like Gecko) Chrome/110.0.0.0 Safari/537.36"
::ffff:192.168.15.161 - - [23/Feb/2023:01:06:14 +0000] "GET /api/user/getall HTTP/1.1" 304 - "http://localhost:3000/user" "Mozilla/5.0 (Windows NT 10.0; Win64; x64) AppleWebKit/537.36 (KHTML, like Gecko) Chrome/110.0.0.0 Safari/537.36"
::ffff:192.168.15.161 - - [23/Feb/2023:01:06:15 +0000] "GET /api/user/getall HTTP/1.1" 304 - "http://localhost:3000/user" "Mozilla/5.0 (Windows NT 10.0; Win64; x64) AppleWebKit/537.36 (KHTML, like Gecko) Chrome/110.0.0.0 Safari/537.36"
::ffff:192.168.15.161 - - [23/Feb/2023:01:06:15 +0000] "GET /api/user/getall HTTP/1.1" 304 - "http://localhost:3000/user" "Mozilla/5.0 (Windows NT 10.0; Win64; x64) AppleWebKit/537.36 (KHTML, like Gecko) Chrome/110.0.0.0 Safari/537.36"
::ffff:192.168.15.161 - - [23/Feb/2023:01:11:32 +0000] "GET /api/user/getall HTTP/1.1" 304 - "http://localhost:3000/user" "Mozilla/5.0 (Windows NT 10.0; Win64; x64) AppleWebKit/537.36 (KHTML, like Gecko) Chrome/110.0.0.0 Safari/537.36"
::ffff:192.168.15.161 - - [23/Feb/2023:01:19:44 +0000] "GET /create_user HTTP/1.1" 404 150 "http://localhost:3000/user/add" "Mozilla/5.0 (Windows NT 10.0; Win64; x64) AppleWebKit/537.36 (KHTML, like Gecko) Chrome/110.0.0.0 Safari/537.36"
::ffff:192.168.15.161 - - [23/Feb/2023:01:19:44 +0000] "GET /create_user HTTP/1.1" 404 150 "http://localhost:3000/user/add" "Mozilla/5.0 (Windows NT 10.0; Win64; x64) AppleWebKit/537.36 (KHTML, like Gecko) Chrome/110.0.0.0 Safari/537.36"
::ffff:192.168.15.161 - - [23/Feb/2023:01:19:45 +0000] "GET /api/user/getall HTTP/1.1" 304 - "http://localhost:3000/user" "Mozilla/5.0 (Windows NT 10.0; Win64; x64) AppleWebKit/537.36 (KHTML, like Gecko) Chrome/110.0.0.0 Safari/537.36"
::ffff:192.168.15.161 - - [23/Feb/2023:01:19:45 +0000] "GET /api/user/getall HTTP/1.1" 304 - "http://localhost:3000/user" "Mozilla/5.0 (Windows NT 10.0; Win64; x64) AppleWebKit/537.36 (KHTML, like Gecko) Chrome/110.0.0.0 Safari/537.36"
::ffff:192.168.15.161 - - [23/Feb/2023:01:19:52 +0000] "GET /api/user/getall HTTP/1.1" 304 - "http://localhost:3000/user" "Mozilla/5.0 (Windows NT 10.0; Win64; x64) AppleWebKit/537.36 (KHTML, like Gecko) Chrome/110.0.0.0 Safari/537.36"
::ffff:192.168.15.161 - - [23/Feb/2023:01:21:32 +0000] "GET /api/user/getall HTTP/1.1" 304 - "http://localhost:3000/user" "Mozilla/5.0 (Windows NT 10.0; Win64; x64) AppleWebKit/537.36 (KHTML, like Gecko) Chrome/110.0.0.0 Safari/537.36"
::ffff:192.168.15.161 - - [23/Feb/2023:01:21:32 +0000] "GET /api/user/getall HTTP/1.1" 304 - "http://localhost:3000/user" "Mozilla/5.0 (Windows NT 10.0; Win64; x64) AppleWebKit/537.36 (KHTML, like Gecko) Chrome/110.0.0.0 Safari/537.36"
::ffff:192.168.15.161 - - [23/Feb/2023:01:21:33 +0000] "GET /create_user HTTP/1.1" 404 150 "http://localhost:3000/user/update" "Mozilla/5.0 (Windows NT 10.0; Win64; x64) AppleWebKit/537.36 (KHTML, like Gecko) Chrome/110.0.0.0 Safari/537.36"
::ffff:192.168.15.161 - - [23/Feb/2023:01:21:33 +0000] "GET /create_user HTTP/1.1" 404 150 "http://localhost:3000/user/update" "Mozilla/5.0 (Windows NT 10.0; Win64; x64) AppleWebKit/537.36 (KHTML, like Gecko) Chrome/110.0.0.0 Safari/537.36"
::ffff:192.168.15.161 - - [23/Feb/2023:01:21:35 +0000] "GET /api/user/getall HTTP/1.1" 304 - "http://localhost:3000/user" "Mozilla/5.0 (Windows NT 10.0; Win64; x64) AppleWebKit/537.36 (KHTML, like Gecko) Chrome/110.0.0.0 Safari/537.36"
::ffff:192.168.15.161 - - [23/Feb/2023:01:21:35 +0000] "GET /api/user/getall HTTP/1.1" 304 - "http://localhost:3000/user" "Mozilla/5.0 (Windows NT 10.0; Win64; x64) AppleWebKit/537.36 (KHTML, like Gecko) Chrome/110.0.0.0 Safari/537.36"
::ffff:192.168.15.161 - - [23/Feb/2023:01:22:02 +0000] "GET /create_user HTTP/1.1" 404 150 "http://localhost:3000/user/update" "Mozilla/5.0 (Windows NT 10.0; Win64; x64) AppleWebKit/537.36 (KHTML, like Gecko) Chrome/110.0.0.0 Safari/537.36"
::ffff:192.168.15.161 - - [23/Feb/2023:01:22:02 +0000] "GET /create_user HTTP/1.1" 404 150 "http://localhost:3000/user/update" "Mozilla/5.0 (Windows NT 10.0; Win64; x64) AppleWebKit/537.36 (KHTML, like Gecko) Chrome/110.0.0.0 Safari/537.36"
::ffff:192.168.15.161 - - [23/Feb/2023:01:22:41 +0000] "GET /create_user HTTP/1.1" 404 150 "http://localhost:3000/user/update" "Mozilla/5.0 (Windows NT 10.0; Win64; x64) AppleWebKit/537.36 (KHTML, like Gecko) Chrome/110.0.0.0 Safari/537.36"
::ffff:192.168.15.161 - - [23/Feb/2023:01:22:46 +0000] "GET /create_user HTTP/1.1" 404 150 "http://localhost:3000/user/update" "Mozilla/5.0 (Windows NT 10.0; Win64; x64) AppleWebKit/537.36 (KHTML, like Gecko) Chrome/110.0.0.0 Safari/537.36"
::ffff:192.168.15.161 - - [23/Feb/2023:01:23:13 +0000] "GET /create_user HTTP/1.1" 404 150 "http://localhost:3000/user/update" "Mozilla/5.0 (Windows NT 10.0; Win64; x64) AppleWebKit/537.36 (KHTML, like Gecko) Chrome/110.0.0.0 Safari/537.36"
::ffff:192.168.15.161 - - [23/Feb/2023:01:23:22 +0000] "GET /create_user HTTP/1.1" 404 150 "http://localhost:3000/user/update" "Mozilla/5.0 (Windows NT 10.0; Win64; x64) AppleWebKit/537.36 (KHTML, like Gecko) Chrome/110.0.0.0 Safari/537.36"
::ffff:192.168.15.161 - - [23/Feb/2023:01:23:25 +0000] "GET /create_user HTTP/1.1" 404 150 "http://localhost:3000/user/update" "Mozilla/5.0 (Windows NT 10.0; Win64; x64) AppleWebKit/537.36 (KHTML, like Gecko) Chrome/110.0.0.0 Safari/537.36"
::ffff:192.168.15.161 - - [23/Feb/2023:01:23:28 +0000] "GET /create_user HTTP/1.1" 404 150 "http://localhost:3000/user/update" "Mozilla/5.0 (Windows NT 10.0; Win64; x64) AppleWebKit/537.36 (KHTML, like Gecko) Chrome/110.0.0.0 Safari/537.36"
::ffff:192.168.15.161 - - [23/Feb/2023:01:24:02 +0000] "GET /api/user/getall HTTP/1.1" 304 - "http://localhost:3000/user" "Mozilla/5.0 (Windows NT 10.0; Win64; x64) AppleWebKit/537.36 (KHTML, like Gecko) Chrome/110.0.0.0 Safari/537.36"
::ffff:192.168.15.161 - - [23/Feb/2023:01:31:21 +0000] "GET /api/user/getall HTTP/1.1" 200 2089 "http://localhost:3000/user" "Mozilla/5.0 (Windows NT 10.0; Win64; x64) AppleWebKit/537.36 (KHTML, like Gecko) Chrome/110.0.0.0 Safari/537.36"
::ffff:192.168.15.161 - - [23/Feb/2023:01:31:21 +0000] "GET /api/user/getall HTTP/1.1" 304 - "http://localhost:3000/user" "Mozilla/5.0 (Windows NT 10.0; Win64; x64) AppleWebKit/537.36 (KHTML, like Gecko) Chrome/110.0.0.0 Safari/537.36"
::ffff:192.168.15.161 - - [23/Feb/2023:01:31:23 +0000] "GET /create_user HTTP/1.1" 404 150 "http://localhost:3000/user/update" "Mozilla/5.0 (Windows NT 10.0; Win64; x64) AppleWebKit/537.36 (KHTML, like Gecko) Chrome/110.0.0.0 Safari/537.36"
::ffff:192.168.15.161 - - [23/Feb/2023:01:31:23 +0000] "GET /create_user HTTP/1.1" 404 150 "http://localhost:3000/user/update" "Mozilla/5.0 (Windows NT 10.0; Win64; x64) AppleWebKit/537.36 (KHTML, like Gecko) Chrome/110.0.0.0 Safari/537.36"
::ffff:192.168.15.161 - - [23/Feb/2023:01:31:24 +0000] "GET /api/user/getall HTTP/1.1" 304 - "http://localhost:3000/user" "Mozilla/5.0 (Windows NT 10.0; Win64; x64) AppleWebKit/537.36 (KHTML, like Gecko) Chrome/110.0.0.0 Safari/537.36"
::ffff:192.168.15.161 - - [23/Feb/2023:01:31:25 +0000] "GET /api/user/getall HTTP/1.1" 304 - "http://localhost:3000/user" "Mozilla/5.0 (Windows NT 10.0; Win64; x64) AppleWebKit/537.36 (KHTML, like Gecko) Chrome/110.0.0.0 Safari/537.36"
::ffff:192.168.15.161 - - [23/Feb/2023:01:31:35 +0000] "GET /create_user HTTP/1.1" 404 150 "http://localhost:3000/user/update" "Mozilla/5.0 (Windows NT 10.0; Win64; x64) AppleWebKit/537.36 (KHTML, like Gecko) Chrome/110.0.0.0 Safari/537.36"
::ffff:192.168.15.161 - - [23/Feb/2023:01:31:35 +0000] "GET /create_user HTTP/1.1" 404 150 "http://localhost:3000/user/update" "Mozilla/5.0 (Windows NT 10.0; Win64; x64) AppleWebKit/537.36 (KHTML, like Gecko) Chrome/110.0.0.0 Safari/537.36"
::ffff:192.168.15.161 - - [23/Feb/2023:01:31:36 +0000] "GET /api/user/getall HTTP/1.1" 304 - "http://localhost:3000/user" "Mozilla/5.0 (Windows NT 10.0; Win64; x64) AppleWebKit/537.36 (KHTML, like Gecko) Chrome/110.0.0.0 Safari/537.36"
::ffff:192.168.15.161 - - [23/Feb/2023:01:31:36 +0000] "GET /api/user/getall HTTP/1.1" 304 - "http://localhost:3000/user" "Mozilla/5.0 (Windows NT 10.0; Win64; x64) AppleWebKit/537.36 (KHTML, like Gecko) Chrome/110.0.0.0 Safari/537.36"
::ffff:192.168.15.205 - - [23/Feb/2023:01:31:58 +0000] "GET /api/tables/getall HTTP/1.1" 200 489 "-" "PostmanRuntime/7.31.0"
::ffff:192.168.15.161 - - [23/Feb/2023:01:31:58 +0000] "GET /create_user HTTP/1.1" 404 150 "http://localhost:3000/user/update" "Mozilla/5.0 (Windows NT 10.0; Win64; x64) AppleWebKit/537.36 (KHTML, like Gecko) Chrome/110.0.0.0 Safari/537.36"
::ffff:192.168.15.161 - - [23/Feb/2023:01:31:58 +0000] "GET /create_user HTTP/1.1" 404 150 "http://localhost:3000/user/update" "Mozilla/5.0 (Windows NT 10.0; Win64; x64) AppleWebKit/537.36 (KHTML, like Gecko) Chrome/110.0.0.0 Safari/537.36"
::ffff:192.168.15.161 - - [23/Feb/2023:01:32:00 +0000] "GET /api/user/getall HTTP/1.1" 304 - "http://localhost:3000/user" "Mozilla/5.0 (Windows NT 10.0; Win64; x64) AppleWebKit/537.36 (KHTML, like Gecko) Chrome/110.0.0.0 Safari/537.36"
::ffff:192.168.15.161 - - [23/Feb/2023:01:32:00 +0000] "GET /api/user/getall HTTP/1.1" 304 - "http://localhost:3000/user" "Mozilla/5.0 (Windows NT 10.0; Win64; x64) AppleWebKit/537.36 (KHTML, like Gecko) Chrome/110.0.0.0 Safari/537.36"
::ffff:192.168.15.205 - - [23/Feb/2023:01:32:23 +0000] "POST /api/table/create/field HTTP/1.1" 200 216 "-" "PostmanRuntime/7.31.0"
::ffff:192.168.15.205 - - [23/Feb/2023:01:34:43 +0000] "GET /api/table/2/field/1 HTTP/1.1" 200 68 "-" "PostmanRuntime/7.31.0"
::ffff:192.168.15.205 - - [23/Feb/2023:01:35:00 +0000] "GET /api/table/2/fields HTTP/1.1" 200 214 "-" "PostmanRuntime/7.31.0"
::ffff:192.168.15.205 - - [23/Feb/2023:01:54:11 +0000] "POST /api/table/constraints HTTP/1.1" 404 161 "-" "PostmanRuntime/7.31.0"
::ffff:192.168.15.205 - - [23/Feb/2023:02:48:36 +0000] "POST /api/table/con HTTP/1.1" 200 71 "-" "PostmanRuntime/7.31.0"
::ffff:192.168.15.205 - - [23/Feb/2023:02:49:19 +0000] "POST /api/table/constraint HTTP/1.1" 200 71 "-" "PostmanRuntime/7.31.0"
::ffff:192.168.15.161 - - [23/Feb/2023:02:59:00 +0000] "GET /api/user/getall HTTP/1.1" 200 2089 "http://localhost:3000/user" "Mozilla/5.0 (Windows NT 10.0; Win64; x64) AppleWebKit/537.36 (KHTML, like Gecko) Chrome/110.0.0.0 Safari/537.36"
::ffff:192.168.15.161 - - [23/Feb/2023:02:59:00 +0000] "GET /api/user/getall HTTP/1.1" 304 - "http://localhost:3000/user" "Mozilla/5.0 (Windows NT 10.0; Win64; x64) AppleWebKit/537.36 (KHTML, like Gecko) Chrome/110.0.0.0 Safari/537.36"
::ffff:192.168.15.161 - - [23/Feb/2023:03:11:35 +0000] "GET /api/user/getall HTTP/1.1" 304 - "http://localhost:3000/user" "Mozilla/5.0 (Windows NT 10.0; Win64; x64) AppleWebKit/537.36 (KHTML, like Gecko) Chrome/110.0.0.0 Safari/537.36"
::ffff:192.168.15.161 - - [23/Feb/2023:03:11:35 +0000] "GET /api/user/getall HTTP/1.1" 304 - "http://localhost:3000/user" "Mozilla/5.0 (Windows NT 10.0; Win64; x64) AppleWebKit/537.36 (KHTML, like Gecko) Chrome/110.0.0.0 Safari/537.36"
::ffff:192.168.15.161 - - [23/Feb/2023:03:11:40 +0000] "GET /create_user HTTP/1.1" 404 150 "http://localhost:3000/user/add" "Mozilla/5.0 (Windows NT 10.0; Win64; x64) AppleWebKit/537.36 (KHTML, like Gecko) Chrome/110.0.0.0 Safari/537.36"
::ffff:192.168.15.161 - - [23/Feb/2023:03:11:40 +0000] "GET /create_user HTTP/1.1" 404 150 "http://localhost:3000/user/add" "Mozilla/5.0 (Windows NT 10.0; Win64; x64) AppleWebKit/537.36 (KHTML, like Gecko) Chrome/110.0.0.0 Safari/537.36"
::ffff:192.168.15.161 - - [23/Feb/2023:03:11:41 +0000] "GET /api/user/getall HTTP/1.1" 304 - "http://localhost:3000/user" "Mozilla/5.0 (Windows NT 10.0; Win64; x64) AppleWebKit/537.36 (KHTML, like Gecko) Chrome/110.0.0.0 Safari/537.36"
::ffff:192.168.15.161 - - [23/Feb/2023:03:11:41 +0000] "GET /api/user/getall HTTP/1.1" 304 - "http://localhost:3000/user" "Mozilla/5.0 (Windows NT 10.0; Win64; x64) AppleWebKit/537.36 (KHTML, like Gecko) Chrome/110.0.0.0 Safari/537.36"
::ffff:192.168.15.161 - - [23/Feb/2023:03:11:42 +0000] "GET /create_user HTTP/1.1" 404 150 "http://localhost:3000/user/update" "Mozilla/5.0 (Windows NT 10.0; Win64; x64) AppleWebKit/537.36 (KHTML, like Gecko) Chrome/110.0.0.0 Safari/537.36"
::ffff:192.168.15.161 - - [23/Feb/2023:03:11:43 +0000] "GET /create_user HTTP/1.1" 404 150 "http://localhost:3000/user/update" "Mozilla/5.0 (Windows NT 10.0; Win64; x64) AppleWebKit/537.36 (KHTML, like Gecko) Chrome/110.0.0.0 Safari/537.36"
::ffff:192.168.15.161 - - [23/Feb/2023:03:11:44 +0000] "GET /api/user/getall HTTP/1.1" 304 - "http://localhost:3000/user" "Mozilla/5.0 (Windows NT 10.0; Win64; x64) AppleWebKit/537.36 (KHTML, like Gecko) Chrome/110.0.0.0 Safari/537.36"
::ffff:192.168.15.161 - - [23/Feb/2023:03:11:44 +0000] "GET /api/user/getall HTTP/1.1" 304 - "http://localhost:3000/user" "Mozilla/5.0 (Windows NT 10.0; Win64; x64) AppleWebKit/537.36 (KHTML, like Gecko) Chrome/110.0.0.0 Safari/537.36"
::ffff:192.168.15.161 - - [23/Feb/2023:03:18:27 +0000] "GET /api/user/getall HTTP/1.1" 304 - "http://localhost:3000/user" "Mozilla/5.0 (Windows NT 10.0; Win64; x64) AppleWebKit/537.36 (KHTML, like Gecko) Chrome/110.0.0.0 Safari/537.36"
::ffff:192.168.15.161 - - [23/Feb/2023:03:18:27 +0000] "GET /api/user/getall HTTP/1.1" 304 - "http://localhost:3000/user" "Mozilla/5.0 (Windows NT 10.0; Win64; x64) AppleWebKit/537.36 (KHTML, like Gecko) Chrome/110.0.0.0 Safari/537.36"
::ffff:192.168.15.161 - - [23/Feb/2023:03:54:28 +0000] "GET /api/user/getall HTTP/1.1" 304 - "http://localhost:3000/user" "Mozilla/5.0 (Windows NT 10.0; Win64; x64) AppleWebKit/537.36 (KHTML, like Gecko) Chrome/110.0.0.0 Safari/537.36"
::ffff:192.168.15.161 - - [23/Feb/2023:03:54:28 +0000] "GET /api/user/getall HTTP/1.1" 304 - "http://localhost:3000/user" "Mozilla/5.0 (Windows NT 10.0; Win64; x64) AppleWebKit/537.36 (KHTML, like Gecko) Chrome/110.0.0.0 Safari/537.36"
::ffff:192.168.15.205 - - [23/Feb/2023:03:57:01 +0000] "POST /api/table/constraint HTTP/1.1" 200 71 "-" "PostmanRuntime/7.31.0"
::ffff:192.168.15.205 - - [23/Feb/2023:03:57:17 +0000] "POST /api/table/constraint HTTP/1.1" 200 71 "-" "PostmanRuntime/7.31.0"
::ffff:192.168.15.205 - - [23/Feb/2023:04:02:07 +0000] "POST /api/table/constraint HTTP/1.1" 200 193 "-" "PostmanRuntime/7.31.0"
::ffff:192.168.15.205 - - [23/Feb/2023:04:03:00 +0000] "POST /api/table/constraint HTTP/1.1" 200 193 "-" "PostmanRuntime/7.31.0"
::ffff:192.168.15.205 - - [23/Feb/2023:04:04:32 +0000] "POST /api/table/constraint HTTP/1.1" 200 192 "-" "PostmanRuntime/7.31.0"
::ffff:192.168.15.205 - - [23/Feb/2023:04:09:21 +0000] "GET /api/table/1/constraints HTTP/1.1" 200 491 "-" "PostmanRuntime/7.31.0"
::ffff:192.168.15.161 - - [23/Feb/2023:04:10:06 +0000] "GET /api/user/getall HTTP/1.1" 200 2089 "http://localhost:3000/user" "Mozilla/5.0 (Windows NT 10.0; Win64; x64) AppleWebKit/537.36 (KHTML, like Gecko) Chrome/110.0.0.0 Safari/537.36"
::ffff:192.168.15.161 - - [23/Feb/2023:04:10:06 +0000] "GET /api/user/getall HTTP/1.1" 304 - "http://localhost:3000/user" "Mozilla/5.0 (Windows NT 10.0; Win64; x64) AppleWebKit/537.36 (KHTML, like Gecko) Chrome/110.0.0.0 Safari/537.36"
::ffff:192.168.15.205 - - [23/Feb/2023:04:11:38 +0000] "PUT /api/table/modify/constraint HTTP/1.1" 404 166 "-" "PostmanRuntime/7.31.0"
::ffff:192.168.15.205 - - [23/Feb/2023:04:22:51 +0000] "GET /api/table/1/constraints HTTP/1.1" 200 491 "-" "PostmanRuntime/7.31.0"
::ffff:192.168.15.205 - - [23/Feb/2023:04:23:13 +0000] "PUT /api/table/modify/constraint HTTP/1.1" 200 71 "-" "PostmanRuntime/7.31.0"
::ffff:192.168.15.205 - - [23/Feb/2023:04:23:45 +0000] "PUT /api/table/modify/constraint HTTP/1.1" 200 192 "-" "PostmanRuntime/7.31.0"
::ffff:192.168.15.205 - - [23/Feb/2023:04:23:49 +0000] "GET /api/table/1/constraints HTTP/1.1" 200 347 "-" "PostmanRuntime/7.31.0"
::ffff:192.168.15.205 - - [23/Feb/2023:04:24:02 +0000] "GET /api/table/5/constraints HTTP/1.1" 200 63 "-" "PostmanRuntime/7.31.0"
::ffff:192.168.15.205 - - [23/Feb/2023:04:24:07 +0000] "GET /api/table/1/constraints HTTP/1.1" 200 347 "-" "PostmanRuntime/7.31.0"
::ffff:192.168.15.205 - - [23/Feb/2023:04:24:27 +0000] "PUT /api/table/modify/constraint HTTP/1.1" 200 192 "-" "PostmanRuntime/7.31.0"
::ffff:192.168.15.161 - - [23/Feb/2023:04:24:29 +0000] "GET /api/user/getall HTTP/1.1" 200 2089 "http://localhost:3000/user" "Mozilla/5.0 (Windows NT 10.0; Win64; x64) AppleWebKit/537.36 (KHTML, like Gecko) Chrome/110.0.0.0 Safari/537.36"
::ffff:192.168.15.161 - - [23/Feb/2023:04:24:29 +0000] "GET /api/user/getall HTTP/1.1" 304 - "http://localhost:3000/user" "Mozilla/5.0 (Windows NT 10.0; Win64; x64) AppleWebKit/537.36 (KHTML, like Gecko) Chrome/110.0.0.0 Safari/537.36"
::ffff:192.168.15.205 - - [23/Feb/2023:04:24:47 +0000] "GET /api/table/1/constraints HTTP/1.1" 200 347 "-" "PostmanRuntime/7.31.0"
::ffff:192.168.15.205 - - [23/Feb/2023:04:25:21 +0000] "GET /api/table/2/constraints HTTP/1.1" 200 201 "-" "PostmanRuntime/7.31.0"
::ffff:192.168.15.161 - - [23/Feb/2023:04:46:56 +0000] "GET /api/user/getall HTTP/1.1" 304 - "http://localhost:3000/user" "Mozilla/5.0 (Windows NT 10.0; Win64; x64) AppleWebKit/537.36 (KHTML, like Gecko) Chrome/110.0.0.0 Safari/537.36"
::ffff:192.168.15.161 - - [23/Feb/2023:04:46:56 +0000] "GET /api/user/getall HTTP/1.1" 304 - "http://localhost:3000/user" "Mozilla/5.0 (Windows NT 10.0; Win64; x64) AppleWebKit/537.36 (KHTML, like Gecko) Chrome/110.0.0.0 Safari/537.36"
::ffff:192.168.15.161 - - [23/Feb/2023:04:47:01 +0000] "GET /create_user HTTP/1.1" 404 150 "http://localhost:3000/user/update" "Mozilla/5.0 (Windows NT 10.0; Win64; x64) AppleWebKit/537.36 (KHTML, like Gecko) Chrome/110.0.0.0 Safari/537.36"
::ffff:192.168.15.161 - - [23/Feb/2023:04:47:01 +0000] "GET /create_user HTTP/1.1" 404 150 "http://localhost:3000/user/update" "Mozilla/5.0 (Windows NT 10.0; Win64; x64) AppleWebKit/537.36 (KHTML, like Gecko) Chrome/110.0.0.0 Safari/537.36"
::ffff:192.168.15.161 - - [23/Feb/2023:04:47:03 +0000] "GET /api/user/getall HTTP/1.1" 304 - "http://localhost:3000/user" "Mozilla/5.0 (Windows NT 10.0; Win64; x64) AppleWebKit/537.36 (KHTML, like Gecko) Chrome/110.0.0.0 Safari/537.36"
::ffff:192.168.15.161 - - [23/Feb/2023:04:47:04 +0000] "GET /api/user/getall HTTP/1.1" 304 - "http://localhost:3000/user" "Mozilla/5.0 (Windows NT 10.0; Win64; x64) AppleWebKit/537.36 (KHTML, like Gecko) Chrome/110.0.0.0 Safari/537.36"
::ffff:192.168.15.161 - - [23/Feb/2023:04:47:05 +0000] "GET /create_user HTTP/1.1" 404 150 "http://localhost:3000/user/add" "Mozilla/5.0 (Windows NT 10.0; Win64; x64) AppleWebKit/537.36 (KHTML, like Gecko) Chrome/110.0.0.0 Safari/537.36"
::ffff:192.168.15.161 - - [23/Feb/2023:04:47:05 +0000] "GET /create_user HTTP/1.1" 404 150 "http://localhost:3000/user/add" "Mozilla/5.0 (Windows NT 10.0; Win64; x64) AppleWebKit/537.36 (KHTML, like Gecko) Chrome/110.0.0.0 Safari/537.36"
::ffff:192.168.15.161 - - [23/Feb/2023:04:47:06 +0000] "GET /api/user/getall HTTP/1.1" 304 - "http://localhost:3000/user" "Mozilla/5.0 (Windows NT 10.0; Win64; x64) AppleWebKit/537.36 (KHTML, like Gecko) Chrome/110.0.0.0 Safari/537.36"
::ffff:192.168.15.161 - - [23/Feb/2023:04:47:06 +0000] "GET /api/user/getall HTTP/1.1" 304 - "http://localhost:3000/user" "Mozilla/5.0 (Windows NT 10.0; Win64; x64) AppleWebKit/537.36 (KHTML, like Gecko) Chrome/110.0.0.0 Safari/537.36"
::ffff:192.168.15.161 - - [23/Feb/2023:04:47:08 +0000] "GET /create_user HTTP/1.1" 404 150 "http://localhost:3000/user/update" "Mozilla/5.0 (Windows NT 10.0; Win64; x64) AppleWebKit/537.36 (KHTML, like Gecko) Chrome/110.0.0.0 Safari/537.36"
::ffff:192.168.15.161 - - [23/Feb/2023:04:47:08 +0000] "GET /create_user HTTP/1.1" 404 150 "http://localhost:3000/user/update" "Mozilla/5.0 (Windows NT 10.0; Win64; x64) AppleWebKit/537.36 (KHTML, like Gecko) Chrome/110.0.0.0 Safari/537.36"
::ffff:192.168.15.161 - - [23/Feb/2023:04:47:09 +0000] "GET /api/user/getall HTTP/1.1" 304 - "http://localhost:3000/user" "Mozilla/5.0 (Windows NT 10.0; Win64; x64) AppleWebKit/537.36 (KHTML, like Gecko) Chrome/110.0.0.0 Safari/537.36"
::ffff:192.168.15.161 - - [23/Feb/2023:04:47:09 +0000] "GET /api/user/getall HTTP/1.1" 304 - "http://localhost:3000/user" "Mozilla/5.0 (Windows NT 10.0; Win64; x64) AppleWebKit/537.36 (KHTML, like Gecko) Chrome/110.0.0.0 Safari/537.36"
::ffff:192.168.15.161 - - [23/Feb/2023:04:47:10 +0000] "GET /api/user/getall HTTP/1.1" 304 - "http://localhost:3000/user" "Mozilla/5.0 (Windows NT 10.0; Win64; x64) AppleWebKit/537.36 (KHTML, like Gecko) Chrome/110.0.0.0 Safari/537.36"
::ffff:192.168.15.161 - - [23/Feb/2023:04:47:10 +0000] "GET /api/user/getall HTTP/1.1" 304 - "http://localhost:3000/user" "Mozilla/5.0 (Windows NT 10.0; Win64; x64) AppleWebKit/537.36 (KHTML, like Gecko) Chrome/110.0.0.0 Safari/537.36"
::ffff:192.168.15.161 - - [23/Feb/2023:04:47:17 +0000] "GET /api/user/getall HTTP/1.1" 304 - "http://localhost:3000/user" "Mozilla/5.0 (Windows NT 10.0; Win64; x64) AppleWebKit/537.36 (KHTML, like Gecko) Chrome/110.0.0.0 Safari/537.36"
::ffff:192.168.15.161 - - [23/Feb/2023:04:47:17 +0000] "GET /api/user/getall HTTP/1.1" 304 - "http://localhost:3000/user" "Mozilla/5.0 (Windows NT 10.0; Win64; x64) AppleWebKit/537.36 (KHTML, like Gecko) Chrome/110.0.0.0 Safari/537.36"
::ffff:192.168.15.161 - - [23/Feb/2023:04:47:39 +0000] "POST /login HTTP/1.1" 200 55 "http://localhost:3000/login" "Mozilla/5.0 (Windows NT 10.0; Win64; x64) AppleWebKit/537.36 (KHTML, like Gecko) Chrome/110.0.0.0 Safari/537.36"
::ffff:192.168.15.161 - - [23/Feb/2023:04:47:39 +0000] "GET /api/user/getall HTTP/1.1" 304 - "http://localhost:3000/user" "Mozilla/5.0 (Windows NT 10.0; Win64; x64) AppleWebKit/537.36 (KHTML, like Gecko) Chrome/110.0.0.0 Safari/537.36"
::ffff:192.168.15.161 - - [23/Feb/2023:04:47:40 +0000] "GET /api/user/getall HTTP/1.1" 304 - "http://localhost:3000/user" "Mozilla/5.0 (Windows NT 10.0; Win64; x64) AppleWebKit/537.36 (KHTML, like Gecko) Chrome/110.0.0.0 Safari/537.36"
::ffff:192.168.15.161 - - [23/Feb/2023:04:52:42 +0000] "GET /api/user/getall HTTP/1.1" 304 - "http://localhost:3000/user" "Mozilla/5.0 (Windows NT 10.0; Win64; x64) AppleWebKit/537.36 (KHTML, like Gecko) Chrome/110.0.0.0 Safari/537.36"
::ffff:192.168.15.161 - - [23/Feb/2023:04:52:42 +0000] "GET /api/user/getall HTTP/1.1" 304 - "http://localhost:3000/user" "Mozilla/5.0 (Windows NT 10.0; Win64; x64) AppleWebKit/537.36 (KHTML, like Gecko) Chrome/110.0.0.0 Safari/537.36"
::ffff:192.168.15.205 - - [23/Feb/2023:04:53:05 +0000] "POST /login HTTP/1.1" 200 55 "-" "PostmanRuntime/7.31.0"
::ffff:192.168.15.205 - - [23/Feb/2023:06:05:56 +0000] "DELETE /api/table/modify/constraint/drop/constraints HTTP/1.1" 404 186 "-" "PostmanRuntime/7.31.0"
::ffff:192.168.15.205 - - [23/Feb/2023:06:06:00 +0000] "POST /api/table/modify/constraint/drop/constraints HTTP/1.1" 404 184 "-" "PostmanRuntime/7.31.0"
::ffff:192.168.15.205 - - [23/Feb/2023:06:06:13 +0000] "POST /api/table/drop/constraints HTTP/1.1" 200 71 "-" "PostmanRuntime/7.31.0"
::ffff:192.168.15.205 - - [23/Feb/2023:06:06:27 +0000] "POST /api/table/drop/constraints HTTP/1.1" 200 71 "-" "PostmanRuntime/7.31.0"
::ffff:192.168.15.205 - - [23/Feb/2023:06:09:41 +0000] "GET /api/table/1/constraints HTTP/1.1" 200 347 "-" "PostmanRuntime/7.31.0"
::ffff:192.168.15.205 - - [23/Feb/2023:06:09:44 +0000] "GET /api/table/3/constraints HTTP/1.1" 404 42 "-" "PostmanRuntime/7.31.0"
::ffff:192.168.15.205 - - [23/Feb/2023:06:09:47 +0000] "GET /api/table/1/constraints HTTP/1.1" 200 347 "-" "PostmanRuntime/7.31.0"
::ffff:192.168.15.205 - - [23/Feb/2023:06:13:01 +0000] "POST /api/table/create/field HTTP/1.1" 200 227 "-" "PostmanRuntime/7.31.0"
::ffff:192.168.15.205 - - [23/Feb/2023:06:13:34 +0000] "POST /api/table/constraint HTTP/1.1" 200 193 "-" "PostmanRuntime/7.31.0"
::ffff:192.168.15.205 - - [23/Feb/2023:06:16:57 +0000] "DELETE /api/table/drop/constraints HTTP/1.1" 200 71 "-" "PostmanRuntime/7.31.0"
::ffff:192.168.15.205 - - [23/Feb/2023:06:17:11 +0000] "DELETE /api/table/drop/constraints HTTP/1.1" 200 71 "-" "PostmanRuntime/7.31.0"
::ffff:192.168.15.161 - - [23/Feb/2023:06:28:47 +0000] "GET /api/user/getall HTTP/1.1" 304 - "http://localhost:3000/user" "Mozilla/5.0 (Windows NT 10.0; Win64; x64) AppleWebKit/537.36 (KHTML, like Gecko) Chrome/110.0.0.0 Safari/537.36"
::ffff:192.168.15.161 - - [23/Feb/2023:06:28:47 +0000] "GET /api/user/getall HTTP/1.1" 304 - "http://localhost:3000/user" "Mozilla/5.0 (Windows NT 10.0; Win64; x64) AppleWebKit/537.36 (KHTML, like Gecko) Chrome/110.0.0.0 Safari/537.36"
::ffff:192.168.15.161 - - [23/Feb/2023:06:28:48 +0000] "GET /api/user/getall HTTP/1.1" 304 - "http://localhost:3000/user" "Mozilla/5.0 (Windows NT 10.0; Win64; x64) AppleWebKit/537.36 (KHTML, like Gecko) Chrome/110.0.0.0 Safari/537.36"
::ffff:192.168.15.161 - - [23/Feb/2023:06:28:48 +0000] "GET /api/user/getall HTTP/1.1" 304 - "http://localhost:3000/user" "Mozilla/5.0 (Windows NT 10.0; Win64; x64) AppleWebKit/537.36 (KHTML, like Gecko) Chrome/110.0.0.0 Safari/537.36"
::ffff:192.168.15.161 - - [23/Feb/2023:06:28:48 +0000] "GET /api/user/getall HTTP/1.1" 304 - "http://localhost:3000/user" "Mozilla/5.0 (Windows NT 10.0; Win64; x64) AppleWebKit/537.36 (KHTML, like Gecko) Chrome/110.0.0.0 Safari/537.36"
::ffff:192.168.15.161 - - [23/Feb/2023:06:28:49 +0000] "GET /api/user/getall HTTP/1.1" 304 - "http://localhost:3000/user" "Mozilla/5.0 (Windows NT 10.0; Win64; x64) AppleWebKit/537.36 (KHTML, like Gecko) Chrome/110.0.0.0 Safari/537.36"
::ffff:192.168.15.161 - - [23/Feb/2023:06:28:49 +0000] "GET /api/user/getall HTTP/1.1" 304 - "http://localhost:3000/user" "Mozilla/5.0 (Windows NT 10.0; Win64; x64) AppleWebKit/537.36 (KHTML, like Gecko) Chrome/110.0.0.0 Safari/537.36"
::ffff:192.168.15.161 - - [23/Feb/2023:06:28:49 +0000] "GET /api/user/getall HTTP/1.1" 304 - "http://localhost:3000/user" "Mozilla/5.0 (Windows NT 10.0; Win64; x64) AppleWebKit/537.36 (KHTML, like Gecko) Chrome/110.0.0.0 Safari/537.36"
::ffff:192.168.15.161 - - [23/Feb/2023:06:28:49 +0000] "GET /api/user/getall HTTP/1.1" 304 - "http://localhost:3000/user" "Mozilla/5.0 (Windows NT 10.0; Win64; x64) AppleWebKit/537.36 (KHTML, like Gecko) Chrome/110.0.0.0 Safari/537.36"
::ffff:192.168.15.161 - - [23/Feb/2023:06:28:50 +0000] "GET /api/user/getall HTTP/1.1" 304 - "http://localhost:3000/user" "Mozilla/5.0 (Windows NT 10.0; Win64; x64) AppleWebKit/537.36 (KHTML, like Gecko) Chrome/110.0.0.0 Safari/537.36"
::ffff:192.168.15.161 - - [23/Feb/2023:06:28:50 +0000] "GET /api/user/getall HTTP/1.1" 304 - "http://localhost:3000/user" "Mozilla/5.0 (Windows NT 10.0; Win64; x64) AppleWebKit/537.36 (KHTML, like Gecko) Chrome/110.0.0.0 Safari/537.36"
::ffff:192.168.15.161 - - [23/Feb/2023:06:28:50 +0000] "GET /api/user/getall HTTP/1.1" 304 - "http://localhost:3000/user" "Mozilla/5.0 (Windows NT 10.0; Win64; x64) AppleWebKit/537.36 (KHTML, like Gecko) Chrome/110.0.0.0 Safari/537.36"
::ffff:192.168.15.161 - - [23/Feb/2023:06:28:50 +0000] "GET /api/user/getall HTTP/1.1" 304 - "http://localhost:3000/user" "Mozilla/5.0 (Windows NT 10.0; Win64; x64) AppleWebKit/537.36 (KHTML, like Gecko) Chrome/110.0.0.0 Safari/537.36"
::ffff:192.168.15.161 - - [23/Feb/2023:06:28:50 +0000] "GET /api/user/getall HTTP/1.1" 304 - "http://localhost:3000/user" "Mozilla/5.0 (Windows NT 10.0; Win64; x64) AppleWebKit/537.36 (KHTML, like Gecko) Chrome/110.0.0.0 Safari/537.36"
::ffff:192.168.15.161 - - [23/Feb/2023:06:28:50 +0000] "GET /api/user/getall HTTP/1.1" 304 - "http://localhost:3000/user" "Mozilla/5.0 (Windows NT 10.0; Win64; x64) AppleWebKit/537.36 (KHTML, like Gecko) Chrome/110.0.0.0 Safari/537.36"
::ffff:192.168.15.161 - - [23/Feb/2023:06:28:50 +0000] "GET /api/user/getall HTTP/1.1" 304 - "http://localhost:3000/user" "Mozilla/5.0 (Windows NT 10.0; Win64; x64) AppleWebKit/537.36 (KHTML, like Gecko) Chrome/110.0.0.0 Safari/537.36"
::ffff:192.168.15.161 - - [23/Feb/2023:06:28:51 +0000] "GET /api/user/getall HTTP/1.1" 304 - "http://localhost:3000/user" "Mozilla/5.0 (Windows NT 10.0; Win64; x64) AppleWebKit/537.36 (KHTML, like Gecko) Chrome/110.0.0.0 Safari/537.36"
