::ffff:192.168.15.161 - - [22/Feb/2023:04:07:52 +0000] "GET /api/user/getall HTTP/1.1" 304 - "http://localhost:3000/user/add" "Mozilla/5.0 (Windows NT 10.0; Win64; x64) AppleWebKit/537.36 (KHTML, like Gecko) Chrome/110.0.0.0 Safari/537.36"
::ffff:192.168.15.161 - - [22/Feb/2023:04:07:52 +0000] "GET /api/user/getall HTTP/1.1" 304 - "http://localhost:3000/user/add" "Mozilla/5.0 (Windows NT 10.0; Win64; x64) AppleWebKit/537.36 (KHTML, like Gecko) Chrome/110.0.0.0 Safari/537.36"
::ffff:192.168.15.161 - - [22/Feb/2023:04:08:00 +0000] "GET /api/user/getall HTTP/1.1" 304 - "http://localhost:3000/user" "Mozilla/5.0 (Windows NT 10.0; Win64; x64) AppleWebKit/537.36 (KHTML, like Gecko) Chrome/110.0.0.0 Safari/537.36"
::ffff:192.168.15.161 - - [22/Feb/2023:04:08:00 +0000] "GET /api/user/getall HTTP/1.1" 304 - "http://localhost:3000/user" "Mozilla/5.0 (Windows NT 10.0; Win64; x64) AppleWebKit/537.36 (KHTML, like Gecko) Chrome/110.0.0.0 Safari/537.36"
::ffff:192.168.15.205 - - [22/Feb/2023:04:08:39 +0000] "GET /api/tables/getall HTTP/1.1" 200 271 "-" "PostmanRuntime/7.31.0"
::ffff:192.168.15.205 - - [22/Feb/2023:04:10:25 +0000] "POST /create_user HTTP/1.1" 201 74 "-" "PostmanRuntime/7.31.0"
::ffff:192.168.15.161 - - [22/Feb/2023:04:10:38 +0000] "GET /api/user/getall HTTP/1.1" 200 796 "http://localhost:3000/user" "Mozilla/5.0 (Windows NT 10.0; Win64; x64) AppleWebKit/537.36 (KHTML, like Gecko) Chrome/110.0.0.0 Safari/537.36"
::ffff:192.168.15.161 - - [22/Feb/2023:04:10:38 +0000] "GET /api/user/getall HTTP/1.1" 304 - "http://localhost:3000/user" "Mozilla/5.0 (Windows NT 10.0; Win64; x64) AppleWebKit/537.36 (KHTML, like Gecko) Chrome/110.0.0.0 Safari/537.36"
::ffff:192.168.15.205 - - [22/Feb/2023:04:14:42 +0000] "POST /create_user HTTP/1.1" 201 74 "-" "PostmanRuntime/7.31.0"
::ffff:192.168.15.205 - - [22/Feb/2023:04:14:55 +0000] "POST /create_user HTTP/1.1" 201 74 "-" "PostmanRuntime/7.31.0"
::ffff:192.168.15.205 - - [22/Feb/2023:04:14:59 +0000] "GET /api/user/getall HTTP/1.1" 200 422 "-" "PostmanRuntime/7.31.0"
::ffff:192.168.15.161 - - [22/Feb/2023:04:15:27 +0000] "GET /api/user/getall HTTP/1.1" 200 422 "http://localhost:3000/user/add" "Mozilla/5.0 (Windows NT 10.0; Win64; x64) AppleWebKit/537.36 (KHTML, like Gecko) Chrome/110.0.0.0 Safari/537.36"
::ffff:192.168.15.161 - - [22/Feb/2023:04:15:27 +0000] "GET /api/user/getall HTTP/1.1" 304 - "http://localhost:3000/user/add" "Mozilla/5.0 (Windows NT 10.0; Win64; x64) AppleWebKit/537.36 (KHTML, like Gecko) Chrome/110.0.0.0 Safari/537.36"
::ffff:192.168.15.205 - - [22/Feb/2023:04:15:32 +0000] "GET /api/tables/getall HTTP/1.1" 500 43 "-" "PostmanRuntime/7.31.0"
::ffff:192.168.15.205 - - [22/Feb/2023:04:20:36 +0000] "GET /api/tables/getall HTTP/1.1" 404 156 "-" "PostmanRuntime/7.31.0"
::ffff:192.168.15.205 - - [22/Feb/2023:04:20:41 +0000] "GET /api/tables HTTP/1.1" 404 35 "-" "PostmanRuntime/7.31.0"
::ffff:192.168.15.161 - - [22/Feb/2023:04:25:14 +0000] "GET /api/user/getall HTTP/1.1" 200 422 "http://localhost:3000/user" "Mozilla/5.0 (Windows NT 10.0; Win64; x64) AppleWebKit/537.36 (KHTML, like Gecko) Chrome/110.0.0.0 Safari/537.36"
::ffff:192.168.15.161 - - [22/Feb/2023:04:25:14 +0000] "GET /api/user/getall HTTP/1.1" 200 422 "http://localhost:3000/user" "Mozilla/5.0 (Windows NT 10.0; Win64; x64) AppleWebKit/537.36 (KHTML, like Gecko) Chrome/110.0.0.0 Safari/537.36"
::ffff:192.168.15.161 - - [22/Feb/2023:04:25:14 +0000] "GET /api/user/getall HTTP/1.1" 304 - "http://localhost:3000/user" "Mozilla/5.0 (Windows NT 10.0; Win64; x64) AppleWebKit/537.36 (KHTML, like Gecko) Chrome/110.0.0.0 Safari/537.36"
::ffff:192.168.15.205 - - [22/Feb/2023:04:29:06 +0000] "POST /api/table/create HTTP/1.1" 500 57 "-" "PostmanRuntime/7.31.0"
::ffff:192.168.15.205 - - [22/Feb/2023:04:29:19 +0000] "POST /api/table/create HTTP/1.1" 500 57 "-" "PostmanRuntime/7.31.0"
::ffff:192.168.15.205 - - [22/Feb/2023:04:29:35 +0000] "POST /api/table/create HTTP/1.1" 500 57 "-" "PostmanRuntime/7.31.0"
::ffff:192.168.15.161 - - [22/Feb/2023:04:31:23 +0000] "GET /api/user/getall HTTP/1.1" 304 - "http://localhost:3000/user/add" "Mozilla/5.0 (Windows NT 10.0; Win64; x64) AppleWebKit/537.36 (KHTML, like Gecko) Chrome/110.0.0.0 Safari/537.36"
::ffff:192.168.15.161 - - [22/Feb/2023:04:31:23 +0000] "GET /api/user/getall HTTP/1.1" 304 - "http://localhost:3000/user/add" "Mozilla/5.0 (Windows NT 10.0; Win64; x64) AppleWebKit/537.36 (KHTML, like Gecko) Chrome/110.0.0.0 Safari/537.36"
::ffff:192.168.15.161 - - [22/Feb/2023:04:33:20 +0000] "GET /api/user/getall HTTP/1.1" 304 - "http://localhost:3000/user/add" "Mozilla/5.0 (Windows NT 10.0; Win64; x64) AppleWebKit/537.36 (KHTML, like Gecko) Chrome/110.0.0.0 Safari/537.36"
::ffff:192.168.15.161 - - [22/Feb/2023:04:33:20 +0000] "GET /api/user/getall HTTP/1.1" 304 - "http://localhost:3000/user/add" "Mozilla/5.0 (Windows NT 10.0; Win64; x64) AppleWebKit/537.36 (KHTML, like Gecko) Chrome/110.0.0.0 Safari/537.36"
::ffff:192.168.15.205 - - [22/Feb/2023:04:33:24 +0000] "POST /api/tables/create HTTP/1.1" 200 79 "-" "PostmanRuntime/7.31.0"
::ffff:192.168.15.161 - - [22/Feb/2023:04:33:37 +0000] "GET /api/user/getall HTTP/1.1" 304 - "http://localhost:3000/user/add" "Mozilla/5.0 (Windows NT 10.0; Win64; x64) AppleWebKit/537.36 (KHTML, like Gecko) Chrome/110.0.0.0 Safari/537.36"
::ffff:192.168.15.161 - - [22/Feb/2023:04:33:37 +0000] "GET /api/user/getall HTTP/1.1" 304 - "http://localhost:3000/user/add" "Mozilla/5.0 (Windows NT 10.0; Win64; x64) AppleWebKit/537.36 (KHTML, like Gecko) Chrome/110.0.0.0 Safari/537.36"
::ffff:192.168.15.205 - - [22/Feb/2023:04:33:41 +0000] "GET /api/tables HTTP/1.1" 200 82 "-" "PostmanRuntime/7.31.0"
::ffff:192.168.15.161 - - [22/Feb/2023:04:34:12 +0000] "GET /api/user/getall HTTP/1.1" 304 - "http://localhost:3000/user/add" "Mozilla/5.0 (Windows NT 10.0; Win64; x64) AppleWebKit/537.36 (KHTML, like Gecko) Chrome/110.0.0.0 Safari/537.36"
::ffff:192.168.15.161 - - [22/Feb/2023:04:34:19 +0000] "GET /api/user/getall HTTP/1.1" 304 - "http://localhost:3000/user/add" "Mozilla/5.0 (Windows NT 10.0; Win64; x64) AppleWebKit/537.36 (KHTML, like Gecko) Chrome/110.0.0.0 Safari/537.36"
::ffff:192.168.15.205 - - [22/Feb/2023:04:34:20 +0000] "GET /api/tables HTTP/1.1" 404 149 "-" "PostmanRuntime/7.31.0"
::ffff:192.168.15.205 - - [22/Feb/2023:04:34:32 +0000] "GET /api/tables/getall HTTP/1.1" 200 120 "-" "PostmanRuntime/7.31.0"
::ffff:192.168.15.161 - - [22/Feb/2023:04:35:04 +0000] "GET /api/user/getall HTTP/1.1" 304 - "http://localhost:3000/user/add" "Mozilla/5.0 (Windows NT 10.0; Win64; x64) AppleWebKit/537.36 (KHTML, like Gecko) Chrome/110.0.0.0 Safari/537.36"
::ffff:192.168.15.161 - - [22/Feb/2023:04:35:04 +0000] "GET /api/user/getall HTTP/1.1" 304 - "http://localhost:3000/user/add" "Mozilla/5.0 (Windows NT 10.0; Win64; x64) AppleWebKit/537.36 (KHTML, like Gecko) Chrome/110.0.0.0 Safari/537.36"
::ffff:192.168.15.161 - - [22/Feb/2023:04:35:04 +0000] "GET /api/user/getall HTTP/1.1" 304 - "http://localhost:3000/user/add" "Mozilla/5.0 (Windows NT 10.0; Win64; x64) AppleWebKit/537.36 (KHTML, like Gecko) Chrome/110.0.0.0 Safari/537.36"
::ffff:192.168.15.161 - - [22/Feb/2023:04:35:14 +0000] "GET /api/user/getall HTTP/1.1" 304 - "http://localhost:3000/user/add" "Mozilla/5.0 (Windows NT 10.0; Win64; x64) AppleWebKit/537.36 (KHTML, like Gecko) Chrome/110.0.0.0 Safari/537.36"
::ffff:192.168.15.161 - - [22/Feb/2023:04:35:26 +0000] "GET /api/user/getall HTTP/1.1" 304 - "http://localhost:3000/user/add" "Mozilla/5.0 (Windows NT 10.0; Win64; x64) AppleWebKit/537.36 (KHTML, like Gecko) Chrome/110.0.0.0 Safari/537.36"
::ffff:192.168.15.161 - - [22/Feb/2023:04:35:47 +0000] "GET /api/user/getall HTTP/1.1" 304 - "http://localhost:3000/user/add" "Mozilla/5.0 (Windows NT 10.0; Win64; x64) AppleWebKit/537.36 (KHTML, like Gecko) Chrome/110.0.0.0 Safari/537.36"
::ffff:192.168.15.161 - - [22/Feb/2023:04:41:40 +0000] "GET /create_user HTTP/1.1" 404 150 "http://localhost:3000/user/add" "Mozilla/5.0 (Windows NT 10.0; Win64; x64) AppleWebKit/537.36 (KHTML, like Gecko) Chrome/110.0.0.0 Safari/537.36"
::ffff:192.168.15.205 - - [22/Feb/2023:04:42:25 +0000] "GET /api/field/getall HTTP/1.1" 500 1441 "-" "PostmanRuntime/7.31.0"
::ffff:192.168.15.205 - - [22/Feb/2023:04:43:47 +0000] "GET /api/tables/getall HTTP/1.1" 200 120 "-" "PostmanRuntime/7.31.0"
::ffff:192.168.15.161 - - [22/Feb/2023:04:44:39 +0000] "GET /create_user HTTP/1.1" 404 150 "http://localhost:3000/user/add" "Mozilla/5.0 (Windows NT 10.0; Win64; x64) AppleWebKit/537.36 (KHTML, like Gecko) Chrome/110.0.0.0 Safari/537.36"
::ffff:192.168.15.161 - - [22/Feb/2023:04:44:39 +0000] "GET /create_user HTTP/1.1" 404 150 "http://localhost:3000/user/add" "Mozilla/5.0 (Windows NT 10.0; Win64; x64) AppleWebKit/537.36 (KHTML, like Gecko) Chrome/110.0.0.0 Safari/537.36"
::ffff:192.168.15.161 - - [22/Feb/2023:04:44:41 +0000] "GET /create_user HTTP/1.1" 404 150 "http://localhost:3000/user/add" "Mozilla/5.0 (Windows NT 10.0; Win64; x64) AppleWebKit/537.36 (KHTML, like Gecko) Chrome/110.0.0.0 Safari/537.36"
::ffff:192.168.15.161 - - [22/Feb/2023:04:44:41 +0000] "GET /create_user HTTP/1.1" 404 150 "http://localhost:3000/user/add" "Mozilla/5.0 (Windows NT 10.0; Win64; x64) AppleWebKit/537.36 (KHTML, like Gecko) Chrome/110.0.0.0 Safari/537.36"
::ffff:192.168.15.161 - - [22/Feb/2023:04:44:44 +0000] "POST /create_user HTTP/1.1" 201 74 "http://localhost:3000/user/add" "Mozilla/5.0 (Windows NT 10.0; Win64; x64) AppleWebKit/537.36 (KHTML, like Gecko) Chrome/110.0.0.0 Safari/537.36"
::ffff:192.168.15.161 - - [22/Feb/2023:04:44:49 +0000] "GET /api/user/getall HTTP/1.1" 200 608 "http://localhost:3000/user" "Mozilla/5.0 (Windows NT 10.0; Win64; x64) AppleWebKit/537.36 (KHTML, like Gecko) Chrome/110.0.0.0 Safari/537.36"
::ffff:192.168.15.161 - - [22/Feb/2023:04:44:50 +0000] "GET /api/user/getall HTTP/1.1" 304 - "http://localhost:3000/user" "Mozilla/5.0 (Windows NT 10.0; Win64; x64) AppleWebKit/537.36 (KHTML, like Gecko) Chrome/110.0.0.0 Safari/537.36"
::ffff:192.168.15.161 - - [22/Feb/2023:04:45:01 +0000] "GET /create_user HTTP/1.1" 404 150 "http://localhost:3000/user/add" "Mozilla/5.0 (Windows NT 10.0; Win64; x64) AppleWebKit/537.36 (KHTML, like Gecko) Chrome/110.0.0.0 Safari/537.36"
::ffff:192.168.15.161 - - [22/Feb/2023:04:45:01 +0000] "GET /create_user HTTP/1.1" 404 150 "http://localhost:3000/user/add" "Mozilla/5.0 (Windows NT 10.0; Win64; x64) AppleWebKit/537.36 (KHTML, like Gecko) Chrome/110.0.0.0 Safari/537.36"
::ffff:192.168.15.161 - - [22/Feb/2023:04:45:09 +0000] "POST /create_user HTTP/1.1" 201 74 "http://localhost:3000/user/add" "Mozilla/5.0 (Windows NT 10.0; Win64; x64) AppleWebKit/537.36 (KHTML, like Gecko) Chrome/110.0.0.0 Safari/537.36"
::ffff:192.168.15.161 - - [22/Feb/2023:04:45:12 +0000] "GET /api/user/getall HTTP/1.1" 200 793 "http://localhost:3000/user" "Mozilla/5.0 (Windows NT 10.0; Win64; x64) AppleWebKit/537.36 (KHTML, like Gecko) Chrome/110.0.0.0 Safari/537.36"
::ffff:192.168.15.161 - - [22/Feb/2023:04:45:12 +0000] "GET /api/user/getall HTTP/1.1" 304 - "http://localhost:3000/user" "Mozilla/5.0 (Windows NT 10.0; Win64; x64) AppleWebKit/537.36 (KHTML, like Gecko) Chrome/110.0.0.0 Safari/537.36"
::ffff:192.168.15.161 - - [22/Feb/2023:04:46:00 +0000] "GET /create_user HTTP/1.1" 404 150 "http://localhost:3000/user/add" "Mozilla/5.0 (Windows NT 10.0; Win64; x64) AppleWebKit/537.36 (KHTML, like Gecko) Chrome/110.0.0.0 Safari/537.36"
::ffff:192.168.15.161 - - [22/Feb/2023:04:46:01 +0000] "GET /create_user HTTP/1.1" 404 150 "http://localhost:3000/user/add" "Mozilla/5.0 (Windows NT 10.0; Win64; x64) AppleWebKit/537.36 (KHTML, like Gecko) Chrome/110.0.0.0 Safari/537.36"
::ffff:192.168.15.161 - - [22/Feb/2023:04:46:03 +0000] "GET /api/user/getall HTTP/1.1" 304 - "http://localhost:3000/user" "Mozilla/5.0 (Windows NT 10.0; Win64; x64) AppleWebKit/537.36 (KHTML, like Gecko) Chrome/110.0.0.0 Safari/537.36"
::ffff:192.168.15.161 - - [22/Feb/2023:04:46:03 +0000] "GET /api/user/getall HTTP/1.1" 304 - "http://localhost:3000/user" "Mozilla/5.0 (Windows NT 10.0; Win64; x64) AppleWebKit/537.36 (KHTML, like Gecko) Chrome/110.0.0.0 Safari/537.36"
::ffff:192.168.15.205 - - [22/Feb/2023:04:46:10 +0000] "GET /api/user/getall HTTP/1.1" 200 793 "-" "PostmanRuntime/7.31.0"
::ffff:192.168.15.161 - - [22/Feb/2023:04:47:42 +0000] "GET /create_user HTTP/1.1" 404 150 "http://localhost:3000/user/add" "Mozilla/5.0 (Windows NT 10.0; Win64; x64) AppleWebKit/537.36 (KHTML, like Gecko) Chrome/110.0.0.0 Safari/537.36"
::ffff:192.168.15.161 - - [22/Feb/2023:04:47:42 +0000] "GET /create_user HTTP/1.1" 404 150 "http://localhost:3000/user/add" "Mozilla/5.0 (Windows NT 10.0; Win64; x64) AppleWebKit/537.36 (KHTML, like Gecko) Chrome/110.0.0.0 Safari/537.36"
::ffff:192.168.15.161 - - [22/Feb/2023:04:47:45 +0000] "POST /create_user HTTP/1.1" 201 74 "http://localhost:3000/user/add" "Mozilla/5.0 (Windows NT 10.0; Win64; x64) AppleWebKit/537.36 (KHTML, like Gecko) Chrome/110.0.0.0 Safari/537.36"
::ffff:192.168.15.161 - - [22/Feb/2023:04:47:49 +0000] "GET /api/user/getall HTTP/1.1" 200 974 "http://localhost:3000/user" "Mozilla/5.0 (Windows NT 10.0; Win64; x64) AppleWebKit/537.36 (KHTML, like Gecko) Chrome/110.0.0.0 Safari/537.36"
::ffff:192.168.15.161 - - [22/Feb/2023:04:47:49 +0000] "GET /api/user/getall HTTP/1.1" 304 - "http://localhost:3000/user" "Mozilla/5.0 (Windows NT 10.0; Win64; x64) AppleWebKit/537.36 (KHTML, like Gecko) Chrome/110.0.0.0 Safari/537.36"
::ffff:192.168.15.205 - - [22/Feb/2023:04:47:58 +0000] "GET /api/user/getall HTTP/1.1" 200 974 "-" "PostmanRuntime/7.31.0"
::ffff:192.168.15.161 - - [22/Feb/2023:04:49:25 +0000] "GET /api/user/getall HTTP/1.1" 304 - "http://localhost:3000/user" "Mozilla/5.0 (Windows NT 10.0; Win64; x64) AppleWebKit/537.36 (KHTML, like Gecko) Chrome/110.0.0.0 Safari/537.36"
::ffff:192.168.15.161 - - [22/Feb/2023:04:49:25 +0000] "GET /api/user/getall HTTP/1.1" 304 - "http://localhost:3000/user" "Mozilla/5.0 (Windows NT 10.0; Win64; x64) AppleWebKit/537.36 (KHTML, like Gecko) Chrome/110.0.0.0 Safari/537.36"
::ffff:192.168.15.205 - - [22/Feb/2023:04:51:44 +0000] "GET /api/user/getall HTTP/1.1" 200 974 "-" "PostmanRuntime/7.31.0"
::ffff:192.168.15.161 - - [22/Feb/2023:04:52:06 +0000] "GET /create_user HTTP/1.1" 404 150 "http://localhost:3000/user/add" "Mozilla/5.0 (Windows NT 10.0; Win64; x64) AppleWebKit/537.36 (KHTML, like Gecko) Chrome/110.0.0.0 Safari/537.36"
::ffff:192.168.15.161 - - [22/Feb/2023:04:52:06 +0000] "GET /create_user HTTP/1.1" 404 150 "http://localhost:3000/user/add" "Mozilla/5.0 (Windows NT 10.0; Win64; x64) AppleWebKit/537.36 (KHTML, like Gecko) Chrome/110.0.0.0 Safari/537.36"
::ffff:192.168.15.205 - - [22/Feb/2023:04:52:15 +0000] "GET /api/tables/getall HTTP/1.1" 200 120 "-" "PostmanRuntime/7.31.0"
::ffff:192.168.15.161 - - [22/Feb/2023:04:52:17 +0000] "POST /create_user HTTP/1.1" 201 74 "http://localhost:3000/user/add" "Mozilla/5.0 (Windows NT 10.0; Win64; x64) AppleWebKit/537.36 (KHTML, like Gecko) Chrome/110.0.0.0 Safari/537.36"
::ffff:192.168.15.161 - - [22/Feb/2023:04:52:21 +0000] "GET /api/user/getall HTTP/1.1" 200 1159 "http://localhost:3000/user" "Mozilla/5.0 (Windows NT 10.0; Win64; x64) AppleWebKit/537.36 (KHTML, like Gecko) Chrome/110.0.0.0 Safari/537.36"
::ffff:192.168.15.161 - - [22/Feb/2023:04:52:22 +0000] "GET /api/user/getall HTTP/1.1" 304 - "http://localhost:3000/user" "Mozilla/5.0 (Windows NT 10.0; Win64; x64) AppleWebKit/537.36 (KHTML, like Gecko) Chrome/110.0.0.0 Safari/537.36"
::ffff:192.168.15.161 - - [22/Feb/2023:04:52:50 +0000] "GET /create_user HTTP/1.1" 404 150 "http://localhost:3000/user/add" "Mozilla/5.0 (Windows NT 10.0; Win64; x64) AppleWebKit/537.36 (KHTML, like Gecko) Chrome/110.0.0.0 Safari/537.36"
::ffff:192.168.15.161 - - [22/Feb/2023:04:52:50 +0000] "GET /create_user HTTP/1.1" 404 150 "http://localhost:3000/user/add" "Mozilla/5.0 (Windows NT 10.0; Win64; x64) AppleWebKit/537.36 (KHTML, like Gecko) Chrome/110.0.0.0 Safari/537.36"
::ffff:192.168.15.161 - - [22/Feb/2023:04:52:56 +0000] "POST /create_user HTTP/1.1" 409 59 "http://localhost:3000/user/add" "Mozilla/5.0 (Windows NT 10.0; Win64; x64) AppleWebKit/537.36 (KHTML, like Gecko) Chrome/110.0.0.0 Safari/537.36"
::ffff:192.168.15.161 - - [22/Feb/2023:04:53:00 +0000] "POST /create_user HTTP/1.1" 409 59 "http://localhost:3000/user/add" "Mozilla/5.0 (Windows NT 10.0; Win64; x64) AppleWebKit/537.36 (KHTML, like Gecko) Chrome/110.0.0.0 Safari/537.36"
::ffff:192.168.15.161 - - [22/Feb/2023:04:53:03 +0000] "POST /create_user HTTP/1.1" 409 59 "http://localhost:3000/user/add" "Mozilla/5.0 (Windows NT 10.0; Win64; x64) AppleWebKit/537.36 (KHTML, like Gecko) Chrome/110.0.0.0 Safari/537.36"
::ffff:192.168.15.161 - - [22/Feb/2023:04:53:13 +0000] "GET /create_user HTTP/1.1" 404 150 "http://localhost:3000/user/add" "Mozilla/5.0 (Windows NT 10.0; Win64; x64) AppleWebKit/537.36 (KHTML, like Gecko) Chrome/110.0.0.0 Safari/537.36"
::ffff:192.168.15.161 - - [22/Feb/2023:04:53:14 +0000] "POST /create_user HTTP/1.1" 409 59 "http://localhost:3000/user/add" "Mozilla/5.0 (Windows NT 10.0; Win64; x64) AppleWebKit/537.36 (KHTML, like Gecko) Chrome/110.0.0.0 Safari/537.36"
::ffff:192.168.15.161 - - [22/Feb/2023:04:53:17 +0000] "POST /create_user HTTP/1.1" 409 59 "http://localhost:3000/user/add" "Mozilla/5.0 (Windows NT 10.0; Win64; x64) AppleWebKit/537.36 (KHTML, like Gecko) Chrome/110.0.0.0 Safari/537.36"
::ffff:192.168.15.161 - - [22/Feb/2023:04:53:19 +0000] "POST /create_user HTTP/1.1" 409 59 "http://localhost:3000/user/add" "Mozilla/5.0 (Windows NT 10.0; Win64; x64) AppleWebKit/537.36 (KHTML, like Gecko) Chrome/110.0.0.0 Safari/537.36"
::ffff:192.168.15.161 - - [22/Feb/2023:04:53:22 +0000] "POST /create_user HTTP/1.1" 409 59 "http://localhost:3000/user/add" "Mozilla/5.0 (Windows NT 10.0; Win64; x64) AppleWebKit/537.36 (KHTML, like Gecko) Chrome/110.0.0.0 Safari/537.36"
::ffff:192.168.15.161 - - [22/Feb/2023:04:54:29 +0000] "GET /create_user HTTP/1.1" 404 150 "http://localhost:3000/user/add" "Mozilla/5.0 (Windows NT 10.0; Win64; x64) AppleWebKit/537.36 (KHTML, like Gecko) Chrome/110.0.0.0 Safari/537.36"
::ffff:192.168.15.161 - - [22/Feb/2023:04:55:31 +0000] "GET /create_user HTTP/1.1" 404 150 "http://localhost:3000/user/add" "Mozilla/5.0 (Windows NT 10.0; Win64; x64) AppleWebKit/537.36 (KHTML, like Gecko) Chrome/110.0.0.0 Safari/537.36"
::ffff:192.168.15.161 - - [22/Feb/2023:04:55:38 +0000] "POST /create_user HTTP/1.1" 409 59 "http://localhost:3000/user/add" "Mozilla/5.0 (Windows NT 10.0; Win64; x64) AppleWebKit/537.36 (KHTML, like Gecko) Chrome/110.0.0.0 Safari/537.36"
::ffff:192.168.15.161 - - [22/Feb/2023:04:55:41 +0000] "POST /create_user HTTP/1.1" 409 59 "http://localhost:3000/user/add" "Mozilla/5.0 (Windows NT 10.0; Win64; x64) AppleWebKit/537.36 (KHTML, like Gecko) Chrome/110.0.0.0 Safari/537.36"
::ffff:192.168.15.161 - - [22/Feb/2023:04:55:55 +0000] "GET /create_user HTTP/1.1" 404 150 "http://localhost:3000/user/add" "Mozilla/5.0 (Windows NT 10.0; Win64; x64) AppleWebKit/537.36 (KHTML, like Gecko) Chrome/110.0.0.0 Safari/537.36"
::ffff:192.168.15.161 - - [22/Feb/2023:04:55:57 +0000] "POST /create_user HTTP/1.1" 409 59 "http://localhost:3000/user/add" "Mozilla/5.0 (Windows NT 10.0; Win64; x64) AppleWebKit/537.36 (KHTML, like Gecko) Chrome/110.0.0.0 Safari/537.36"
::ffff:192.168.15.161 - - [22/Feb/2023:04:56:03 +0000] "GET /create_user HTTP/1.1" 404 150 "http://localhost:3000/user/add" "Mozilla/5.0 (Windows NT 10.0; Win64; x64) AppleWebKit/537.36 (KHTML, like Gecko) Chrome/110.0.0.0 Safari/537.36"
::ffff:192.168.15.161 - - [22/Feb/2023:04:56:05 +0000] "POST /create_user HTTP/1.1" 409 59 "http://localhost:3000/user/add" "Mozilla/5.0 (Windows NT 10.0; Win64; x64) AppleWebKit/537.36 (KHTML, like Gecko) Chrome/110.0.0.0 Safari/537.36"
::ffff:192.168.15.161 - - [22/Feb/2023:04:56:21 +0000] "GET /create_user HTTP/1.1" 404 150 "http://localhost:3000/user/add" "Mozilla/5.0 (Windows NT 10.0; Win64; x64) AppleWebKit/537.36 (KHTML, like Gecko) Chrome/110.0.0.0 Safari/537.36"
::ffff:192.168.15.161 - - [22/Feb/2023:04:56:23 +0000] "POST /create_user HTTP/1.1" 409 59 "http://localhost:3000/user/add" "Mozilla/5.0 (Windows NT 10.0; Win64; x64) AppleWebKit/537.36 (KHTML, like Gecko) Chrome/110.0.0.0 Safari/537.36"
::ffff:192.168.15.161 - - [22/Feb/2023:04:56:38 +0000] "POST /create_user HTTP/1.1" 409 59 "http://localhost:3000/user/add" "Mozilla/5.0 (Windows NT 10.0; Win64; x64) AppleWebKit/537.36 (KHTML, like Gecko) Chrome/110.0.0.0 Safari/537.36"
::ffff:192.168.15.161 - - [22/Feb/2023:04:56:44 +0000] "POST /create_user HTTP/1.1" 409 59 "http://localhost:3000/user/add" "Mozilla/5.0 (Windows NT 10.0; Win64; x64) AppleWebKit/537.36 (KHTML, like Gecko) Chrome/110.0.0.0 Safari/537.36"
::ffff:192.168.15.161 - - [22/Feb/2023:04:58:55 +0000] "GET /create_user HTTP/1.1" 404 150 "http://localhost:3000/user/add" "Mozilla/5.0 (Windows NT 10.0; Win64; x64) AppleWebKit/537.36 (KHTML, like Gecko) Chrome/110.0.0.0 Safari/537.36"
::ffff:192.168.15.161 - - [22/Feb/2023:04:59:10 +0000] "GET /create_user HTTP/1.1" 404 150 "http://localhost:3000/user/add" "Mozilla/5.0 (Windows NT 10.0; Win64; x64) AppleWebKit/537.36 (KHTML, like Gecko) Chrome/110.0.0.0 Safari/537.36"
::ffff:192.168.15.161 - - [22/Feb/2023:04:59:24 +0000] "GET /create_user HTTP/1.1" 404 150 "http://localhost:3000/user/add" "Mozilla/5.0 (Windows NT 10.0; Win64; x64) AppleWebKit/537.36 (KHTML, like Gecko) Chrome/110.0.0.0 Safari/537.36"
::ffff:192.168.15.161 - - [22/Feb/2023:04:59:24 +0000] "GET /create_user HTTP/1.1" 404 150 "http://localhost:3000/user/add" "Mozilla/5.0 (Windows NT 10.0; Win64; x64) AppleWebKit/537.36 (KHTML, like Gecko) Chrome/110.0.0.0 Safari/537.36"
::ffff:192.168.15.161 - - [22/Feb/2023:04:59:31 +0000] "GET /api/user/getall HTTP/1.1" 304 - "http://localhost:3000/user" "Mozilla/5.0 (Windows NT 10.0; Win64; x64) AppleWebKit/537.36 (KHTML, like Gecko) Chrome/110.0.0.0 Safari/537.36"
::ffff:192.168.15.161 - - [22/Feb/2023:04:59:31 +0000] "GET /api/user/getall HTTP/1.1" 304 - "http://localhost:3000/user" "Mozilla/5.0 (Windows NT 10.0; Win64; x64) AppleWebKit/537.36 (KHTML, like Gecko) Chrome/110.0.0.0 Safari/537.36"
::ffff:192.168.15.161 - - [22/Feb/2023:04:59:33 +0000] "GET /create_user HTTP/1.1" 404 150 "http://localhost:3000/user/add" "Mozilla/5.0 (Windows NT 10.0; Win64; x64) AppleWebKit/537.36 (KHTML, like Gecko) Chrome/110.0.0.0 Safari/537.36"
::ffff:192.168.15.161 - - [22/Feb/2023:04:59:33 +0000] "GET /create_user HTTP/1.1" 404 150 "http://localhost:3000/user/add" "Mozilla/5.0 (Windows NT 10.0; Win64; x64) AppleWebKit/537.36 (KHTML, like Gecko) Chrome/110.0.0.0 Safari/537.36"
::ffff:192.168.15.161 - - [22/Feb/2023:04:59:41 +0000] "POST /create_user HTTP/1.1" 409 59 "http://localhost:3000/user/add" "Mozilla/5.0 (Windows NT 10.0; Win64; x64) AppleWebKit/537.36 (KHTML, like Gecko) Chrome/110.0.0.0 Safari/537.36"
::ffff:192.168.15.161 - - [22/Feb/2023:05:00:49 +0000] "POST /login HTTP/1.1" 404 58 "http://localhost:3000/login" "Mozilla/5.0 (Windows NT 10.0; Win64; x64) AppleWebKit/537.36 (KHTML, like Gecko) Chrome/110.0.0.0 Safari/537.36"
::ffff:192.168.15.161 - - [22/Feb/2023:05:00:56 +0000] "POST /login HTTP/1.1" 404 58 "http://localhost:3000/login" "Mozilla/5.0 (Windows NT 10.0; Win64; x64) AppleWebKit/537.36 (KHTML, like Gecko) Chrome/110.0.0.0 Safari/537.36"
::ffff:192.168.15.161 - - [22/Feb/2023:05:00:59 +0000] "POST /login HTTP/1.1" 404 58 "http://localhost:3000/login" "Mozilla/5.0 (Windows NT 10.0; Win64; x64) AppleWebKit/537.36 (KHTML, like Gecko) Chrome/110.0.0.0 Safari/537.36"
::ffff:192.168.15.161 - - [22/Feb/2023:05:01:00 +0000] "POST /login HTTP/1.1" 404 58 "http://localhost:3000/login" "Mozilla/5.0 (Windows NT 10.0; Win64; x64) AppleWebKit/537.36 (KHTML, like Gecko) Chrome/110.0.0.0 Safari/537.36"
::ffff:192.168.15.161 - - [22/Feb/2023:05:01:04 +0000] "POST /login HTTP/1.1" 404 58 "http://localhost:3000/login" "Mozilla/5.0 (Windows NT 10.0; Win64; x64) AppleWebKit/537.36 (KHTML, like Gecko) Chrome/110.0.0.0 Safari/537.36"
::ffff:192.168.15.205 - - [22/Feb/2023:05:01:13 +0000] "POST /login HTTP/1.1" 200 55 "-" "PostmanRuntime/7.31.0"
::ffff:192.168.15.161 - - [22/Feb/2023:05:01:20 +0000] "POST /login HTTP/1.1" 404 58 "http://localhost:3000/login" "Mozilla/5.0 (Windows NT 10.0; Win64; x64) AppleWebKit/537.36 (KHTML, like Gecko) Chrome/110.0.0.0 Safari/537.36"
::ffff:192.168.15.161 - - [22/Feb/2023:05:01:27 +0000] "POST /login HTTP/1.1" 404 58 "http://localhost:3000/login" "Mozilla/5.0 (Windows NT 10.0; Win64; x64) AppleWebKit/537.36 (KHTML, like Gecko) Chrome/110.0.0.0 Safari/537.36"
::ffff:192.168.15.205 - - [22/Feb/2023:05:02:45 +0000] "POST /login HTTP/1.1" 200 55 "-" "PostmanRuntime/7.31.0"
::ffff:192.168.15.205 - - [22/Feb/2023:05:02:46 +0000] "POST /login HTTP/1.1" 200 55 "-" "PostmanRuntime/7.31.0"
::ffff:192.168.15.161 - - [22/Feb/2023:05:02:54 +0000] "GET /api/user/getall HTTP/1.1" 304 - "http://localhost:3000/user" "Mozilla/5.0 (Windows NT 10.0; Win64; x64) AppleWebKit/537.36 (KHTML, like Gecko) Chrome/110.0.0.0 Safari/537.36"
::ffff:192.168.15.161 - - [22/Feb/2023:05:02:54 +0000] "GET /api/user/getall HTTP/1.1" 304 - "http://localhost:3000/user" "Mozilla/5.0 (Windows NT 10.0; Win64; x64) AppleWebKit/537.36 (KHTML, like Gecko) Chrome/110.0.0.0 Safari/537.36"
::ffff:192.168.15.161 - - [22/Feb/2023:05:03:01 +0000] "GET /create_user HTTP/1.1" 404 150 "http://localhost:3000/user/add" "Mozilla/5.0 (Windows NT 10.0; Win64; x64) AppleWebKit/537.36 (KHTML, like Gecko) Chrome/110.0.0.0 Safari/537.36"
::ffff:192.168.15.161 - - [22/Feb/2023:05:03:01 +0000] "GET /create_user HTTP/1.1" 404 150 "http://localhost:3000/user/add" "Mozilla/5.0 (Windows NT 10.0; Win64; x64) AppleWebKit/537.36 (KHTML, like Gecko) Chrome/110.0.0.0 Safari/537.36"
::ffff:192.168.15.161 - - [22/Feb/2023:05:03:16 +0000] "POST /create_user HTTP/1.1" 409 59 "http://localhost:3000/user/add" "Mozilla/5.0 (Windows NT 10.0; Win64; x64) AppleWebKit/537.36 (KHTML, like Gecko) Chrome/110.0.0.0 Safari/537.36"
::ffff:192.168.15.161 - - [22/Feb/2023:05:03:23 +0000] "POST /create_user HTTP/1.1" 409 59 "http://localhost:3000/user/add" "Mozilla/5.0 (Windows NT 10.0; Win64; x64) AppleWebKit/537.36 (KHTML, like Gecko) Chrome/110.0.0.0 Safari/537.36"
::ffff:192.168.15.161 - - [22/Feb/2023:05:03:25 +0000] "GET /api/user/getall HTTP/1.1" 304 - "http://localhost:3000/user" "Mozilla/5.0 (Windows NT 10.0; Win64; x64) AppleWebKit/537.36 (KHTML, like Gecko) Chrome/110.0.0.0 Safari/537.36"
::ffff:192.168.15.161 - - [22/Feb/2023:05:03:25 +0000] "GET /api/user/getall HTTP/1.1" 304 - "http://localhost:3000/user" "Mozilla/5.0 (Windows NT 10.0; Win64; x64) AppleWebKit/537.36 (KHTML, like Gecko) Chrome/110.0.0.0 Safari/537.36"
::ffff:192.168.15.161 - - [22/Feb/2023:05:03:36 +0000] "GET /create_user HTTP/1.1" 404 150 "http://localhost:3000/user/add" "Mozilla/5.0 (Windows NT 10.0; Win64; x64) AppleWebKit/537.36 (KHTML, like Gecko) Chrome/110.0.0.0 Safari/537.36"
::ffff:192.168.15.161 - - [22/Feb/2023:05:03:37 +0000] "GET /create_user HTTP/1.1" 404 150 "http://localhost:3000/user/add" "Mozilla/5.0 (Windows NT 10.0; Win64; x64) AppleWebKit/537.36 (KHTML, like Gecko) Chrome/110.0.0.0 Safari/537.36"
::ffff:192.168.15.161 - - [22/Feb/2023:05:03:43 +0000] "POST /create_user HTTP/1.1" 201 74 "http://localhost:3000/user/add" "Mozilla/5.0 (Windows NT 10.0; Win64; x64) AppleWebKit/537.36 (KHTML, like Gecko) Chrome/110.0.0.0 Safari/537.36"
::ffff:192.168.15.205 - - [22/Feb/2023:05:03:48 +0000] "POST /create_user HTTP/1.1" 201 74 "-" "PostmanRuntime/7.31.0"
::ffff:192.168.15.161 - - [22/Feb/2023:05:05:16 +0000] "GET /api/user/getall HTTP/1.1" 200 1528 "http://localhost:3000/user" "Mozilla/5.0 (Windows NT 10.0; Win64; x64) AppleWebKit/537.36 (KHTML, like Gecko) Chrome/110.0.0.0 Safari/537.36"
::ffff:192.168.15.161 - - [22/Feb/2023:05:05:16 +0000] "GET /api/user/getall HTTP/1.1" 304 - "http://localhost:3000/user" "Mozilla/5.0 (Windows NT 10.0; Win64; x64) AppleWebKit/537.36 (KHTML, like Gecko) Chrome/110.0.0.0 Safari/537.36"
::ffff:192.168.15.161 - - [22/Feb/2023:05:05:31 +0000] "POST /login HTTP/1.1" 404 58 "http://localhost:3000/login" "Mozilla/5.0 (Windows NT 10.0; Win64; x64) AppleWebKit/537.36 (KHTML, like Gecko) Chrome/110.0.0.0 Safari/537.36"
::ffff:192.168.15.161 - - [22/Feb/2023:05:05:56 +0000] "GET /api/user/getall HTTP/1.1" 304 - "http://localhost:3000/user" "Mozilla/5.0 (Windows NT 10.0; Win64; x64) AppleWebKit/537.36 (KHTML, like Gecko) Chrome/110.0.0.0 Safari/537.36"
::ffff:192.168.15.161 - - [22/Feb/2023:05:05:56 +0000] "GET /api/user/getall HTTP/1.1" 304 - "http://localhost:3000/user" "Mozilla/5.0 (Windows NT 10.0; Win64; x64) AppleWebKit/537.36 (KHTML, like Gecko) Chrome/110.0.0.0 Safari/537.36"
::ffff:192.168.15.161 - - [22/Feb/2023:05:05:58 +0000] "GET /create_user HTTP/1.1" 404 150 "http://localhost:3000/user/add" "Mozilla/5.0 (Windows NT 10.0; Win64; x64) AppleWebKit/537.36 (KHTML, like Gecko) Chrome/110.0.0.0 Safari/537.36"
::ffff:192.168.15.161 - - [22/Feb/2023:05:05:58 +0000] "GET /create_user HTTP/1.1" 404 150 "http://localhost:3000/user/add" "Mozilla/5.0 (Windows NT 10.0; Win64; x64) AppleWebKit/537.36 (KHTML, like Gecko) Chrome/110.0.0.0 Safari/537.36"
::ffff:192.168.15.161 - - [22/Feb/2023:05:05:59 +0000] "GET /api/user/getall HTTP/1.1" 304 - "http://localhost:3000/user" "Mozilla/5.0 (Windows NT 10.0; Win64; x64) AppleWebKit/537.36 (KHTML, like Gecko) Chrome/110.0.0.0 Safari/537.36"
::ffff:192.168.15.161 - - [22/Feb/2023:05:05:59 +0000] "GET /api/user/getall HTTP/1.1" 304 - "http://localhost:3000/user" "Mozilla/5.0 (Windows NT 10.0; Win64; x64) AppleWebKit/537.36 (KHTML, like Gecko) Chrome/110.0.0.0 Safari/537.36"
::ffff:192.168.15.161 - - [22/Feb/2023:05:06:03 +0000] "GET /create_user HTTP/1.1" 404 150 "http://localhost:3000/user/add" "Mozilla/5.0 (Windows NT 10.0; Win64; x64) AppleWebKit/537.36 (KHTML, like Gecko) Chrome/110.0.0.0 Safari/537.36"
::ffff:192.168.15.161 - - [22/Feb/2023:05:06:03 +0000] "GET /create_user HTTP/1.1" 404 150 "http://localhost:3000/user/add" "Mozilla/5.0 (Windows NT 10.0; Win64; x64) AppleWebKit/537.36 (KHTML, like Gecko) Chrome/110.0.0.0 Safari/537.36"
::ffff:192.168.15.161 - - [22/Feb/2023:05:06:12 +0000] "POST /create_user HTTP/1.1" 201 74 "http://localhost:3000/user/add" "Mozilla/5.0 (Windows NT 10.0; Win64; x64) AppleWebKit/537.36 (KHTML, like Gecko) Chrome/110.0.0.0 Safari/537.36"
::ffff:192.168.15.161 - - [22/Feb/2023:05:06:16 +0000] "GET /api/user/getall HTTP/1.1" 200 1715 "http://localhost:3000/user" "Mozilla/5.0 (Windows NT 10.0; Win64; x64) AppleWebKit/537.36 (KHTML, like Gecko) Chrome/110.0.0.0 Safari/537.36"
::ffff:192.168.15.161 - - [22/Feb/2023:05:06:16 +0000] "GET /api/user/getall HTTP/1.1" 304 - "http://localhost:3000/user" "Mozilla/5.0 (Windows NT 10.0; Win64; x64) AppleWebKit/537.36 (KHTML, like Gecko) Chrome/110.0.0.0 Safari/537.36"
::ffff:192.168.15.205 - - [22/Feb/2023:05:06:29 +0000] "GET /api/user/getall HTTP/1.1" 200 1715 "-" "PostmanRuntime/7.31.0"
::ffff:192.168.15.161 - - [22/Feb/2023:05:06:32 +0000] "POST /login HTTP/1.1" 404 58 "http://localhost:3000/login" "Mozilla/5.0 (Windows NT 10.0; Win64; x64) AppleWebKit/537.36 (KHTML, like Gecko) Chrome/110.0.0.0 Safari/537.36"
::ffff:192.168.15.161 - - [22/Feb/2023:05:06:54 +0000] "POST /login HTTP/1.1" 200 55 "http://localhost:3000/login" "Mozilla/5.0 (Windows NT 10.0; Win64; x64) AppleWebKit/537.36 (KHTML, like Gecko) Chrome/110.0.0.0 Safari/537.36"
::ffff:192.168.15.161 - - [22/Feb/2023:05:07:19 +0000] "POST /login HTTP/1.1" 200 55 "http://localhost:3000/login" "Mozilla/5.0 (Windows NT 10.0; Win64; x64) AppleWebKit/537.36 (KHTML, like Gecko) Chrome/110.0.0.0 Safari/537.36"
::ffff:192.168.15.161 - - [22/Feb/2023:05:07:19 +0000] "GET /api/user/getall HTTP/1.1" 304 - "http://localhost:3000/user" "Mozilla/5.0 (Windows NT 10.0; Win64; x64) AppleWebKit/537.36 (KHTML, like Gecko) Chrome/110.0.0.0 Safari/537.36"
::ffff:192.168.15.161 - - [22/Feb/2023:05:07:19 +0000] "GET /api/user/getall HTTP/1.1" 304 - "http://localhost:3000/user" "Mozilla/5.0 (Windows NT 10.0; Win64; x64) AppleWebKit/537.36 (KHTML, like Gecko) Chrome/110.0.0.0 Safari/537.36"
::ffff:192.168.15.161 - - [22/Feb/2023:05:08:54 +0000] "GET /create_user HTTP/1.1" 404 150 "http://localhost:3000/user/add" "Mozilla/5.0 (Windows NT 10.0; Win64; x64) AppleWebKit/537.36 (KHTML, like Gecko) Chrome/110.0.0.0 Safari/537.36"
::ffff:192.168.15.161 - - [22/Feb/2023:05:08:54 +0000] "GET /create_user HTTP/1.1" 404 150 "http://localhost:3000/user/add" "Mozilla/5.0 (Windows NT 10.0; Win64; x64) AppleWebKit/537.36 (KHTML, like Gecko) Chrome/110.0.0.0 Safari/537.36"
::ffff:192.168.15.161 - - [22/Feb/2023:05:08:59 +0000] "POST /create_user HTTP/1.1" 201 74 "http://localhost:3000/user/add" "Mozilla/5.0 (Windows NT 10.0; Win64; x64) AppleWebKit/537.36 (KHTML, like Gecko) Chrome/110.0.0.0 Safari/537.36"
::ffff:192.168.15.161 - - [22/Feb/2023:05:09:02 +0000] "GET /api/user/getall HTTP/1.1" 200 1902 "http://localhost:3000/user" "Mozilla/5.0 (Windows NT 10.0; Win64; x64) AppleWebKit/537.36 (KHTML, like Gecko) Chrome/110.0.0.0 Safari/537.36"
::ffff:192.168.15.161 - - [22/Feb/2023:05:09:02 +0000] "GET /api/user/getall HTTP/1.1" 304 - "http://localhost:3000/user" "Mozilla/5.0 (Windows NT 10.0; Win64; x64) AppleWebKit/537.36 (KHTML, like Gecko) Chrome/110.0.0.0 Safari/537.36"
::ffff:192.168.15.161 - - [22/Feb/2023:05:10:15 +0000] "GET /api/user/getall HTTP/1.1" 304 - "http://localhost:3000/user" "Mozilla/5.0 (Windows NT 10.0; Win64; x64) AppleWebKit/537.36 (KHTML, like Gecko) Chrome/110.0.0.0 Safari/537.36"
::ffff:192.168.15.161 - - [22/Feb/2023:05:10:15 +0000] "GET /api/user/getall HTTP/1.1" 304 - "http://localhost:3000/user" "Mozilla/5.0 (Windows NT 10.0; Win64; x64) AppleWebKit/537.36 (KHTML, like Gecko) Chrome/110.0.0.0 Safari/537.36"
::ffff:192.168.15.205 - - [22/Feb/2023:05:11:49 +0000] "GET /api/user/getall HTTP/1.1" 200 1902 "-" "PostmanRuntime/7.31.0"
::ffff:192.168.15.161 - - [22/Feb/2023:05:11:50 +0000] "GET /api/user/getall HTTP/1.1" 304 - "http://localhost:3000/user" "Mozilla/5.0 (Windows NT 10.0; Win64; x64) AppleWebKit/537.36 (KHTML, like Gecko) Chrome/110.0.0.0 Safari/537.36"
::ffff:192.168.15.161 - - [22/Feb/2023:05:11:59 +0000] "GET /api/user/getall HTTP/1.1" 304 - "http://localhost:3000/user" "Mozilla/5.0 (Windows NT 10.0; Win64; x64) AppleWebKit/537.36 (KHTML, like Gecko) Chrome/110.0.0.0 Safari/537.36"
::ffff:192.168.15.205 - - [22/Feb/2023:05:12:06 +0000] "POST /login HTTP/1.1" 404 58 "-" "PostmanRuntime/7.31.0"
::ffff:192.168.15.205 - - [22/Feb/2023:05:12:47 +0000] "POST /login HTTP/1.1" 200 55 "-" "PostmanRuntime/7.31.0"
::ffff:192.168.15.205 - - [22/Feb/2023:05:13:00 +0000] "POST /login HTTP/1.1" 404 58 "-" "PostmanRuntime/7.31.0"
::ffff:192.168.15.205 - - [22/Feb/2023:05:13:03 +0000] "POST /login HTTP/1.1" 200 55 "-" "PostmanRuntime/7.31.0"
::ffff:192.168.15.205 - - [22/Feb/2023:05:13:09 +0000] "POST /login HTTP/1.1" 404 58 "-" "PostmanRuntime/7.31.0"
::ffff:192.168.15.205 - - [22/Feb/2023:05:13:13 +0000] "POST /login HTTP/1.1" 200 55 "-" "PostmanRuntime/7.31.0"
::ffff:192.168.15.161 - - [22/Feb/2023:05:13:14 +0000] "GET /api/user/getall HTTP/1.1" 304 - "http://localhost:3000/user" "Mozilla/5.0 (Windows NT 10.0; Win64; x64) AppleWebKit/537.36 (KHTML, like Gecko) Chrome/110.0.0.0 Safari/537.36"
::ffff:192.168.15.161 - - [22/Feb/2023:05:14:10 +0000] "GET /create_user HTTP/1.1" 404 150 "http://localhost:3000/user/add" "Mozilla/5.0 (Windows NT 10.0; Win64; x64) AppleWebKit/537.36 (KHTML, like Gecko) Chrome/110.0.0.0 Safari/537.36"
::ffff:192.168.15.161 - - [22/Feb/2023:05:14:10 +0000] "GET /create_user HTTP/1.1" 404 150 "http://localhost:3000/user/add" "Mozilla/5.0 (Windows NT 10.0; Win64; x64) AppleWebKit/537.36 (KHTML, like Gecko) Chrome/110.0.0.0 Safari/537.36"
::ffff:192.168.15.161 - - [22/Feb/2023:05:14:18 +0000] "POST /create_user HTTP/1.1" 409 59 "http://localhost:3000/user/add" "Mozilla/5.0 (Windows NT 10.0; Win64; x64) AppleWebKit/537.36 (KHTML, like Gecko) Chrome/110.0.0.0 Safari/537.36"
::ffff:192.168.15.161 - - [22/Feb/2023:05:14:28 +0000] "GET /api/user/getall HTTP/1.1" 304 - "http://localhost:3000/user" "Mozilla/5.0 (Windows NT 10.0; Win64; x64) AppleWebKit/537.36 (KHTML, like Gecko) Chrome/110.0.0.0 Safari/537.36"
::ffff:192.168.15.161 - - [22/Feb/2023:05:14:28 +0000] "GET /api/user/getall HTTP/1.1" 304 - "http://localhost:3000/user" "Mozilla/5.0 (Windows NT 10.0; Win64; x64) AppleWebKit/537.36 (KHTML, like Gecko) Chrome/110.0.0.0 Safari/537.36"
::ffff:192.168.15.161 - - [22/Feb/2023:05:14:38 +0000] "GET /create_user HTTP/1.1" 404 150 "http://localhost:3000/user/add" "Mozilla/5.0 (Windows NT 10.0; Win64; x64) AppleWebKit/537.36 (KHTML, like Gecko) Chrome/110.0.0.0 Safari/537.36"
::ffff:192.168.15.161 - - [22/Feb/2023:05:14:38 +0000] "GET /create_user HTTP/1.1" 404 150 "http://localhost:3000/user/add" "Mozilla/5.0 (Windows NT 10.0; Win64; x64) AppleWebKit/537.36 (KHTML, like Gecko) Chrome/110.0.0.0 Safari/537.36"
::ffff:192.168.15.161 - - [22/Feb/2023:05:14:43 +0000] "POST /create_user HTTP/1.1" 409 59 "http://localhost:3000/user/add" "Mozilla/5.0 (Windows NT 10.0; Win64; x64) AppleWebKit/537.36 (KHTML, like Gecko) Chrome/110.0.0.0 Safari/537.36"
::ffff:192.168.15.161 - - [22/Feb/2023:05:14:46 +0000] "GET /api/user/getall HTTP/1.1" 304 - "http://localhost:3000/user" "Mozilla/5.0 (Windows NT 10.0; Win64; x64) AppleWebKit/537.36 (KHTML, like Gecko) Chrome/110.0.0.0 Safari/537.36"
::ffff:192.168.15.161 - - [22/Feb/2023:05:14:47 +0000] "GET /api/user/getall HTTP/1.1" 304 - "http://localhost:3000/user" "Mozilla/5.0 (Windows NT 10.0; Win64; x64) AppleWebKit/537.36 (KHTML, like Gecko) Chrome/110.0.0.0 Safari/537.36"
::ffff:192.168.15.205 - - [22/Feb/2023:05:16:11 +0000] "POST /login HTTP/1.1" 404 58 "-" "PostmanRuntime/7.31.0"
::ffff:192.168.15.205 - - [22/Feb/2023:05:16:15 +0000] "POST /login HTTP/1.1" 404 55 "-" "PostmanRuntime/7.31.0"
::ffff:192.168.15.205 - - [22/Feb/2023:05:19:37 +0000] "POST /login HTTP/1.1" 404 55 "-" "PostmanRuntime/7.31.0"
::ffff:192.168.15.205 - - [22/Feb/2023:05:20:52 +0000] "GET /api/user/getall HTTP/1.1" 200 1902 "-" "PostmanRuntime/7.31.0"
::ffff:192.168.15.205 - - [22/Feb/2023:05:21:02 +0000] "POST /login HTTP/1.1" 200 55 "-" "PostmanRuntime/7.31.0"
::ffff:192.168.15.205 - - [22/Feb/2023:05:21:34 +0000] "POST /login HTTP/1.1" 404 58 "-" "PostmanRuntime/7.31.0"
::ffff:192.168.15.205 - - [22/Feb/2023:05:21:47 +0000] "POST /login HTTP/1.1" 404 55 "-" "PostmanRuntime/7.31.0"
::ffff:192.168.15.205 - - [22/Feb/2023:05:22:14 +0000] "GET /api/user/getall HTTP/1.1" 200 1902 "-" "PostmanRuntime/7.31.0"
::ffff:192.168.15.205 - - [22/Feb/2023:05:23:11 +0000] "GET /api/user/getall HTTP/1.1" 200 1902 "-" "PostmanRuntime/7.31.0"
::ffff:192.168.15.205 - - [22/Feb/2023:06:25:49 +0000] "POST /login HTTP/1.1" 200 16 "-" "PostmanRuntime/7.31.0"
::ffff:192.168.15.161 - - [22/Feb/2023:06:25:55 +0000] "GET /api/user/getall HTTP/1.1" 200 1902 "http://localhost:3000/user" "Mozilla/5.0 (Windows NT 10.0; Win64; x64) AppleWebKit/537.36 (KHTML, like Gecko) Chrome/110.0.0.0 Safari/537.36"
::ffff:192.168.15.161 - - [22/Feb/2023:06:25:55 +0000] "GET /api/user/getall HTTP/1.1" 304 - "http://localhost:3000/user" "Mozilla/5.0 (Windows NT 10.0; Win64; x64) AppleWebKit/537.36 (KHTML, like Gecko) Chrome/110.0.0.0 Safari/537.36"
::ffff:192.168.15.205 - - [22/Feb/2023:06:26:05 +0000] "GET /api/user/getall HTTP/1.1" 200 1902 "-" "PostmanRuntime/7.31.0"
::ffff:192.168.15.205 - - [22/Feb/2023:06:27:54 +0000] "GET /api/user/getall HTTP/1.1" 200 1902 "-" "PostmanRuntime/7.31.0"
::ffff:192.168.15.205 - - [22/Feb/2023:06:27:56 +0000] "POST /login HTTP/1.1" 200 55 "-" "PostmanRuntime/7.31.0"
::ffff:192.168.15.205 - - [22/Feb/2023:06:28:19 +0000] "PUT /api/user/active HTTP/1.1" 500 56 "-" "PostmanRuntime/7.31.0"
::ffff:192.168.15.205 - - [22/Feb/2023:06:28:57 +0000] "PUT /api/user/active HTTP/1.1" 500 56 "-" "PostmanRuntime/7.31.0"
::ffff:192.168.15.161 - - [22/Feb/2023:06:29:11 +0000] "GET /create_user HTTP/1.1" 404 150 "http://localhost:3000/user/add" "Mozilla/5.0 (Windows NT 10.0; Win64; x64) AppleWebKit/537.36 (KHTML, like Gecko) Chrome/110.0.0.0 Safari/537.36"
::ffff:192.168.15.161 - - [22/Feb/2023:06:29:11 +0000] "GET /create_user HTTP/1.1" 404 150 "http://localhost:3000/user/add" "Mozilla/5.0 (Windows NT 10.0; Win64; x64) AppleWebKit/537.36 (KHTML, like Gecko) Chrome/110.0.0.0 Safari/537.36"
::ffff:192.168.15.161 - - [22/Feb/2023:06:29:14 +0000] "GET /api/user/getall HTTP/1.1" 304 - "http://localhost:3000/user" "Mozilla/5.0 (Windows NT 10.0; Win64; x64) AppleWebKit/537.36 (KHTML, like Gecko) Chrome/110.0.0.0 Safari/537.36"
::ffff:192.168.15.161 - - [22/Feb/2023:06:29:14 +0000] "GET /api/user/getall HTTP/1.1" 304 - "http://localhost:3000/user" "Mozilla/5.0 (Windows NT 10.0; Win64; x64) AppleWebKit/537.36 (KHTML, like Gecko) Chrome/110.0.0.0 Safari/537.36"
::ffff:192.168.15.161 - - [22/Feb/2023:06:29:17 +0000] "GET /create_user HTTP/1.1" 404 150 "http://localhost:3000/user/add" "Mozilla/5.0 (Windows NT 10.0; Win64; x64) AppleWebKit/537.36 (KHTML, like Gecko) Chrome/110.0.0.0 Safari/537.36"
::ffff:192.168.15.161 - - [22/Feb/2023:06:29:17 +0000] "GET /create_user HTTP/1.1" 404 150 "http://localhost:3000/user/add" "Mozilla/5.0 (Windows NT 10.0; Win64; x64) AppleWebKit/537.36 (KHTML, like Gecko) Chrome/110.0.0.0 Safari/537.36"
::ffff:192.168.15.161 - - [22/Feb/2023:06:29:22 +0000] "POST /create_user HTTP/1.1" 409 59 "http://localhost:3000/user/add" "Mozilla/5.0 (Windows NT 10.0; Win64; x64) AppleWebKit/537.36 (KHTML, like Gecko) Chrome/110.0.0.0 Safari/537.36"
::ffff:192.168.15.161 - - [22/Feb/2023:06:29:27 +0000] "POST /create_user HTTP/1.1" 409 59 "http://localhost:3000/user/add" "Mozilla/5.0 (Windows NT 10.0; Win64; x64) AppleWebKit/537.36 (KHTML, like Gecko) Chrome/110.0.0.0 Safari/537.36"
::ffff:192.168.15.161 - - [22/Feb/2023:06:29:30 +0000] "POST /create_user HTTP/1.1" 409 59 "http://localhost:3000/user/add" "Mozilla/5.0 (Windows NT 10.0; Win64; x64) AppleWebKit/537.36 (KHTML, like Gecko) Chrome/110.0.0.0 Safari/537.36"
::ffff:192.168.15.161 - - [22/Feb/2023:06:29:33 +0000] "POST /create_user HTTP/1.1" 409 59 "http://localhost:3000/user/add" "Mozilla/5.0 (Windows NT 10.0; Win64; x64) AppleWebKit/537.36 (KHTML, like Gecko) Chrome/110.0.0.0 Safari/537.36"
::ffff:192.168.15.161 - - [22/Feb/2023:06:29:36 +0000] "POST /create_user HTTP/1.1" 409 59 "http://localhost:3000/user/add" "Mozilla/5.0 (Windows NT 10.0; Win64; x64) AppleWebKit/537.36 (KHTML, like Gecko) Chrome/110.0.0.0 Safari/537.36"
::ffff:192.168.15.161 - - [22/Feb/2023:06:29:39 +0000] "GET /api/user/getall HTTP/1.1" 304 - "http://localhost:3000/user" "Mozilla/5.0 (Windows NT 10.0; Win64; x64) AppleWebKit/537.36 (KHTML, like Gecko) Chrome/110.0.0.0 Safari/537.36"
::ffff:192.168.15.161 - - [22/Feb/2023:06:29:39 +0000] "GET /api/user/getall HTTP/1.1" 304 - "http://localhost:3000/user" "Mozilla/5.0 (Windows NT 10.0; Win64; x64) AppleWebKit/537.36 (KHTML, like Gecko) Chrome/110.0.0.0 Safari/537.36"
::ffff:192.168.15.161 - - [22/Feb/2023:06:30:08 +0000] "GET /create_user HTTP/1.1" 404 150 "http://localhost:3000/user/add" "Mozilla/5.0 (Windows NT 10.0; Win64; x64) AppleWebKit/537.36 (KHTML, like Gecko) Chrome/110.0.0.0 Safari/537.36"
::ffff:192.168.15.161 - - [22/Feb/2023:06:30:08 +0000] "GET /create_user HTTP/1.1" 404 150 "http://localhost:3000/user/add" "Mozilla/5.0 (Windows NT 10.0; Win64; x64) AppleWebKit/537.36 (KHTML, like Gecko) Chrome/110.0.0.0 Safari/537.36"
::ffff:192.168.15.161 - - [22/Feb/2023:06:30:14 +0000] "POST /create_user HTTP/1.1" 201 74 "http://localhost:3000/user/add" "Mozilla/5.0 (Windows NT 10.0; Win64; x64) AppleWebKit/537.36 (KHTML, like Gecko) Chrome/110.0.0.0 Safari/537.36"
::ffff:192.168.15.161 - - [22/Feb/2023:06:30:17 +0000] "GET /api/user/getall HTTP/1.1" 200 2089 "http://localhost:3000/user" "Mozilla/5.0 (Windows NT 10.0; Win64; x64) AppleWebKit/537.36 (KHTML, like Gecko) Chrome/110.0.0.0 Safari/537.36"
::ffff:192.168.15.161 - - [22/Feb/2023:06:30:18 +0000] "GET /api/user/getall HTTP/1.1" 304 - "http://localhost:3000/user" "Mozilla/5.0 (Windows NT 10.0; Win64; x64) AppleWebKit/537.36 (KHTML, like Gecko) Chrome/110.0.0.0 Safari/537.36"
::ffff:192.168.15.205 - - [22/Feb/2023:06:30:43 +0000] "PUT /api/user/active HTTP/1.1" 201 55 "-" "PostmanRuntime/7.31.0"
::ffff:192.168.15.161 - - [22/Feb/2023:06:30:53 +0000] "GET /api/user/getall HTTP/1.1" 200 2089 "http://localhost:3000/user" "Mozilla/5.0 (Windows NT 10.0; Win64; x64) AppleWebKit/537.36 (KHTML, like Gecko) Chrome/110.0.0.0 Safari/537.36"
::ffff:192.168.15.161 - - [22/Feb/2023:06:30:53 +0000] "GET /api/user/getall HTTP/1.1" 304 - "http://localhost:3000/user" "Mozilla/5.0 (Windows NT 10.0; Win64; x64) AppleWebKit/537.36 (KHTML, like Gecko) Chrome/110.0.0.0 Safari/537.36"
::ffff:192.168.15.205 - - [22/Feb/2023:06:32:18 +0000] "GET /api/user/getall HTTP/1.1" 200 2089 "-" "PostmanRuntime/7.31.0"
::ffff:192.168.15.205 - - [22/Feb/2023:06:34:52 +0000] "POST /login HTTP/1.1" 200 55 "-" "PostmanRuntime/7.31.0"
::ffff:192.168.15.205 - - [22/Feb/2023:06:34:56 +0000] "POST /login HTTP/1.1" 200 66 "-" "PostmanRuntime/7.31.0"
::ffff:192.168.15.205 - - [22/Feb/2023:06:35:03 +0000] "POST /login HTTP/1.1" 200 55 "-" "PostmanRuntime/7.31.0"
::ffff:192.168.15.161 - - [22/Feb/2023:06:35:15 +0000] "GET /api/user/getall HTTP/1.1" 200 2089 "-" "PostmanRuntime/7.31.0"
::ffff:192.168.15.161 - - [22/Feb/2023:06:36:23 +0000] "GET /api/user/getall HTTP/1.1" 304 - "http://localhost:3000/user" "Mozilla/5.0 (Windows NT 10.0; Win64; x64) AppleWebKit/537.36 (KHTML, like Gecko) Chrome/110.0.0.0 Safari/537.36"
::ffff:192.168.15.161 - - [22/Feb/2023:06:37:54 +0000] "GET /api/user/getall HTTP/1.1" 304 - "http://localhost:3000/user" "Mozilla/5.0 (Windows NT 10.0; Win64; x64) AppleWebKit/537.36 (KHTML, like Gecko) Chrome/110.0.0.0 Safari/537.36"
::ffff:192.168.15.161 - - [22/Feb/2023:06:39:21 +0000] "GET /api/user/getall HTTP/1.1" 200 2089 "http://localhost:3000/user" "Mozilla/5.0 (Windows NT 10.0; Win64; x64) AppleWebKit/537.36 (KHTML, like Gecko) Chrome/110.0.0.0 Safari/537.36"
::ffff:192.168.15.205 - - [22/Feb/2023:06:40:03 +0000] "PUT /api/user/active HTTP/1.1" 201 55 "-" "PostmanRuntime/7.31.0"
::ffff:192.168.15.205 - - [22/Feb/2023:06:40:05 +0000] "GET /api/user/getall HTTP/1.1" 200 2089 "-" "PostmanRuntime/7.31.0"
::ffff:192.168.15.205 - - [22/Feb/2023:06:40:14 +0000] "PUT /api/user/active HTTP/1.1" 201 55 "-" "PostmanRuntime/7.31.0"
::ffff:192.168.15.205 - - [22/Feb/2023:06:40:17 +0000] "GET /api/user/getall HTTP/1.1" 200 2089 "-" "PostmanRuntime/7.31.0"
::ffff:192.168.15.161 - - [22/Feb/2023:06:40:19 +0000] "GET /api/user/getall HTTP/1.1" 200 2089 "http://localhost:3000/user" "Mozilla/5.0 (Windows NT 10.0; Win64; x64) AppleWebKit/537.36 (KHTML, like Gecko) Chrome/110.0.0.0 Safari/537.36"
::ffff:192.168.15.161 - - [22/Feb/2023:06:40:45 +0000] "GET /api/user/getall HTTP/1.1" 304 - "http://localhost:3000/user" "Mozilla/5.0 (Windows NT 10.0; Win64; x64) AppleWebKit/537.36 (KHTML, like Gecko) Chrome/110.0.0.0 Safari/537.36"
::ffff:192.168.15.205 - - [22/Feb/2023:06:42:08 +0000] "GET /api/user/getall HTTP/1.1" 200 2089 "-" "PostmanRuntime/7.31.0"
::ffff:192.168.15.205 - - [22/Feb/2023:06:45:41 +0000] "GET /api/tables/getall HTTP/1.1" 200 120 "-" "PostmanRuntime/7.31.0"
::ffff:192.168.15.161 - - [22/Feb/2023:06:47:16 +0000] "GET /api/user/getall HTTP/1.1" 304 - "http://localhost:3000/user" "Mozilla/5.0 (Windows NT 10.0; Win64; x64) AppleWebKit/537.36 (KHTML, like Gecko) Chrome/110.0.0.0 Safari/537.36"
::ffff:192.168.15.161 - - [22/Feb/2023:06:47:16 +0000] "GET /api/user/getall HTTP/1.1" 304 - "http://localhost:3000/user" "Mozilla/5.0 (Windows NT 10.0; Win64; x64) AppleWebKit/537.36 (KHTML, like Gecko) Chrome/110.0.0.0 Safari/537.36"
::ffff:192.168.15.161 - - [22/Feb/2023:06:48:25 +0000] "GET /api/user/getall HTTP/1.1" 304 - "http://localhost:3000/user" "Mozilla/5.0 (Windows NT 10.0; Win64; x64) AppleWebKit/537.36 (KHTML, like Gecko) Chrome/110.0.0.0 Safari/537.36"
::ffff:192.168.15.205 - - [22/Feb/2023:06:50:52 +0000] "POST /api/table/create/field HTTP/1.1" 200 71 "-" "PostmanRuntime/7.31.0"
::ffff:192.168.15.161 - - [22/Feb/2023:06:51:03 +0000] "GET /api/user/getall HTTP/1.1" 200 2089 "http://localhost:3000/user" "Mozilla/5.0 (Windows NT 10.0; Win64; x64) AppleWebKit/537.36 (KHTML, like Gecko) Chrome/110.0.0.0 Safari/537.36"
::ffff:192.168.15.205 - - [22/Feb/2023:06:51:09 +0000] "POST /api/table/create/field HTTP/1.1" 200 184 "-" "PostmanRuntime/7.31.0"
::ffff:192.168.15.205 - - [22/Feb/2023:06:52:03 +0000] "POST /api/table/create/field HTTP/1.1" 200 63 "-" "PostmanRuntime/7.31.0"
::ffff:192.168.15.205 - - [22/Feb/2023:06:52:08 +0000] "POST /api/table/create/field HTTP/1.1" 200 63 "-" "PostmanRuntime/7.31.0"
::ffff:192.168.15.205 - - [22/Feb/2023:06:52:11 +0000] "POST /api/table/create/field HTTP/1.1" 200 193 "-" "PostmanRuntime/7.31.0"
::ffff:192.168.15.161 - - [22/Feb/2023:06:53:01 +0000] "GET /api/user/getall HTTP/1.1" 304 - "http://localhost:3000/user" "Mozilla/5.0 (Windows NT 10.0; Win64; x64) AppleWebKit/537.36 (KHTML, like Gecko) Chrome/110.0.0.0 Safari/537.36"
::ffff:192.168.15.161 - - [22/Feb/2023:06:53:52 +0000] "GET /api/user/getall HTTP/1.1" 304 - "http://localhost:3000/user" "Mozilla/5.0 (Windows NT 10.0; Win64; x64) AppleWebKit/537.36 (KHTML, like Gecko) Chrome/110.0.0.0 Safari/537.36"
::ffff:192.168.15.205 - - [22/Feb/2023:06:54:46 +0000] "POST /api/tables/create HTTP/1.1" 200 64 "-" "PostmanRuntime/7.31.0"
::ffff:192.168.15.161 - - [22/Feb/2023:06:55:12 +0000] "GET /api/user/getall HTTP/1.1" 200 2089 "-" "PostmanRuntime/7.31.0"
::ffff:192.168.15.161 - - [22/Feb/2023:06:55:49 +0000] "GET /api/user/getall HTTP/1.1" 200 2089 "-" "PostmanRuntime/7.31.0"
::ffff:192.168.15.161 - - [22/Feb/2023:06:55:54 +0000] "GET /api/user/getall HTTP/1.1" 200 2089 "-" "PostmanRuntime/7.31.0"
::ffff:192.168.15.205 - - [22/Feb/2023:06:56:06 +0000] "POST /api/tables/create HTTP/1.1" 200 110 "-" "PostmanRuntime/7.31.0"
